../Middlewares/Third_Party/QuantumLeaps_RTEF_qpc/src/qf/qep_msm.c:425:6:QMsm_isIn_	0	static
../Middlewares/Third_Party/QuantumLeaps_RTEF_qpc/src/qf/qep_msm.c:473:15:QMsm_getStateHandler_	0	static
../Middlewares/Third_Party/QuantumLeaps_RTEF_qpc/src/qf/qep_msm.c:304:15:QMsm_execTatbl_.isra	16	static
../Middlewares/Third_Party/QuantumLeaps_RTEF_qpc/src/qf/qep_msm.c:156:6:QMsm_init_	8	static
../Middlewares/Third_Party/QuantumLeaps_RTEF_qpc/src/qf/qep_msm.c:202:6:QMsm_dispatch_	56	static
../Middlewares/Third_Party/QuantumLeaps_RTEF_qpc/src/qf/qep_msm.c:139:6:QMsm_ctor	0	static
../Middlewares/Third_Party/QuantumLeaps_RTEF_qpc/src/qf/qep_msm.c:419:17:QMsm_topQMState	0	static
../Middlewares/Third_Party/QuantumLeaps_RTEF_qpc/src/qf/qep_msm.c:441:17:QMsm_childStateObj	8	static
../Middlewares/Third_Party/QuantumLeaps_RTEF_qpc/src/qf/qep_msm.c:467:16:QMsm_stateObj	0	static
