../Middlewares/Third_Party/QuantumLeaps_RTEF_qpc/src/qf/qf_actq.c:420:6:QTicker_init_	8	static
../Middlewares/Third_Party/QuantumLeaps_RTEF_qpc/src/qf/qf_actq.c:441:6:QTicker_dispatch_	16	static
../Middlewares/Third_Party/QuantumLeaps_RTEF_qpc/src/qf/qf_actq.c:50:6:QActive_post_	16	static,ignoring_inline_asm
../Middlewares/Third_Party/QuantumLeaps_RTEF_qpc/src/qf/qf_actq.c:128:6:QActive_postLIFO_	16	static,ignoring_inline_asm
../Middlewares/Third_Party/QuantumLeaps_RTEF_qpc/src/qf/qf_actq.c:202:14:QActive_get_	16	static
../Middlewares/Third_Party/QuantumLeaps_RTEF_qpc/src/qf/qf_actq.c:323:10:QActive_getQueueUse	16	static
../Middlewares/Third_Party/QuantumLeaps_RTEF_qpc/src/qf/qf_actq.c:357:10:QActive_getQueueFree	8	static
../Middlewares/Third_Party/QuantumLeaps_RTEF_qpc/src/qf/qf_actq.c:377:10:QActive_getQueueMin	8	static
../Middlewares/Third_Party/QuantumLeaps_RTEF_qpc/src/qf/qf_actq.c:401:6:QTicker_ctor	16	static
../Middlewares/Third_Party/QuantumLeaps_RTEF_qpc/src/qf/qf_actq.c:471:6:QTicker_trig_	16	static,ignoring_inline_asm
