Archive member included to satisfy reference by file (symbol)

M:/embedded/IDE/STM32CubeIDE_1.19.0/STM32CubeIDE/plugins/com.st.stm32cube.ide.mcu.externaltools.gnu-tools-for-stm32.13.3.rel1.win32_1.0.0.202411081344/tools/bin/../lib/gcc/arm-none-eabi/13.3.1/../../../../arm-none-eabi/lib/thumb/v6-m/nofp\libc_nano.a(libc_a-exit.o)
                              M:/embedded/IDE/STM32CubeIDE_1.19.0/STM32CubeIDE/plugins/com.st.stm32cube.ide.mcu.externaltools.gnu-tools-for-stm32.13.3.rel1.win32_1.0.0.202411081344/tools/bin/../lib/gcc/arm-none-eabi/13.3.1/../../../../arm-none-eabi/lib/thumb/v6-m/nofp/crt0.o (exit)
M:/embedded/IDE/STM32CubeIDE_1.19.0/STM32CubeIDE/plugins/com.st.stm32cube.ide.mcu.externaltools.gnu-tools-for-stm32.13.3.rel1.win32_1.0.0.202411081344/tools/bin/../lib/gcc/arm-none-eabi/13.3.1/../../../../arm-none-eabi/lib/thumb/v6-m/nofp\libc_nano.a(libc_a-findfp.o)
                              M:/embedded/IDE/STM32CubeIDE_1.19.0/STM32CubeIDE/plugins/com.st.stm32cube.ide.mcu.externaltools.gnu-tools-for-stm32.13.3.rel1.win32_1.0.0.202411081344/tools/bin/../lib/gcc/arm-none-eabi/13.3.1/../../../../arm-none-eabi/lib/thumb/v6-m/nofp\libc_nano.a(libc_a-exit.o) (__stdio_exit_handler)
M:/embedded/IDE/STM32CubeIDE_1.19.0/STM32CubeIDE/plugins/com.st.stm32cube.ide.mcu.externaltools.gnu-tools-for-stm32.13.3.rel1.win32_1.0.0.202411081344/tools/bin/../lib/gcc/arm-none-eabi/13.3.1/../../../../arm-none-eabi/lib/thumb/v6-m/nofp\libc_nano.a(libc_a-fwalk.o)
                              M:/embedded/IDE/STM32CubeIDE_1.19.0/STM32CubeIDE/plugins/com.st.stm32cube.ide.mcu.externaltools.gnu-tools-for-stm32.13.3.rel1.win32_1.0.0.202411081344/tools/bin/../lib/gcc/arm-none-eabi/13.3.1/../../../../arm-none-eabi/lib/thumb/v6-m/nofp\libc_nano.a(libc_a-findfp.o) (_fwalk_sglue)
M:/embedded/IDE/STM32CubeIDE_1.19.0/STM32CubeIDE/plugins/com.st.stm32cube.ide.mcu.externaltools.gnu-tools-for-stm32.13.3.rel1.win32_1.0.0.202411081344/tools/bin/../lib/gcc/arm-none-eabi/13.3.1/../../../../arm-none-eabi/lib/thumb/v6-m/nofp\libc_nano.a(libc_a-printf.o)
                              ./Core/Src/NRF_chip.o (printf)
M:/embedded/IDE/STM32CubeIDE_1.19.0/STM32CubeIDE/plugins/com.st.stm32cube.ide.mcu.externaltools.gnu-tools-for-stm32.13.3.rel1.win32_1.0.0.202411081344/tools/bin/../lib/gcc/arm-none-eabi/13.3.1/../../../../arm-none-eabi/lib/thumb/v6-m/nofp\libc_nano.a(libc_a-puts.o)
                              ./Core/Src/NRF_chip.o (puts)
M:/embedded/IDE/STM32CubeIDE_1.19.0/STM32CubeIDE/plugins/com.st.stm32cube.ide.mcu.externaltools.gnu-tools-for-stm32.13.3.rel1.win32_1.0.0.202411081344/tools/bin/../lib/gcc/arm-none-eabi/13.3.1/../../../../arm-none-eabi/lib/thumb/v6-m/nofp\libc_nano.a(libc_a-snprintf.o)
                              ./libraries/OLED_SSD1306/ssd1306_tests.o (snprintf)
M:/embedded/IDE/STM32CubeIDE_1.19.0/STM32CubeIDE/plugins/com.st.stm32cube.ide.mcu.externaltools.gnu-tools-for-stm32.13.3.rel1.win32_1.0.0.202411081344/tools/bin/../lib/gcc/arm-none-eabi/13.3.1/../../../../arm-none-eabi/lib/thumb/v6-m/nofp\libc_nano.a(libc_a-sprintf.o)
                              ./Core/Src/display.o (sprintf)
M:/embedded/IDE/STM32CubeIDE_1.19.0/STM32CubeIDE/plugins/com.st.stm32cube.ide.mcu.externaltools.gnu-tools-for-stm32.13.3.rel1.win32_1.0.0.202411081344/tools/bin/../lib/gcc/arm-none-eabi/13.3.1/../../../../arm-none-eabi/lib/thumb/v6-m/nofp\libc_nano.a(libc_a-stdio.o)
                              M:/embedded/IDE/STM32CubeIDE_1.19.0/STM32CubeIDE/plugins/com.st.stm32cube.ide.mcu.externaltools.gnu-tools-for-stm32.13.3.rel1.win32_1.0.0.202411081344/tools/bin/../lib/gcc/arm-none-eabi/13.3.1/../../../../arm-none-eabi/lib/thumb/v6-m/nofp\libc_nano.a(libc_a-findfp.o) (__sread)
M:/embedded/IDE/STM32CubeIDE_1.19.0/STM32CubeIDE/plugins/com.st.stm32cube.ide.mcu.externaltools.gnu-tools-for-stm32.13.3.rel1.win32_1.0.0.202411081344/tools/bin/../lib/gcc/arm-none-eabi/13.3.1/../../../../arm-none-eabi/lib/thumb/v6-m/nofp\libc_nano.a(libc_a-wbuf.o)
                              M:/embedded/IDE/STM32CubeIDE_1.19.0/STM32CubeIDE/plugins/com.st.stm32cube.ide.mcu.externaltools.gnu-tools-for-stm32.13.3.rel1.win32_1.0.0.202411081344/tools/bin/../lib/gcc/arm-none-eabi/13.3.1/../../../../arm-none-eabi/lib/thumb/v6-m/nofp\libc_nano.a(libc_a-puts.o) (__swbuf_r)
M:/embedded/IDE/STM32CubeIDE_1.19.0/STM32CubeIDE/plugins/com.st.stm32cube.ide.mcu.externaltools.gnu-tools-for-stm32.13.3.rel1.win32_1.0.0.202411081344/tools/bin/../lib/gcc/arm-none-eabi/13.3.1/../../../../arm-none-eabi/lib/thumb/v6-m/nofp\libc_nano.a(libc_a-wsetup.o)
                              M:/embedded/IDE/STM32CubeIDE_1.19.0/STM32CubeIDE/plugins/com.st.stm32cube.ide.mcu.externaltools.gnu-tools-for-stm32.13.3.rel1.win32_1.0.0.202411081344/tools/bin/../lib/gcc/arm-none-eabi/13.3.1/../../../../arm-none-eabi/lib/thumb/v6-m/nofp\libc_nano.a(libc_a-puts.o) (__swsetup_r)
[...]
Memory Configuration

Name             Origin             Length             Attributes
RAM              0x20000000         0x00003000         xrw
FLASH            0x08000000         0x00008000         xr
*default*        0x00000000         0xffffffff

Linker script and memory map

LOAD M:/embedded/IDE/STM32CubeIDE_1.19.0/STM32CubeIDE/plugins/com.st.stm32cube.ide.mcu.externaltools.gnu-tools-for-stm32.13.3.rel1.win32_1.0.0.202411081344/tools/bin/../lib/gcc/arm-none-eabi/13.3.1/thumb/v6-m/nofp/crti.o
LOAD M:/embedded/IDE/STM32CubeIDE_1.19.0/STM32CubeIDE/plugins/com.st.stm32cube.ide.mcu.externaltools.gnu-tools-for-stm32.13.3.rel1.win32_1.0.0.202411081344/tools/bin/../lib/gcc/arm-none-eabi/13.3.1/thumb/v6-m/nofp/crtbegin.o
LOAD M:/embedded/IDE/STM32CubeIDE_1.19.0/STM32CubeIDE/plugins/com.st.stm32cube.ide.mcu.externaltools.gnu-tools-for-stm32.13.3.rel1.win32_1.0.0.202411081344/tools/bin/../lib/gcc/arm-none-eabi/13.3.1/../../../../arm-none-eabi/lib/thumb/v6-m/nofp/crt0.o
LOAD ./Core/Src/NRF_chip.o
LOAD ./Core/Src/bsp.o
LOAD ./Core/Src/display.o
LOAD ./Core/Src/main.o
LOAD ./Core/Src/main_app.o
LOAD ./Core/Src/plant_sensor.o
LOAD ./Core/Src/rfbutton.o
LOAD ./Core/Src/sensor.o
LOAD ./Core/Src/stm32c0xx_hal_msp.o
LOAD ./Core/Src/stm32c0xx_it.o
LOAD ./Core/Src/syscalls.o
LOAD ./Core/Src/sysmem.o
LOAD ./Core/Src/system_stm32c0xx.o
LOAD ./Core/Src/temp_sensor.o
LOAD ./Core/Startup/startup_stm32c031c6tx.o
LOAD ./Drivers/STM32C0xx_HAL_Driver/Src/stm32c0xx_hal.o
LOAD ./Drivers/STM32C0xx_HAL_Driver/Src/stm32c0xx_hal_adc.o
LOAD ./Drivers/STM32C0xx_HAL_Driver/Src/stm32c0xx_hal_adc_ex.o
LOAD ./Drivers/STM32C0xx_HAL_Driver/Src/stm32c0xx_hal_cortex.o
LOAD ./Drivers/STM32C0xx_HAL_Driver/Src/stm32c0xx_hal_dma.o
LOAD ./Drivers/STM32C0xx_HAL_Driver/Src/stm32c0xx_hal_dma_ex.o
LOAD ./Drivers/STM32C0xx_HAL_Driver/Src/stm32c0xx_hal_exti.o
LOAD ./Drivers/STM32C0xx_HAL_Driver/Src/stm32c0xx_hal_flash.o
LOAD ./Drivers/STM32C0xx_HAL_Driver/Src/stm32c0xx_hal_flash_ex.o
LOAD ./Drivers/STM32C0xx_HAL_Driver/Src/stm32c0xx_hal_gpio.o
LOAD ./Drivers/STM32C0xx_HAL_Driver/Src/stm32c0xx_hal_i2c.o
LOAD ./Drivers/STM32C0xx_HAL_Driver/Src/stm32c0xx_hal_i2c_ex.o
LOAD ./Drivers/STM32C0xx_HAL_Driver/Src/stm32c0xx_hal_pwr.o
LOAD ./Drivers/STM32C0xx_HAL_Driver/Src/stm32c0xx_hal_pwr_ex.o
LOAD ./Drivers/STM32C0xx_HAL_Driver/Src/stm32c0xx_hal_rcc.o
LOAD ./Drivers/STM32C0xx_HAL_Driver/Src/stm32c0xx_hal_rcc_ex.o
LOAD ./Drivers/STM32C0xx_HAL_Driver/Src/stm32c0xx_hal_spi.o
LOAD ./Drivers/STM32C0xx_HAL_Driver/Src/stm32c0xx_hal_spi_ex.o
LOAD ./Drivers/STM32C0xx_HAL_Driver/Src/stm32c0xx_hal_tim.o
LOAD ./Drivers/STM32C0xx_HAL_Driver/Src/stm32c0xx_hal_tim_ex.o
LOAD ./Middlewares/Third_Party/QuantumLeaps_RTEF_qpc/ports/arm-cm/qk/gnu/qk_port.o
LOAD ./Middlewares/Third_Party/QuantumLeaps_RTEF_qpc/src/qf/qep_hsm.o
LOAD ./Middlewares/Third_Party/QuantumLeaps_RTEF_qpc/src/qf/qep_msm.o
LOAD ./Middlewares/Third_Party/QuantumLeaps_RTEF_qpc/src/qf/qf_act.o
LOAD ./Middlewares/Third_Party/QuantumLeaps_RTEF_qpc/src/qf/qf_actq.o
LOAD ./Middlewares/Third_Party/QuantumLeaps_RTEF_qpc/src/qf/qf_defer.o
LOAD ./Middlewares/Third_Party/QuantumLeaps_RTEF_qpc/src/qf/qf_dyn.o
LOAD ./Middlewares/Third_Party/QuantumLeaps_RTEF_qpc/src/qf/qf_mem.o
LOAD ./Middlewares/Third_Party/QuantumLeaps_RTEF_qpc/src/qf/qf_ps.o
LOAD ./Middlewares/Third_Party/QuantumLeaps_RTEF_qpc/src/qf/qf_qact.o
LOAD ./Middlewares/Third_Party/QuantumLeaps_RTEF_qpc/src/qf/qf_qeq.o
LOAD ./Middlewares/Third_Party/QuantumLeaps_RTEF_qpc/src/qf/qf_qmact.o
LOAD ./Middlewares/Third_Party/QuantumLeaps_RTEF_qpc/src/qf/qf_time.o
LOAD ./Middlewares/Third_Party/QuantumLeaps_RTEF_qpc/src/qk/qk.o
LOAD ./libraries/NRF24/NRF24.o
LOAD ./libraries/OLED_SSD1306/ssd1306.o
LOAD ./libraries/OLED_SSD1306/ssd1306_fonts.o
LOAD ./libraries/OLED_SSD1306/ssd1306_tests.o
START GROUP
LOAD M:/embedded/IDE/STM32CubeIDE_1.19.0/STM32CubeIDE/plugins/com.st.stm32cube.ide.mcu.externaltools.gnu-tools-for-stm32.13.3.rel1.win32_1.0.0.202411081344/tools/bin/../lib/gcc/arm-none-eabi/13.3.1/../../../../arm-none-eabi/lib/thumb/v6-m/nofp\libc_nano.a
LOAD M:/embedded/IDE/STM32CubeIDE_1.19.0/STM32CubeIDE/plugins/com.st.stm32cube.ide.mcu.externaltools.gnu-tools-for-stm32.13.3.rel1.win32_1.0.0.202411081344/tools/bin/../lib/gcc/arm-none-eabi/13.3.1/../../../../arm-none-eabi/lib/thumb/v6-m/nofp\libm.a
END GROUP
START GROUP
LOAD M:/embedded/IDE/STM32CubeIDE_1.19.0/STM32CubeIDE/plugins/com.st.stm32cube.ide.mcu.externaltools.gnu-tools-for-stm32.13.3.rel1.win32_1.0.0.202411081344/tools/bin/../lib/gcc/arm-none-eabi/13.3.1/thumb/v6-m/nofp\libgcc.a
LOAD M:/embedded/IDE/STM32CubeIDE_1.19.0/STM32CubeIDE/plugins/com.st.stm32cube.ide.mcu.externaltools.gnu-tools-for-stm32.13.3.rel1.win32_1.0.0.202411081344/tools/bin/../lib/gcc/arm-none-eabi/13.3.1/../../../../arm-none-eabi/lib/thumb/v6-m/nofp\libc_nano.a
END GROUP
START GROUP
LOAD M:/embedded/IDE/STM32CubeIDE_1.19.0/STM32CubeIDE/plugins/com.st.stm32cube.ide.mcu.externaltools.gnu-tools-for-stm32.13.3.rel1.win32_1.0.0.202411081344/tools/bin/../lib/gcc/arm-none-eabi/13.3.1/thumb/v6-m/nofp\libgcc.a
LOAD M:/embedded/IDE/STM32CubeIDE_1.19.0/STM32CubeIDE/plugins/com.st.stm32cube.ide.mcu.externaltools.gnu-tools-for-stm32.13.3.rel1.win32_1.0.0.202411081344/tools/bin/../lib/gcc/arm-none-eabi/13.3.1/../../../../arm-none-eabi/lib/thumb/v6-m/nofp\libc_nano.a
LOAD M:/embedded/IDE/STM32CubeIDE_1.19.0/STM32CubeIDE/plugins/com.st.stm32cube.ide.mcu.externaltools.gnu-tools-for-stm32.13.3.rel1.win32_1.0.0.202411081344/tools/bin/../lib/gcc/arm-none-eabi/13.3.1/../../../../arm-none-eabi/lib/thumb/v6-m/nofp\libnosys.a
END GROUP
START GROUP
LOAD M:/embedded/IDE/STM32CubeIDE_1.19.0/STM32CubeIDE/plugins/com.st.stm32cube.ide.mcu.externaltools.gnu-tools-for-stm32.13.3.rel1.win32_1.0.0.202411081344/tools/bin/../lib/gcc/arm-none-eabi/13.3.1/thumb/v6-m/nofp\libgcc.a
LOAD M:/embedded/IDE/STM32CubeIDE_1.19.0/STM32CubeIDE/plugins/com.st.stm32cube.ide.mcu.externaltools.gnu-tools-for-stm32.13.3.rel1.win32_1.0.0.202411081344/tools/bin/../lib/gcc/arm-none-eabi/13.3.1/../../../../arm-none-eabi/lib/thumb/v6-m/nofp\libc_nano.a
LOAD M:/embedded/IDE/STM32CubeIDE_1.19.0/STM32CubeIDE/plugins/com.st.stm32cube.ide.mcu.externaltools.gnu-tools-for-stm32.13.3.rel1.win32_1.0.0.202411081344/tools/bin/../lib/gcc/arm-none-eabi/13.3.1/../../../../arm-none-eabi/lib/thumb/v6-m/nofp\libnosys.a
END GROUP
LOAD M:/embedded/IDE/STM32CubeIDE_1.19.0/STM32CubeIDE/plugins/com.st.stm32cube.ide.mcu.externaltools.gnu-tools-for-stm32.13.3.rel1.win32_1.0.0.202411081344/tools/bin/../lib/gcc/arm-none-eabi/13.3.1/thumb/v6-m/nofp/crtend.o
LOAD M:/embedded/IDE/STM32CubeIDE_1.19.0/STM32CubeIDE/plugins/com.st.stm32cube.ide.mcu.externaltools.gnu-tools-for-stm32.13.3.rel1.win32_1.0.0.202411081344/tools/bin/../lib/gcc/arm-none-eabi/13.3.1/thumb/v6-m/nofp/crtn.o
                0x20003000                        _estack = (ORIGIN (RAM) + LENGTH (RAM))
                0x00000200                        _Min_Heap_Size = 0x200
                0x00000400                        _Min_Stack_Size = 0x400

.isr_vector     0x08000000       0xc0
                0x08000000                        . = ALIGN (0x4)
 *(.isr_vector)
 .isr_vector    0x08000000       0xc0 ./Core/Startup/startup_stm32c031c6tx.o
                0x08000000                g_pfnVectors
                0x080000c0                        . = ALIGN (0x4)

.text           0x080000c0     0x5e40
                0x080000c0                        . = ALIGN (0x4)
 *(.text)
 .text          0x080000c0       0x48 M:/embedded/IDE/STM32CubeIDE_1.19.0/STM32CubeIDE/plugins/com.st.stm32cube.ide.mcu.externaltools.gnu-tools-for-stm32.13.3.rel1.win32_1.0.0.202411081344/tools/bin/../lib/gcc/arm-none-eabi/13.3.1/thumb/v6-m/nofp/crtbegin.o
 .text          0x08000108       0x14 M:/embedded/IDE/STM32CubeIDE_1.19.0/STM32CubeIDE/plugins/com.st.stm32cube.ide.mcu.externaltools.gnu-tools-for-stm32.13.3.rel1.win32_1.0.0.202411081344/tools/bin/../lib/gcc/arm-none-eabi/13.3.1/thumb/v6-m/nofp\libgcc.a(_thumb1_case_uqi.o)
                0x08000108                __gnu_thumb1_case_uqi
 .text          0x0800011c       0x14 M:/embedded/IDE/STM32CubeIDE_1.19.0/STM32CubeIDE/plugins/com.st.stm32cube.ide.mcu.externaltools.gnu-tools-for-stm32.13.3.rel1.win32_1.0.0.202411081344/tools/bin/../lib/gcc/arm-none-eabi/13.3.1/thumb/v6-m/nofp\libgcc.a(_thumb1_case_shi.o)
                0x0800011c                __gnu_thumb1_case_shi
 .text          0x08000130      0x114 M:/embedded/IDE/STM32CubeIDE_1.19.0/STM32CubeIDE/plugins/com.st.stm32cube.ide.mcu.externaltools.gnu-tools-for-stm32.13.3.rel1.win32_1.0.0.202411081344/tools/bin/../lib/gcc/arm-none-eabi/13.3.1/thumb/v6-m/nofp\libgcc.a(_udivsi3.o)
                0x08000130                __aeabi_uidiv
                0x08000130                __udivsi3
                0x0800023c                __aeabi_uidivmod
 .text          0x08000244      0x1d4 M:/embedded/IDE/STM32CubeIDE_1.19.0/STM32CubeIDE/plugins/com.st.stm32cube.ide.mcu.externaltools.gnu-tools-for-stm32.13.3.rel1.win32_1.0.0.202411081344/tools/bin/../lib/gcc/arm-none-eabi/13.3.1/thumb/v6-m/nofp\libgcc.a(_divsi3.o)
                0x08000244                __divsi3
                0x08000244                __aeabi_idiv
                0x08000410                __aeabi_idivmod
 .text          0x08000418        0x4 M:/embedded/IDE/STM32CubeIDE_1.19.0/STM32CubeIDE/plugins/com.st.stm32cube.ide.mcu.externaltools.gnu-tools-for-stm32.13.3.rel1.win32_1.0.0.202411081344/tools/bin/../lib/gcc/arm-none-eabi/13.3.1/thumb/v6-m/nofp\libgcc.a(_dvmd_tls.o)
                0x08000418                __aeabi_idiv0
                0x08000418                __aeabi_ldiv0
 *(.text*)
 .text.init_nrf
                0x0800041c       0xe8 ./Core/Src/NRF_chip.o
                0x0800041c                init_nrf
 .text.verify_rx_mode
                0x08000504       0x48 ./Core/Src/NRF_chip.o
                0x08000504                verify_rx_mode
 .text.Q_onError
                0x0800054c        0x2 ./Core/Src/bsp.o
                0x0800054c                Q_onError
 *fill*         0x0800054e        0x2 
 .text.SysTick_Handler
                0x08000550       0x34 ./Core/Src/bsp.o
                0x08000550                SysTick_Handler
 .text.BSP_delayMs
                0x08000584       0x14 ./Core/Src/bsp.o
                0x08000584                BSP_delayMs
 .text.EXTI0_1_IRQHandler
                0x08000598       0x48 ./Core/Src/bsp.o
                0x08000598                EXTI0_1_IRQHandler
 .text.TIM3_IRQHandler
                0x080005e0       0x38 ./Core/Src/bsp.o
                0x080005e0                TIM3_IRQHandler
 .text.HAL_TIM_IC_CaptureCallback
                0x08000618       0x2c ./Core/Src/bsp.o
                0x08000618                HAL_TIM_IC_CaptureCallback
 .text.BSP_init
                0x08000644       0x84 ./Core/Src/bsp.o
                0x08000644                BSP_init
 .text.QF_onStartup
                0x080006c8       0x74 ./Core/Src/bsp.o
                0x080006c8                QF_onStartup
 .text.QK_onIdle
                0x0800073c        0x2 ./Core/Src/bsp.o
                0x0800073c                QK_onIdle
 *fill*         0x0800073e        0x2 
 .text.display_temp
                0x08000740       0x5c ./Core/Src/display.o
                0x08000740                display_temp
 .text.display_dry
                0x0800079c       0x40 ./Core/Src/display.o
                0x0800079c                display_dry
 .text.Error_Handler
                0x080007dc       0x10 ./Core/Src/main.o
                0x080007dc                Error_Handler
 .text.SystemClock_Config
                0x080007ec       0x5c ./Core/Src/main.o
                0x080007ec                SystemClock_Config
 .text.startup.main
                0x08000848      0x370 ./Core/Src/main.o
                0x08000848                main
 .text.MainApp_initial
                0x08000bb8        0xc ./Core/Src/main_app.o
                0x08000bb8                MainApp_initial
 .text.MainApp_display_stats
                0x08000bc4       0x2c ./Core/Src/main_app.o
                0x08000bc4                MainApp_display_stats
 .text.MainApp_pump
                0x08000bf0       0x64 ./Core/Src/main_app.o
                0x08000bf0                MainApp_pump
 .text.MainApp_calc_dryness_percent
                0x08000c54       0x34 ./Core/Src/main_app.o
                0x08000c54                MainApp_calc_dryness_percent
 .text.MainApp_display
                0x08000c88       0xe0 ./Core/Src/main_app.o
                0x08000c88                MainApp_display
 .text.Main_App_ctor
                0x08000d68       0x34 ./Core/Src/main_app.o
                0x08000d68                Main_App_ctor
 .text.Sensor_ctor
                0x08000d9c       0x20 ./Core/Src/main_app.o
                0x08000d9c                Sensor_ctor
 .text.RFButton_ctor
                0x08000dbc       0x10 ./Core/Src/main_app.o
                0x08000dbc                RFButton_ctor
 .text.RFButton_receive_rf
                0x08000dcc       0x58 ./Core/Src/rfbutton.o
                0x08000dcc                RFButton_receive_rf
 .text.RFButton_wait
                0x08000e24       0x2c ./Core/Src/rfbutton.o
                0x08000e24                RFButton_wait
 .text.RFButton_initial
                0x08000e50        0xc ./Core/Src/rfbutton.o
                0x08000e50                RFButton_initial
 .text.Sensor_wait_response
                0x08000e5c       0xe4 ./Core/Src/sensor.o
                0x08000e5c                Sensor_wait_response
 .text.Sensor_waiting
                0x08000f40       0x30 ./Core/Src/sensor.o
                0x08000f40                Sensor_waiting
 .text.Sensor_start_temperature
                0x08000f70       0x4c ./Core/Src/sensor.o
                0x08000f70                Sensor_start_temperature
 .text.Sensor_initial
                0x08000fbc        0xc ./Core/Src/sensor.o
                0x08000fbc                Sensor_initial
 .text.HAL_MspInit
                0x08000fc8       0x30 ./Core/Src/stm32c0xx_hal_msp.o
                0x08000fc8                HAL_MspInit
 .text.HAL_ADC_MspInit
                0x08000ff8       0x7c ./Core/Src/stm32c0xx_hal_msp.o
                0x08000ff8                HAL_ADC_MspInit
 .text.HAL_I2C_MspInit
                0x08001074       0x84 ./Core/Src/stm32c0xx_hal_msp.o
                0x08001074                HAL_I2C_MspInit
 .text.HAL_SPI_MspInit
                0x080010f8       0xb0 ./Core/Src/stm32c0xx_hal_msp.o
                0x080010f8                HAL_SPI_MspInit
 .text.HAL_TIM_Base_MspInit
                0x080011a8       0x9c ./Core/Src/stm32c0xx_hal_msp.o
                0x080011a8                HAL_TIM_Base_MspInit
 .text.HardFault_Handler
                0x08001244       0x14 ./Core/Src/stm32c0xx_it.o
                0x08001244                HardFault_Handler
 .text.SVC_Handler
                0x08001258        0x2 ./Core/Src/stm32c0xx_it.o
                0x08001258                SVC_Handler
 .text._read    0x0800125a       0x1a ./Core/Src/syscalls.o
                0x0800125a                _read
 .text._write   0x08001274       0x10 ./Core/Src/syscalls.o
                0x08001274                _write
 .text._close   0x08001284        0x6 ./Core/Src/syscalls.o
                0x08001284                _close
 .text._fstat   0x0800128a        0xa ./Core/Src/syscalls.o
                0x0800128a                _fstat
 .text._isatty  0x08001294        0x4 ./Core/Src/syscalls.o
                0x08001294                _isatty
 .text._lseek   0x08001298        0x4 ./Core/Src/syscalls.o
                0x08001298                _lseek
 .text._sbrk    0x0800129c       0x40 ./Core/Src/sysmem.o
                0x0800129c                _sbrk
 .text.SystemInit
                0x080012dc       0x10 ./Core/Src/system_stm32c0xx.o
                0x080012dc                SystemInit
 .text.DHT11_SetPinOutput
                0x080012ec       0x3c ./Core/Src/temp_sensor.o
                0x080012ec                DHT11_SetPinOutput
 .text.Delay_us
                0x08001328       0x14 ./Core/Src/temp_sensor.o
                0x08001328                Delay_us
 .text.DHT11_SetPinInput
                0x0800133c       0x6c ./Core/Src/temp_sensor.o
                0x0800133c                DHT11_SetPinInput
 .text.Delay_ms
                0x080013a8       0x14 ./Core/Src/temp_sensor.o
                0x080013a8                Delay_ms
 .text.Reset_Handler
                0x080013bc       0x50 ./Core/Startup/startup_stm32c031c6tx.o
                0x080013bc                Reset_Handler
 .text.Default_Handler
                0x0800140c        0x2 ./Core/Startup/startup_stm32c031c6tx.o
                0x0800140c                TIM1_CC_IRQHandler
                0x0800140c                I2C1_IRQHandler
                0x0800140c                DMAMUX1_IRQHandler
                0x0800140c                SPI1_IRQHandler
                0x0800140c                EXTI2_3_IRQHandler
                0x0800140c                ADC1_IRQHandler
                0x0800140c                TIM17_IRQHandler
                0x0800140c                RTC_IRQHandler
                0x0800140c                TIM16_IRQHandler
                0x0800140c                EXTI4_15_IRQHandler
                0x0800140c                RCC_IRQHandler
                0x0800140c                DMA1_Channel1_IRQHandler
                0x0800140c                Default_Handler
                0x0800140c                TIM14_IRQHandler
                0x0800140c                WWDG_IRQHandler
                0x0800140c                DMA1_Channel2_3_IRQHandler
                0x0800140c                USART2_IRQHandler
                0x0800140c                FLASH_IRQHandler
                0x0800140c                USART1_IRQHandler
                0x0800140c                TIM1_BRK_UP_TRG_COM_IRQHandler
 *fill*         0x0800140e        0x2 
 .text.HAL_InitTick
                0x08001410       0x50 ./Drivers/STM32C0xx_HAL_Driver/Src/stm32c0xx_hal.o
                0x08001410                HAL_InitTick
 .text.HAL_Init
                0x08001460       0x18 ./Drivers/STM32C0xx_HAL_Driver/Src/stm32c0xx_hal.o
                0x08001460                HAL_Init
 .text.HAL_GetTick
                0x08001478        0xc ./Drivers/STM32C0xx_HAL_Driver/Src/stm32c0xx_hal.o
                0x08001478                HAL_GetTick
 .text.LL_ADC_REG_IsConversionOngoing
                0x08001484        0x8 ./Drivers/STM32C0xx_HAL_Driver/Src/stm32c0xx_hal_adc.o
 .text.HAL_ADC_Init
                0x0800148c      0x220 ./Drivers/STM32C0xx_HAL_Driver/Src/stm32c0xx_hal_adc.o
                0x0800148c                HAL_ADC_Init
 .text.HAL_ADC_ConfigChannel
                0x080016ac      0x248 ./Drivers/STM32C0xx_HAL_Driver/Src/stm32c0xx_hal_adc.o
                0x080016ac                HAL_ADC_ConfigChannel
 .text.HAL_NVIC_SetPriority
                0x080018f4       0x54 ./Drivers/STM32C0xx_HAL_Driver/Src/stm32c0xx_hal_cortex.o
                0x080018f4                HAL_NVIC_SetPriority
 .text.HAL_SYSTICK_Config
                0x08001948       0x34 ./Drivers/STM32C0xx_HAL_Driver/Src/stm32c0xx_hal_cortex.o
                0x08001948                HAL_SYSTICK_Config
 .text.HAL_GPIO_Init
                0x0800197c      0x174 ./Drivers/STM32C0xx_HAL_Driver/Src/stm32c0xx_hal_gpio.o
                0x0800197c                HAL_GPIO_Init
 .text.HAL_GPIO_ReadPin
                0x08001af0        0xc ./Drivers/STM32C0xx_HAL_Driver/Src/stm32c0xx_hal_gpio.o
                0x08001af0                HAL_GPIO_ReadPin
 .text.HAL_GPIO_WritePin
                0x08001afc        0xc ./Drivers/STM32C0xx_HAL_Driver/Src/stm32c0xx_hal_gpio.o
                0x08001afc                HAL_GPIO_WritePin
 .text.I2C_Flush_TXDR
                0x08001b08       0x1c ./Drivers/STM32C0xx_HAL_Driver/Src/stm32c0xx_hal_i2c.o
 .text.I2C_TransferConfig
                0x08001b24       0x2c ./Drivers/STM32C0xx_HAL_Driver/Src/stm32c0xx_hal_i2c.o
 .text.I2C_IsErrorOccurred
                0x08001b50       0xfc ./Drivers/STM32C0xx_HAL_Driver/Src/stm32c0xx_hal_i2c.o
 .text.I2C_WaitOnTXISFlagUntilTimeout
                0x08001c4c       0x5c ./Drivers/STM32C0xx_HAL_Driver/Src/stm32c0xx_hal_i2c.o
 .text.I2C_WaitOnFlagUntilTimeout
                0x08001ca8       0x6e ./Drivers/STM32C0xx_HAL_Driver/Src/stm32c0xx_hal_i2c.o
 .text.I2C_WaitOnSTOPFlagUntilTimeout
                0x08001d16       0x54 ./Drivers/STM32C0xx_HAL_Driver/Src/stm32c0xx_hal_i2c.o
 *fill*         0x08001d6a        0x2 
 .text.HAL_I2C_Init
                0x08001d6c       0xbc ./Drivers/STM32C0xx_HAL_Driver/Src/stm32c0xx_hal_i2c.o
                0x08001d6c                HAL_I2C_Init
 .text.HAL_I2C_Mem_Write
                0x08001e28      0x1b4 ./Drivers/STM32C0xx_HAL_Driver/Src/stm32c0xx_hal_i2c.o
                0x08001e28                HAL_I2C_Mem_Write
 .text.HAL_I2CEx_ConfigAnalogFilter
                0x08001fdc       0x4c ./Drivers/STM32C0xx_HAL_Driver/Src/stm32c0xx_hal_i2c_ex.o
                0x08001fdc                HAL_I2CEx_ConfigAnalogFilter
 .text.HAL_I2CEx_ConfigDigitalFilter
                0x08002028       0x48 ./Drivers/STM32C0xx_HAL_Driver/Src/stm32c0xx_hal_i2c_ex.o
                0x08002028                HAL_I2CEx_ConfigDigitalFilter
 .text.HAL_RCC_OscConfig
                0x08002070      0x26c ./Drivers/STM32C0xx_HAL_Driver/Src/stm32c0xx_hal_rcc.o
                0x08002070                HAL_RCC_OscConfig
 .text.HAL_RCC_GetSysClockFreq
                0x080022dc       0x48 ./Drivers/STM32C0xx_HAL_Driver/Src/stm32c0xx_hal_rcc.o
                0x080022dc                HAL_RCC_GetSysClockFreq
 .text.HAL_RCC_ClockConfig
                0x08002324      0x158 ./Drivers/STM32C0xx_HAL_Driver/Src/stm32c0xx_hal_rcc.o
                0x08002324                HAL_RCC_ClockConfig
 .text.HAL_RCC_GetHCLKFreq
                0x0800247c       0x2c ./Drivers/STM32C0xx_HAL_Driver/Src/stm32c0xx_hal_rcc.o
                0x0800247c                HAL_RCC_GetHCLKFreq
 .text.HAL_RCCEx_PeriphCLKConfig
                0x080024a8      0x114 ./Drivers/STM32C0xx_HAL_Driver/Src/stm32c0xx_hal_rcc_ex.o
                0x080024a8                HAL_RCCEx_PeriphCLKConfig
 .text.SPI_WaitFlagStateUntilTimeout.constprop.0
                0x080025bc       0xb8 ./Drivers/STM32C0xx_HAL_Driver/Src/stm32c0xx_hal_spi.o
 .text.SPI_WaitFifoStateUntilTimeout.constprop.0
                0x08002674       0xd8 ./Drivers/STM32C0xx_HAL_Driver/Src/stm32c0xx_hal_spi.o
 .text.SPI_EndRxTransaction
                0x0800274c       0x7a ./Drivers/STM32C0xx_HAL_Driver/Src/stm32c0xx_hal_spi.o
 .text.SPI_EndRxTxTransaction
                0x080027c6       0x46 ./Drivers/STM32C0xx_HAL_Driver/Src/stm32c0xx_hal_spi.o
 .text.HAL_SPI_Init
                0x0800280c       0xf0 ./Drivers/STM32C0xx_HAL_Driver/Src/stm32c0xx_hal_spi.o
                0x0800280c                HAL_SPI_Init
 .text.HAL_SPI_Transmit
                0x080028fc      0x1b4 ./Drivers/STM32C0xx_HAL_Driver/Src/stm32c0xx_hal_spi.o
                0x080028fc                HAL_SPI_Transmit
 .text.HAL_SPI_TransmitReceive
                0x08002ab0      0x27c ./Drivers/STM32C0xx_HAL_Driver/Src/stm32c0xx_hal_spi.o
                0x08002ab0                HAL_SPI_TransmitReceive
 .text.HAL_SPI_Receive
                0x08002d2c      0x184 ./Drivers/STM32C0xx_HAL_Driver/Src/stm32c0xx_hal_spi.o
                0x08002d2c                HAL_SPI_Receive
 .text.HAL_TIM_Base_Start
                0x08002eb0       0x50 ./Drivers/STM32C0xx_HAL_Driver/Src/stm32c0xx_hal_tim.o
                0x08002eb0                HAL_TIM_Base_Start
 .text.HAL_TIM_IC_MspInit
                0x08002f00        0x2 ./Drivers/STM32C0xx_HAL_Driver/Src/stm32c0xx_hal_tim.o
                0x08002f00                HAL_TIM_IC_MspInit
 .text.HAL_TIM_ReadCapturedValue
                0x08002f02       0x2e ./Drivers/STM32C0xx_HAL_Driver/Src/stm32c0xx_hal_tim.o
                0x08002f02                HAL_TIM_ReadCapturedValue
 .text.HAL_TIM_PeriodElapsedCallback
                0x08002f30        0x2 ./Drivers/STM32C0xx_HAL_Driver/Src/stm32c0xx_hal_tim.o
                0x08002f30                HAL_TIM_PeriodElapsedCallback
 .text.HAL_TIM_OC_DelayElapsedCallback
                0x08002f32        0x2 ./Drivers/STM32C0xx_HAL_Driver/Src/stm32c0xx_hal_tim.o
                0x08002f32                HAL_TIM_OC_DelayElapsedCallback
 .text.HAL_TIM_PWM_PulseFinishedCallback
                0x08002f34        0x2 ./Drivers/STM32C0xx_HAL_Driver/Src/stm32c0xx_hal_tim.o
                0x08002f34                HAL_TIM_PWM_PulseFinishedCallback
 .text.HAL_TIM_TriggerCallback
                0x08002f36        0x2 ./Drivers/STM32C0xx_HAL_Driver/Src/stm32c0xx_hal_tim.o
                0x08002f36                HAL_TIM_TriggerCallback
 .text.HAL_TIM_IRQHandler
                0x08002f38      0x158 ./Drivers/STM32C0xx_HAL_Driver/Src/stm32c0xx_hal_tim.o
                0x08002f38                HAL_TIM_IRQHandler
 .text.TIM_Base_SetConfig
                0x08003090       0x84 ./Drivers/STM32C0xx_HAL_Driver/Src/stm32c0xx_hal_tim.o
                0x08003090                TIM_Base_SetConfig
 .text.HAL_TIM_Base_Init
                0x08003114       0x54 ./Drivers/STM32C0xx_HAL_Driver/Src/stm32c0xx_hal_tim.o
                0x08003114                HAL_TIM_Base_Init
 .text.HAL_TIM_IC_Init
                0x08003168       0x54 ./Drivers/STM32C0xx_HAL_Driver/Src/stm32c0xx_hal_tim.o
                0x08003168                HAL_TIM_IC_Init
 .text.TIM_TI1_SetConfig
                0x080031bc       0x48 ./Drivers/STM32C0xx_HAL_Driver/Src/stm32c0xx_hal_tim.o
                0x080031bc                TIM_TI1_SetConfig
 .text.HAL_TIM_IC_ConfigChannel
                0x08003204      0x154 ./Drivers/STM32C0xx_HAL_Driver/Src/stm32c0xx_hal_tim.o
                0x08003204                HAL_TIM_IC_ConfigChannel
 .text.TIM_ETR_SetConfig
                0x08003358       0x18 ./Drivers/STM32C0xx_HAL_Driver/Src/stm32c0xx_hal_tim.o
                0x08003358                TIM_ETR_SetConfig
 .text.HAL_TIM_ConfigClockSource
                0x08003370      0x130 ./Drivers/STM32C0xx_HAL_Driver/Src/stm32c0xx_hal_tim.o
                0x08003370                HAL_TIM_ConfigClockSource
 .text.TIM_SlaveTimer_SetConfig.constprop.0
                0x080034a0       0xd4 ./Drivers/STM32C0xx_HAL_Driver/Src/stm32c0xx_hal_tim.o
 .text.HAL_TIM_SlaveConfigSynchro
                0x08003574       0x4c ./Drivers/STM32C0xx_HAL_Driver/Src/stm32c0xx_hal_tim.o
                0x08003574                HAL_TIM_SlaveConfigSynchro
 .text.TIM_CCxChannelCmd
                0x080035c0       0x1a ./Drivers/STM32C0xx_HAL_Driver/Src/stm32c0xx_hal_tim.o
                0x080035c0                TIM_CCxChannelCmd
 *fill*         0x080035da        0x2 
 .text.HAL_TIM_IC_Start_IT
                0x080035dc      0x110 ./Drivers/STM32C0xx_HAL_Driver/Src/stm32c0xx_hal_tim.o
                0x080035dc                HAL_TIM_IC_Start_IT
 .text.HAL_TIM_IC_Stop_IT
                0x080036ec       0x98 ./Drivers/STM32C0xx_HAL_Driver/Src/stm32c0xx_hal_tim.o
                0x080036ec                HAL_TIM_IC_Stop_IT
 .text.HAL_TIMEx_MasterConfigSynchronization
                0x08003784       0x60 ./Drivers/STM32C0xx_HAL_Driver/Src/stm32c0xx_hal_tim_ex.o
                0x08003784                HAL_TIMEx_MasterConfigSynchronization
 .text.HAL_TIMEx_CommutCallback
                0x080037e4        0x2 ./Drivers/STM32C0xx_HAL_Driver/Src/stm32c0xx_hal_tim_ex.o
                0x080037e4                HAL_TIMEx_CommutCallback
 .text.HAL_TIMEx_BreakCallback
                0x080037e6        0x2 ./Drivers/STM32C0xx_HAL_Driver/Src/stm32c0xx_hal_tim_ex.o
                0x080037e6                HAL_TIMEx_BreakCallback
 .text.HAL_TIMEx_Break2Callback
                0x080037e8        0x2 ./Drivers/STM32C0xx_HAL_Driver/Src/stm32c0xx_hal_tim_ex.o
                0x080037e8                HAL_TIMEx_Break2Callback
 *fill*         0x080037ea        0x2 
 .text.QF_int_disable_
                0x080037ec       0x1c ./Middlewares/Third_Party/QuantumLeaps_RTEF_qpc/ports/arm-cm/qk/gnu/qk_port.o
                0x080037ec                QF_int_disable_
 .text.QF_int_enable_
                0x08003808       0x1c ./Middlewares/Third_Party/QuantumLeaps_RTEF_qpc/ports/arm-cm/qk/gnu/qk_port.o
                0x08003808                QF_int_enable_
 .text.QF_crit_entry_
                0x08003824       0x1c ./Middlewares/Third_Party/QuantumLeaps_RTEF_qpc/ports/arm-cm/qk/gnu/qk_port.o
                0x08003824                QF_crit_entry_
 .text.QF_crit_exit_
                0x08003840       0x1c ./Middlewares/Third_Party/QuantumLeaps_RTEF_qpc/ports/arm-cm/qk/gnu/qk_port.o
                0x08003840                QF_crit_exit_
 .text.QK_init  0x0800385c       0x14 ./Middlewares/Third_Party/QuantumLeaps_RTEF_qpc/ports/arm-cm/qk/gnu/qk_port.o
                0x0800385c                QK_init
 .text.PendSV_Handler
                0x08003870       0x34 ./Middlewares/Third_Party/QuantumLeaps_RTEF_qpc/ports/arm-cm/qk/gnu/qk_port.o
                0x08003870                PendSV_Handler
 .text.QK_thread_ret
                0x080038a4       0x24 ./Middlewares/Third_Party/QuantumLeaps_RTEF_qpc/ports/arm-cm/qk/gnu/qk_port.o
                0x080038a4                QK_thread_ret
 .text.NMI_Handler
                0x080038c8        0xc ./Middlewares/Third_Party/QuantumLeaps_RTEF_qpc/ports/arm-cm/qk/gnu/qk_port.o
                0x080038c8                NMI_Handler
 .text.QF_qlog2
                0x080038d4       0x38 ./Middlewares/Third_Party/QuantumLeaps_RTEF_qpc/ports/arm-cm/qk/gnu/qk_port.o
                0x080038d4                QF_qlog2
 .text.QHsm_top
                0x0800390c        0x4 ./Middlewares/Third_Party/QuantumLeaps_RTEF_qpc/src/qf/qep_hsm.o
                0x0800390c                QHsm_top
 .text.QHsm_getStateHandler_
                0x08003910        0x4 ./Middlewares/Third_Party/QuantumLeaps_RTEF_qpc/src/qf/qep_hsm.o
                0x08003910                QHsm_getStateHandler_
 .text.QHsm_isIn_
                0x08003914       0x44 ./Middlewares/Third_Party/QuantumLeaps_RTEF_qpc/src/qf/qep_hsm.o
                0x08003914                QHsm_isIn_
 .text.QHsm_enter_target_.isra.0
                0x08003958       0x94 ./Middlewares/Third_Party/QuantumLeaps_RTEF_qpc/src/qf/qep_hsm.o
 .text.QHsm_init_
                0x080039ec       0xa4 ./Middlewares/Third_Party/QuantumLeaps_RTEF_qpc/src/qf/qep_hsm.o
                0x080039ec                QHsm_init_
 .text.QHsm_dispatch_
                0x08003a90      0x1a4 ./Middlewares/Third_Party/QuantumLeaps_RTEF_qpc/src/qf/qep_hsm.o
                0x08003a90                QHsm_dispatch_
 .text.QHsm_ctor
                0x08003c34       0x14 ./Middlewares/Third_Party/QuantumLeaps_RTEF_qpc/src/qf/qep_hsm.o
                0x08003c34                QHsm_ctor
 .text.QEvt_ctor
                0x08003c48        0xc ./Middlewares/Third_Party/QuantumLeaps_RTEF_qpc/src/qf/qf_act.o
                0x08003c48                QEvt_ctor
 .text.QEvt_refCtr_inc_
                0x08003c54       0x1c ./Middlewares/Third_Party/QuantumLeaps_RTEF_qpc/src/qf/qf_act.o
                0x08003c54                QEvt_refCtr_inc_
 .text.QEvt_refCtr_dec_
                0x08003c70        0x8 ./Middlewares/Third_Party/QuantumLeaps_RTEF_qpc/src/qf/qf_act.o
                0x08003c70                QEvt_refCtr_dec_
 .text.QActive_post_
                0x08003c78       0xb0 ./Middlewares/Third_Party/QuantumLeaps_RTEF_qpc/src/qf/qf_actq.o
                0x08003c78                QActive_post_
 .text.QActive_get_
                0x08003d28       0x64 ./Middlewares/Third_Party/QuantumLeaps_RTEF_qpc/src/qf/qf_actq.o
                0x08003d28                QActive_get_
 .text.QF_poolInit
                0x08003d8c       0x60 ./Middlewares/Third_Party/QuantumLeaps_RTEF_qpc/src/qf/qf_dyn.o
                0x08003d8c                QF_poolInit
 .text.QF_gc    0x08003dec       0x70 ./Middlewares/Third_Party/QuantumLeaps_RTEF_qpc/src/qf/qf_dyn.o
                0x08003dec                QF_gc
 .text.QMPool_init
                0x08003e5c       0x80 ./Middlewares/Third_Party/QuantumLeaps_RTEF_qpc/src/qf/qf_mem.o
                0x08003e5c                QMPool_init
 .text.QMPool_put
                0x08003edc       0x5c ./Middlewares/Third_Party/QuantumLeaps_RTEF_qpc/src/qf/qf_mem.o
                0x08003edc                QMPool_put
 .text.QActive_ctor
                0x08003f38       0x14 ./Middlewares/Third_Party/QuantumLeaps_RTEF_qpc/src/qf/qf_qact.o
                0x08003f38                QActive_ctor
 .text.QActive_register_
                0x08003f4c       0x9c ./Middlewares/Third_Party/QuantumLeaps_RTEF_qpc/src/qf/qf_qact.o
                0x08003f4c                QActive_register_
 .text.QPSet_isEmpty
                0x08003fe8        0xa ./Middlewares/Third_Party/QuantumLeaps_RTEF_qpc/src/qf/qf_qact.o
                0x08003fe8                QPSet_isEmpty
 .text.QPSet_notEmpty
                0x08003ff2        0xa ./Middlewares/Third_Party/QuantumLeaps_RTEF_qpc/src/qf/qf_qact.o
                0x08003ff2                QPSet_notEmpty
 .text.QPSet_insert
                0x08003ffc        0xe ./Middlewares/Third_Party/QuantumLeaps_RTEF_qpc/src/qf/qf_qact.o
                0x08003ffc                QPSet_insert
 .text.QPSet_remove
                0x0800400a        0xe ./Middlewares/Third_Party/QuantumLeaps_RTEF_qpc/src/qf/qf_qact.o
                0x0800400a                QPSet_remove
 .text.QPSet_findMax
                0x08004018        0xa ./Middlewares/Third_Party/QuantumLeaps_RTEF_qpc/src/qf/qf_qact.o
                0x08004018                QPSet_findMax
 *fill*         0x08004022        0x2 
 .text.QEQueue_init
                0x08004024       0x3c ./Middlewares/Third_Party/QuantumLeaps_RTEF_qpc/src/qf/qf_qeq.o
                0x08004024                QEQueue_init
 .text.QTimeEvt_ctorX
                0x08004060       0x44 ./Middlewares/Third_Party/QuantumLeaps_RTEF_qpc/src/qf/qf_time.o
                0x08004060                QTimeEvt_ctorX
 .text.QTimeEvt_armX
                0x080040a4       0x6c ./Middlewares/Third_Party/QuantumLeaps_RTEF_qpc/src/qf/qf_time.o
                0x080040a4                QTimeEvt_armX
 .text.QTimeEvt_disarm
                0x08004110       0x2c ./Middlewares/Third_Party/QuantumLeaps_RTEF_qpc/src/qf/qf_time.o
                0x08004110                QTimeEvt_disarm
 .text.QTimeEvt_init
                0x0800413c       0x14 ./Middlewares/Third_Party/QuantumLeaps_RTEF_qpc/src/qf/qf_time.o
                0x0800413c                QTimeEvt_init
 .text.QTimeEvt_expire_
                0x08004150       0x1e ./Middlewares/Third_Party/QuantumLeaps_RTEF_qpc/src/qf/qf_time.o
                0x08004150                QTimeEvt_expire_
 *fill*         0x0800416e        0x2 
 .text.QTimeEvt_tick_
                0x08004170       0x90 ./Middlewares/Third_Party/QuantumLeaps_RTEF_qpc/src/qf/qf_time.o
                0x08004170                QTimeEvt_tick_
 .text.QK_sched_
                0x08004200       0x30 ./Middlewares/Third_Party/QuantumLeaps_RTEF_qpc/src/qk/qk.o
                0x08004200                QK_sched_
 .text.QK_sched_act_
                0x08004230       0x3c ./Middlewares/Third_Party/QuantumLeaps_RTEF_qpc/src/qk/qk.o
                0x08004230                QK_sched_act_
 .text.QK_activate_
                0x0800426c       0xa8 ./Middlewares/Third_Party/QuantumLeaps_RTEF_qpc/src/qk/qk.o
                0x0800426c                QK_activate_
 .text.QF_init  0x08004314       0x18 ./Middlewares/Third_Party/QuantumLeaps_RTEF_qpc/src/qk/qk.o
                0x08004314                QF_init
 .text.QF_run   0x0800432c       0x2c ./Middlewares/Third_Party/QuantumLeaps_RTEF_qpc/src/qk/qk.o
                0x0800432c                QF_run
 .text.QActive_start
                0x08004358       0x6c ./Middlewares/Third_Party/QuantumLeaps_RTEF_qpc/src/qk/qk.o
                0x08004358                QActive_start
 .text.csn_high
                0x080043c4       0x14 ./libraries/NRF24/NRF24.o
                0x080043c4                csn_high
 .text.csn_low  0x080043d8       0x14 ./libraries/NRF24/NRF24.o
                0x080043d8                csn_low
 .text.ce_high  0x080043ec       0x14 ./libraries/NRF24/NRF24.o
                0x080043ec                ce_high
 .text.ce_low   0x08004400       0x14 ./libraries/NRF24/NRF24.o
                0x08004400                ce_low
 .text.nrf24_w_reg
                0x08004414       0x3c ./libraries/NRF24/NRF24.o
                0x08004414                nrf24_w_reg
 .text.nrf24_r_reg
                0x08004450       0x44 ./libraries/NRF24/NRF24.o
                0x08004450                nrf24_r_reg
 .text.nrf24_w_spec_cmd
                0x08004494       0x1c ./libraries/NRF24/NRF24.o
                0x08004494                nrf24_w_spec_cmd
 .text.nrf24_pwr_up
                0x080044b0       0x26 ./libraries/NRF24/NRF24.o
                0x080044b0                nrf24_pwr_up
 .text.nrf24_tx_pwr
                0x080044d6       0x2a ./libraries/NRF24/NRF24.o
                0x080044d6                nrf24_tx_pwr
 .text.nrf24_data_rate
                0x08004500       0x34 ./libraries/NRF24/NRF24.o
                0x08004500                nrf24_data_rate
 .text.nrf24_set_channel
                0x08004534       0x12 ./libraries/NRF24/NRF24.o
                0x08004534                nrf24_set_channel
 .text.nrf24_open_tx_pipe
                0x08004546        0xe ./libraries/NRF24/NRF24.o
                0x08004546                nrf24_open_tx_pipe
 .text.nrf24_pipe_pld_size
                0x08004554       0x40 ./libraries/NRF24/NRF24.o
                0x08004554                nrf24_pipe_pld_size
 .text.nrf24_open_rx_pipe
                0x08004594       0x96 ./libraries/NRF24/NRF24.o
                0x08004594                nrf24_open_rx_pipe
 .text.nrf24_set_crc
                0x0800462a       0x2a ./libraries/NRF24/NRF24.o
                0x0800462a                nrf24_set_crc
 .text.nrf24_set_addr_width
                0x08004654       0x14 ./libraries/NRF24/NRF24.o
                0x08004654                nrf24_set_addr_width
 .text.nrf24_flush_tx
                0x08004668       0x12 ./libraries/NRF24/NRF24.o
                0x08004668                nrf24_flush_tx
 .text.nrf24_flush_rx
                0x0800467a       0x12 ./libraries/NRF24/NRF24.o
                0x0800467a                nrf24_flush_rx
 .text.nrf24_r_status
                0x0800468c       0x38 ./libraries/NRF24/NRF24.o
                0x0800468c                nrf24_r_status
 .text.nrf24_clear_rx_dr
                0x080046c4       0x22 ./libraries/NRF24/NRF24.o
                0x080046c4                nrf24_clear_rx_dr
 .text.nrf24_clear_tx_ds
                0x080046e6       0x22 ./libraries/NRF24/NRF24.o
                0x080046e6                nrf24_clear_tx_ds
 .text.nrf24_clear_max_rt
                0x08004708       0x22 ./libraries/NRF24/NRF24.o
                0x08004708                nrf24_clear_max_rt
 .text.nrf24_listen
                0x0800472a       0x26 ./libraries/NRF24/NRF24.o
                0x0800472a                nrf24_listen
 .text.nrf24_dpl
                0x08004750       0x2c ./libraries/NRF24/NRF24.o
                0x08004750                nrf24_dpl
 .text.nrf24_set_rx_dpl
                0x0800477c       0x3a ./libraries/NRF24/NRF24.o
                0x0800477c                nrf24_set_rx_dpl
 .text.nrf24_auto_ack_all
                0x080047b6       0x22 ./libraries/NRF24/NRF24.o
                0x080047b6                nrf24_auto_ack_all
 .text.nrf24_en_ack_pld
                0x080047d8       0x2c ./libraries/NRF24/NRF24.o
                0x080047d8                nrf24_en_ack_pld
 .text.nrf24_auto_retr_delay
                0x08004804       0x24 ./libraries/NRF24/NRF24.o
                0x08004804                nrf24_auto_retr_delay
 .text.nrf24_auto_retr_limit
                0x08004828       0x22 ./libraries/NRF24/NRF24.o
                0x08004828                nrf24_auto_retr_limit
 .text.nrf24_data_available
                0x0800484a       0x12 ./libraries/NRF24/NRF24.o
                0x0800484a                nrf24_data_available
 .text.nrf24_receive
                0x0800485c       0x40 ./libraries/NRF24/NRF24.o
                0x0800485c                nrf24_receive
 .text.nrf24_init
                0x0800489c       0x1c ./libraries/NRF24/NRF24.o
                0x0800489c                nrf24_init
 .text.ssd1306_WriteCommand
                0x080048b8       0x28 ./libraries/OLED_SSD1306/ssd1306.o
                0x080048b8                ssd1306_WriteCommand
 .text.ssd1306_WriteData
                0x080048e0       0x24 ./libraries/OLED_SSD1306/ssd1306.o
                0x080048e0                ssd1306_WriteData
 .text.ssd1306_Fill
                0x08004904       0x1c ./libraries/OLED_SSD1306/ssd1306.o
                0x08004904                ssd1306_Fill
 .text.ssd1306_UpdateScreen
                0x08004920       0x30 ./libraries/OLED_SSD1306/ssd1306.o
                0x08004920                ssd1306_UpdateScreen
 .text.ssd1306_DrawPixel
                0x08004950       0x30 ./libraries/OLED_SSD1306/ssd1306.o
                0x08004950                ssd1306_DrawPixel
 .text.ssd1306_WriteChar
                0x08004980       0xb0 ./libraries/OLED_SSD1306/ssd1306.o
                0x08004980                ssd1306_WriteChar
 .text.ssd1306_WriteString
                0x08004a30       0x32 ./libraries/OLED_SSD1306/ssd1306.o
                0x08004a30                ssd1306_WriteString
 *fill*         0x08004a62        0x2 
 .text.ssd1306_SetCursor
                0x08004a64        0xc ./libraries/OLED_SSD1306/ssd1306.o
                0x08004a64                ssd1306_SetCursor
 .text.ssd1306_FillRectangle
                0x08004a70       0x5e ./libraries/OLED_SSD1306/ssd1306.o
                0x08004a70                ssd1306_FillRectangle
 .text.ssd1306_SetContrast
                0x08004ace       0x12 ./libraries/OLED_SSD1306/ssd1306.o
                0x08004ace                ssd1306_SetContrast
 .text.ssd1306_SetDisplayOn
                0x08004ae0       0x1c ./libraries/OLED_SSD1306/ssd1306.o
                0x08004ae0                ssd1306_SetDisplayOn
 .text.ssd1306_Init
                0x08004afc       0xc8 ./libraries/OLED_SSD1306/ssd1306.o
                0x08004afc                ssd1306_Init
 .text.std      0x08004bc4       0x6c M:/embedded/IDE/STM32CubeIDE_1.19.0/STM32CubeIDE/plugins/com.st.stm32cube.ide.mcu.externaltools.gnu-tools-for-stm32.13.3.rel1.win32_1.0.0.202411081344/tools/bin/../lib/gcc/arm-none-eabi/13.3.1/../../../../arm-none-eabi/lib/thumb/v6-m/nofp\libc_nano.a(libc_a-findfp.o)
 .text.stdio_exit_handler
                0x08004c30       0x1c M:/embedded/IDE/STM32CubeIDE_1.19.0/STM32CubeIDE/plugins/com.st.stm32cube.ide.mcu.externaltools.gnu-tools-for-stm32.13.3.rel1.win32_1.0.0.202411081344/tools/bin/../lib/gcc/arm-none-eabi/13.3.1/../../../../arm-none-eabi/lib/thumb/v6-m/nofp\libc_nano.a(libc_a-findfp.o)
 .text.cleanup_stdio
                0x08004c4c       0x3c M:/embedded/IDE/STM32CubeIDE_1.19.0/STM32CubeIDE/plugins/com.st.stm32cube.ide.mcu.externaltools.gnu-tools-for-stm32.13.3.rel1.win32_1.0.0.202411081344/tools/bin/../lib/gcc/arm-none-eabi/13.3.1/../../../../arm-none-eabi/lib/thumb/v6-m/nofp\libc_nano.a(libc_a-findfp.o)
 .text.global_stdio_init.part.0
                0x08004c88       0x3c M:/embedded/IDE/STM32CubeIDE_1.19.0/STM32CubeIDE/plugins/com.st.stm32cube.ide.mcu.externaltools.gnu-tools-for-stm32.13.3.rel1.win32_1.0.0.202411081344/tools/bin/../lib/gcc/arm-none-eabi/13.3.1/../../../../arm-none-eabi/lib/thumb/v6-m/nofp\libc_nano.a(libc_a-findfp.o)
 .text.__sfp_lock_acquire
                0x08004cc4       0x10 M:/embedded/IDE/STM32CubeIDE_1.19.0/STM32CubeIDE/plugins/com.st.stm32cube.ide.mcu.externaltools.gnu-tools-for-stm32.13.3.rel1.win32_1.0.0.202411081344/tools/bin/../lib/gcc/arm-none-eabi/13.3.1/../../../../arm-none-eabi/lib/thumb/v6-m/nofp\libc_nano.a(libc_a-findfp.o)
                0x08004cc4                __sfp_lock_acquire
 .text.__sfp_lock_release
                0x08004cd4       0x10 M:/embedded/IDE/STM32CubeIDE_1.19.0/STM32CubeIDE/plugins/com.st.stm32cube.ide.mcu.externaltools.gnu-tools-for-stm32.13.3.rel1.win32_1.0.0.202411081344/tools/bin/../lib/gcc/arm-none-eabi/13.3.1/../../../../arm-none-eabi/lib/thumb/v6-m/nofp\libc_nano.a(libc_a-findfp.o)
                0x08004cd4                __sfp_lock_release
 .text.__sinit  0x08004ce4       0x30 M:/embedded/IDE/STM32CubeIDE_1.19.0/STM32CubeIDE/plugins/com.st.stm32cube.ide.mcu.externaltools.gnu-tools-for-stm32.13.3.rel1.win32_1.0.0.202411081344/tools/bin/../lib/gcc/arm-none-eabi/13.3.1/../../../../arm-none-eabi/lib/thumb/v6-m/nofp\libc_nano.a(libc_a-findfp.o)
                0x08004ce4                __sinit
 .text._fwalk_sglue
                0x08004d14       0x38 M:/embedded/IDE/STM32CubeIDE_1.19.0/STM32CubeIDE/plugins/com.st.stm32cube.ide.mcu.externaltools.gnu-tools-for-stm32.13.3.rel1.win32_1.0.0.202411081344/tools/bin/../lib/gcc/arm-none-eabi/13.3.1/../../../../arm-none-eabi/lib/thumb/v6-m/nofp\libc_nano.a(libc_a-fwalk.o)
                0x08004d14                _fwalk_sglue
 .text.printf   0x08004d4c       0x20 M:/embedded/IDE/STM32CubeIDE_1.19.0/STM32CubeIDE/plugins/com.st.stm32cube.ide.mcu.externaltools.gnu-tools-for-stm32.13.3.rel1.win32_1.0.0.202411081344/tools/bin/../lib/gcc/arm-none-eabi/13.3.1/../../../../arm-none-eabi/lib/thumb/v6-m/nofp\libc_nano.a(libc_a-printf.o)
                0x08004d4c                iprintf
                0x08004d4c                printf
 .text._puts_r  0x08004d6c       0xac M:/embedded/IDE/STM32CubeIDE_1.19.0/STM32CubeIDE/plugins/com.st.stm32cube.ide.mcu.externaltools.gnu-tools-for-stm32.13.3.rel1.win32_1.0.0.202411081344/tools/bin/../lib/gcc/arm-none-eabi/13.3.1/../../../../arm-none-eabi/lib/thumb/v6-m/nofp\libc_nano.a(libc_a-puts.o)
                0x08004d6c                _puts_r
 .text.puts     0x08004e18       0x14 M:/embedded/IDE/STM32CubeIDE_1.19.0/STM32CubeIDE/plugins/com.st.stm32cube.ide.mcu.externaltools.gnu-tools-for-stm32.13.3.rel1.win32_1.0.0.202411081344/tools/bin/../lib/gcc/arm-none-eabi/13.3.1/../../../../arm-none-eabi/lib/thumb/v6-m/nofp\libc_nano.a(libc_a-puts.o)
                0x08004e18                puts
 .text.sprintf  0x08004e2c       0x44 M:/embedded/IDE/STM32CubeIDE_1.19.0/STM32CubeIDE/plugins/com.st.stm32cube.ide.mcu.externaltools.gnu-tools-for-stm32.13.3.rel1.win32_1.0.0.202411081344/tools/bin/../lib/gcc/arm-none-eabi/13.3.1/../../../../arm-none-eabi/lib/thumb/v6-m/nofp\libc_nano.a(libc_a-sprintf.o)
                0x08004e2c                siprintf
                0x08004e2c                sprintf
 .text.__sread  0x08004e70       0x28 M:/embedded/IDE/STM32CubeIDE_1.19.0/STM32CubeIDE/plugins/com.st.stm32cube.ide.mcu.externaltools.gnu-tools-for-stm32.13.3.rel1.win32_1.0.0.202411081344/tools/bin/../lib/gcc/arm-none-eabi/13.3.1/../../../../arm-none-eabi/lib/thumb/v6-m/nofp\libc_nano.a(libc_a-stdio.o)
                0x08004e70                __sread
 .text.__swrite
                0x08004e98       0x38 M:/embedded/IDE/STM32CubeIDE_1.19.0/STM32CubeIDE/plugins/com.st.stm32cube.ide.mcu.externaltools.gnu-tools-for-stm32.13.3.rel1.win32_1.0.0.202411081344/tools/bin/../lib/gcc/arm-none-eabi/13.3.1/../../../../arm-none-eabi/lib/thumb/v6-m/nofp\libc_nano.a(libc_a-stdio.o)
                0x08004e98                __swrite
 .text.__sseek  0x08004ed0       0x2c M:/embedded/IDE/STM32CubeIDE_1.19.0/STM32CubeIDE/plugins/com.st.stm32cube.ide.mcu.externaltools.gnu-tools-for-stm32.13.3.rel1.win32_1.0.0.202411081344/tools/bin/../lib/gcc/arm-none-eabi/13.3.1/../../../../arm-none-eabi/lib/thumb/v6-m/nofp\libc_nano.a(libc_a-stdio.o)
                0x08004ed0                __sseek
 .text.__sclose
                0x08004efc        0xc M:/embedded/IDE/STM32CubeIDE_1.19.0/STM32CubeIDE/plugins/com.st.stm32cube.ide.mcu.externaltools.gnu-tools-for-stm32.13.3.rel1.win32_1.0.0.202411081344/tools/bin/../lib/gcc/arm-none-eabi/13.3.1/../../../../arm-none-eabi/lib/thumb/v6-m/nofp\libc_nano.a(libc_a-stdio.o)
                0x08004efc                __sclose
 .text.__swbuf_r
                0x08004f08       0x84 M:/embedded/IDE/STM32CubeIDE_1.19.0/STM32CubeIDE/plugins/com.st.stm32cube.ide.mcu.externaltools.gnu-tools-for-stm32.13.3.rel1.win32_1.0.0.202411081344/tools/bin/../lib/gcc/arm-none-eabi/13.3.1/../../../../arm-none-eabi/lib/thumb/v6-m/nofp\libc_nano.a(libc_a-wbuf.o)
                0x08004f08                __swbuf_r
 .text.__swsetup_r
                0x08004f8c       0xbc M:/embedded/IDE/STM32CubeIDE_1.19.0/STM32CubeIDE/plugins/com.st.stm32cube.ide.mcu.externaltools.gnu-tools-for-stm32.13.3.rel1.win32_1.0.0.202411081344/tools/bin/../lib/gcc/arm-none-eabi/13.3.1/../../../../arm-none-eabi/lib/thumb/v6-m/nofp\libc_nano.a(libc_a-wsetup.o)
                0x08004f8c                __swsetup_r
 .text.memmove  0x08005048       0x24 M:/embedded/IDE/STM32CubeIDE_1.19.0/STM32CubeIDE/plugins/com.st.stm32cube.ide.mcu.externaltools.gnu-tools-for-stm32.13.3.rel1.win32_1.0.0.202411081344/tools/bin/../lib/gcc/arm-none-eabi/13.3.1/../../../../arm-none-eabi/lib/thumb/v6-m/nofp\libc_nano.a(libc_a-memmove.o)
                0x08005048                memmove
 .text.memset   0x0800506c       0x10 M:/embedded/IDE/STM32CubeIDE_1.19.0/STM32CubeIDE/plugins/com.st.stm32cube.ide.mcu.externaltools.gnu-tools-for-stm32.13.3.rel1.win32_1.0.0.202411081344/tools/bin/../lib/gcc/arm-none-eabi/13.3.1/../../../../arm-none-eabi/lib/thumb/v6-m/nofp\libc_nano.a(libc_a-memset.o)
                0x0800506c                memset
 .text._close_r
                0x0800507c       0x24 M:/embedded/IDE/STM32CubeIDE_1.19.0/STM32CubeIDE/plugins/com.st.stm32cube.ide.mcu.externaltools.gnu-tools-for-stm32.13.3.rel1.win32_1.0.0.202411081344/tools/bin/../lib/gcc/arm-none-eabi/13.3.1/../../../../arm-none-eabi/lib/thumb/v6-m/nofp\libc_nano.a(libc_a-closer.o)
                0x0800507c                _close_r
 .text._lseek_r
                0x080050a0       0x28 M:/embedded/IDE/STM32CubeIDE_1.19.0/STM32CubeIDE/plugins/com.st.stm32cube.ide.mcu.externaltools.gnu-tools-for-stm32.13.3.rel1.win32_1.0.0.202411081344/tools/bin/../lib/gcc/arm-none-eabi/13.3.1/../../../../arm-none-eabi/lib/thumb/v6-m/nofp\libc_nano.a(libc_a-lseekr.o)
                0x080050a0                _lseek_r
 .text._read_r  0x080050c8       0x28 M:/embedded/IDE/STM32CubeIDE_1.19.0/STM32CubeIDE/plugins/com.st.stm32cube.ide.mcu.externaltools.gnu-tools-for-stm32.13.3.rel1.win32_1.0.0.202411081344/tools/bin/../lib/gcc/arm-none-eabi/13.3.1/../../../../arm-none-eabi/lib/thumb/v6-m/nofp\libc_nano.a(libc_a-readr.o)
                0x080050c8                _read_r
 .text._write_r
                0x080050f0       0x28 M:/embedded/IDE/STM32CubeIDE_1.19.0/STM32CubeIDE/plugins/com.st.stm32cube.ide.mcu.externaltools.gnu-tools-for-stm32.13.3.rel1.win32_1.0.0.202411081344/tools/bin/../lib/gcc/arm-none-eabi/13.3.1/../../../../arm-none-eabi/lib/thumb/v6-m/nofp\libc_nano.a(libc_a-writer.o)
                0x080050f0                _write_r
 .text.__errno  0x08005118        0xc M:/embedded/IDE/STM32CubeIDE_1.19.0/STM32CubeIDE/plugins/com.st.stm32cube.ide.mcu.externaltools.gnu-tools-for-stm32.13.3.rel1.win32_1.0.0.202411081344/tools/bin/../lib/gcc/arm-none-eabi/13.3.1/../../../../arm-none-eabi/lib/thumb/v6-m/nofp\libc_nano.a(libc_a-errno.o)
                0x08005118                __errno
 .text.__libc_init_array
                0x08005124       0x48 M:/embedded/IDE/STM32CubeIDE_1.19.0/STM32CubeIDE/plugins/com.st.stm32cube.ide.mcu.externaltools.gnu-tools-for-stm32.13.3.rel1.win32_1.0.0.202411081344/tools/bin/../lib/gcc/arm-none-eabi/13.3.1/../../../../arm-none-eabi/lib/thumb/v6-m/nofp\libc_nano.a(libc_a-init.o)
                0x08005124                __libc_init_array
 .text.__retarget_lock_init_recursive
                0x0800516c        0x2 M:/embedded/IDE/STM32CubeIDE_1.19.0/STM32CubeIDE/plugins/com.st.stm32cube.ide.mcu.externaltools.gnu-tools-for-stm32.13.3.rel1.win32_1.0.0.202411081344/tools/bin/../lib/gcc/arm-none-eabi/13.3.1/../../../../arm-none-eabi/lib/thumb/v6-m/nofp\libc_nano.a(libc_a-lock.o)
                0x0800516c                __retarget_lock_init_recursive
 .text.__retarget_lock_acquire_recursive
                0x0800516e        0x2 M:/embedded/IDE/STM32CubeIDE_1.19.0/STM32CubeIDE/plugins/com.st.stm32cube.ide.mcu.externaltools.gnu-tools-for-stm32.13.3.rel1.win32_1.0.0.202411081344/tools/bin/../lib/gcc/arm-none-eabi/13.3.1/../../../../arm-none-eabi/lib/thumb/v6-m/nofp\libc_nano.a(libc_a-lock.o)
                0x0800516e                __retarget_lock_acquire_recursive
 .text.__retarget_lock_release_recursive
                0x08005170        0x2 M:/embedded/IDE/STM32CubeIDE_1.19.0/STM32CubeIDE/plugins/com.st.stm32cube.ide.mcu.externaltools.gnu-tools-for-stm32.13.3.rel1.win32_1.0.0.202411081344/tools/bin/../lib/gcc/arm-none-eabi/13.3.1/../../../../arm-none-eabi/lib/thumb/v6-m/nofp\libc_nano.a(libc_a-lock.o)
                0x08005170                __retarget_lock_release_recursive
 .text.memcpy   0x08005172       0x12 M:/embedded/IDE/STM32CubeIDE_1.19.0/STM32CubeIDE/plugins/com.st.stm32cube.ide.mcu.externaltools.gnu-tools-for-stm32.13.3.rel1.win32_1.0.0.202411081344/tools/bin/../lib/gcc/arm-none-eabi/13.3.1/../../../../arm-none-eabi/lib/thumb/v6-m/nofp\libc_nano.a(libc_a-memcpy-stub.o)
                0x08005172                memcpy
 .text._free_r  0x08005184       0x94 M:/embedded/IDE/STM32CubeIDE_1.19.0/STM32CubeIDE/plugins/com.st.stm32cube.ide.mcu.externaltools.gnu-tools-for-stm32.13.3.rel1.win32_1.0.0.202411081344/tools/bin/../lib/gcc/arm-none-eabi/13.3.1/../../../../arm-none-eabi/lib/thumb/v6-m/nofp\libc_nano.a(libc_a-freer.o)
                0x08005184                _free_r
 .text.sbrk_aligned
                0x08005218       0x44 M:/embedded/IDE/STM32CubeIDE_1.19.0/STM32CubeIDE/plugins/com.st.stm32cube.ide.mcu.externaltools.gnu-tools-for-stm32.13.3.rel1.win32_1.0.0.202411081344/tools/bin/../lib/gcc/arm-none-eabi/13.3.1/../../../../arm-none-eabi/lib/thumb/v6-m/nofp\libc_nano.a(libc_a-mallocr.o)
 .text._malloc_r
                0x0800525c      0x100 M:/embedded/IDE/STM32CubeIDE_1.19.0/STM32CubeIDE/plugins/com.st.stm32cube.ide.mcu.externaltools.gnu-tools-for-stm32.13.3.rel1.win32_1.0.0.202411081344/tools/bin/../lib/gcc/arm-none-eabi/13.3.1/../../../../arm-none-eabi/lib/thumb/v6-m/nofp\libc_nano.a(libc_a-mallocr.o)
                0x0800525c                _malloc_r
 .text.__malloc_lock
                0x0800535c       0x10 M:/embedded/IDE/STM32CubeIDE_1.19.0/STM32CubeIDE/plugins/com.st.stm32cube.ide.mcu.externaltools.gnu-tools-for-stm32.13.3.rel1.win32_1.0.0.202411081344/tools/bin/../lib/gcc/arm-none-eabi/13.3.1/../../../../arm-none-eabi/lib/thumb/v6-m/nofp\libc_nano.a(libc_a-mlock.o)
                0x0800535c                __malloc_lock
 .text.__malloc_unlock
                0x0800536c       0x10 M:/embedded/IDE/STM32CubeIDE_1.19.0/STM32CubeIDE/plugins/com.st.stm32cube.ide.mcu.externaltools.gnu-tools-for-stm32.13.3.rel1.win32_1.0.0.202411081344/tools/bin/../lib/gcc/arm-none-eabi/13.3.1/../../../../arm-none-eabi/lib/thumb/v6-m/nofp\libc_nano.a(libc_a-mlock.o)
                0x0800536c                __malloc_unlock
 .text.__ssputs_r
                0x0800537c       0xc0 M:/embedded/IDE/STM32CubeIDE_1.19.0/STM32CubeIDE/plugins/com.st.stm32cube.ide.mcu.externaltools.gnu-tools-for-stm32.13.3.rel1.win32_1.0.0.202411081344/tools/bin/../lib/gcc/arm-none-eabi/13.3.1/../../../../arm-none-eabi/lib/thumb/v6-m/nofp\libc_nano.a(libc_a-nano-svfprintf.o)
                0x0800537c                __ssputs_r
 .text._svfprintf_r
                0x0800543c      0x1fc M:/embedded/IDE/STM32CubeIDE_1.19.0/STM32CubeIDE/plugins/com.st.stm32cube.ide.mcu.externaltools.gnu-tools-for-stm32.13.3.rel1.win32_1.0.0.202411081344/tools/bin/../lib/gcc/arm-none-eabi/13.3.1/../../../../arm-none-eabi/lib/thumb/v6-m/nofp\libc_nano.a(libc_a-nano-svfprintf.o)
                0x0800543c                _svfiprintf_r
                0x0800543c                _svfprintf_r
 .text.__sfputc_r
                0x08005638       0x2a M:/embedded/IDE/STM32CubeIDE_1.19.0/STM32CubeIDE/plugins/com.st.stm32cube.ide.mcu.externaltools.gnu-tools-for-stm32.13.3.rel1.win32_1.0.0.202411081344/tools/bin/../lib/gcc/arm-none-eabi/13.3.1/../../../../arm-none-eabi/lib/thumb/v6-m/nofp\libc_nano.a(libc_a-nano-vfprintf.o)
 .text.__sfputs_r
                0x08005662       0x24 M:/embedded/IDE/STM32CubeIDE_1.19.0/STM32CubeIDE/plugins/com.st.stm32cube.ide.mcu.externaltools.gnu-tools-for-stm32.13.3.rel1.win32_1.0.0.202411081344/tools/bin/../lib/gcc/arm-none-eabi/13.3.1/../../../../arm-none-eabi/lib/thumb/v6-m/nofp\libc_nano.a(libc_a-nano-vfprintf.o)
                0x08005662                __sfputs_r
 *fill*         0x08005686        0x2 
 .text._vfprintf_r
                0x08005688      0x238 M:/embedded/IDE/STM32CubeIDE_1.19.0/STM32CubeIDE/plugins/com.st.stm32cube.ide.mcu.externaltools.gnu-tools-for-stm32.13.3.rel1.win32_1.0.0.202411081344/tools/bin/../lib/gcc/arm-none-eabi/13.3.1/../../../../arm-none-eabi/lib/thumb/v6-m/nofp\libc_nano.a(libc_a-nano-vfprintf.o)
                0x08005688                _vfprintf_r
                0x08005688                _vfiprintf_r
 .text._printf_common
                0x080058c0       0xde M:/embedded/IDE/STM32CubeIDE_1.19.0/STM32CubeIDE/plugins/com.st.stm32cube.ide.mcu.externaltools.gnu-tools-for-stm32.13.3.rel1.win32_1.0.0.202411081344/tools/bin/../lib/gcc/arm-none-eabi/13.3.1/../../../../arm-none-eabi/lib/thumb/v6-m/nofp\libc_nano.a(libc_a-nano-vfprintf_i.o)
                0x080058c0                _printf_common
 *fill*         0x0800599e        0x2 
 .text._printf_i
                0x080059a0      0x218 M:/embedded/IDE/STM32CubeIDE_1.19.0/STM32CubeIDE/plugins/com.st.stm32cube.ide.mcu.externaltools.gnu-tools-for-stm32.13.3.rel1.win32_1.0.0.202411081344/tools/bin/../lib/gcc/arm-none-eabi/13.3.1/../../../../arm-none-eabi/lib/thumb/v6-m/nofp\libc_nano.a(libc_a-nano-vfprintf_i.o)
                0x080059a0                _printf_i
 .text.__sflush_r
                0x08005bb8      0x10c M:/embedded/IDE/STM32CubeIDE_1.19.0/STM32CubeIDE/plugins/com.st.stm32cube.ide.mcu.externaltools.gnu-tools-for-stm32.13.3.rel1.win32_1.0.0.202411081344/tools/bin/../lib/gcc/arm-none-eabi/13.3.1/../../../../arm-none-eabi/lib/thumb/v6-m/nofp\libc_nano.a(libc_a-fflush.o)
                0x08005bb8                __sflush_r
 .text._fflush_r
                0x08005cc4       0x56 M:/embedded/IDE/STM32CubeIDE_1.19.0/STM32CubeIDE/plugins/com.st.stm32cube.ide.mcu.externaltools.gnu-tools-for-stm32.13.3.rel1.win32_1.0.0.202411081344/tools/bin/../lib/gcc/arm-none-eabi/13.3.1/../../../../arm-none-eabi/lib/thumb/v6-m/nofp\libc_nano.a(libc_a-fflush.o)
                0x08005cc4                _fflush_r
 *fill*         0x08005d1a        0x2 
 .text.__swhatbuf_r
                0x08005d1c       0x54 M:/embedded/IDE/STM32CubeIDE_1.19.0/STM32CubeIDE/plugins/com.st.stm32cube.ide.mcu.externaltools.gnu-tools-for-stm32.13.3.rel1.win32_1.0.0.202411081344/tools/bin/../lib/gcc/arm-none-eabi/13.3.1/../../../../arm-none-eabi/lib/thumb/v6-m/nofp\libc_nano.a(libc_a-makebuf.o)
                0x08005d1c                __swhatbuf_r
 .text.__smakebuf_r
                0x08005d70       0x82 M:/embedded/IDE/STM32CubeIDE_1.19.0/STM32CubeIDE/plugins/com.st.stm32cube.ide.mcu.externaltools.gnu-tools-for-stm32.13.3.rel1.win32_1.0.0.202411081344/tools/bin/../lib/gcc/arm-none-eabi/13.3.1/../../../../arm-none-eabi/lib/thumb/v6-m/nofp\libc_nano.a(libc_a-makebuf.o)
                0x08005d70                __smakebuf_r
 *fill*         0x08005df2        0x2 
 .text._fstat_r
                0x08005df4       0x24 M:/embedded/IDE/STM32CubeIDE_1.19.0/STM32CubeIDE/plugins/com.st.stm32cube.ide.mcu.externaltools.gnu-tools-for-stm32.13.3.rel1.win32_1.0.0.202411081344/tools/bin/../lib/gcc/arm-none-eabi/13.3.1/../../../../arm-none-eabi/lib/thumb/v6-m/nofp\libc_nano.a(libc_a-fstatr.o)
                0x08005df4                _fstat_r
 .text._isatty_r
                0x08005e18       0x24 M:/embedded/IDE/STM32CubeIDE_1.19.0/STM32CubeIDE/plugins/com.st.stm32cube.ide.mcu.externaltools.gnu-tools-for-stm32.13.3.rel1.win32_1.0.0.202411081344/tools/bin/../lib/gcc/arm-none-eabi/13.3.1/../../../../arm-none-eabi/lib/thumb/v6-m/nofp\libc_nano.a(libc_a-isattyr.o)
                0x08005e18                _isatty_r
 .text._sbrk_r  0x08005e3c       0x24 M:/embedded/IDE/STM32CubeIDE_1.19.0/STM32CubeIDE/plugins/com.st.stm32cube.ide.mcu.externaltools.gnu-tools-for-stm32.13.3.rel1.win32_1.0.0.202411081344/tools/bin/../lib/gcc/arm-none-eabi/13.3.1/../../../../arm-none-eabi/lib/thumb/v6-m/nofp\libc_nano.a(libc_a-sbrkr.o)
                0x08005e3c                _sbrk_r
 .text.memchr   0x08005e60       0x16 M:/embedded/IDE/STM32CubeIDE_1.19.0/STM32CubeIDE/plugins/com.st.stm32cube.ide.mcu.externaltools.gnu-tools-for-stm32.13.3.rel1.win32_1.0.0.202411081344/tools/bin/../lib/gcc/arm-none-eabi/13.3.1/../../../../arm-none-eabi/lib/thumb/v6-m/nofp\libc_nano.a(libc_a-memchr-stub.o)
                0x08005e60                memchr
 .text._realloc_r
                0x08005e76       0x60 M:/embedded/IDE/STM32CubeIDE_1.19.0/STM32CubeIDE/plugins/com.st.stm32cube.ide.mcu.externaltools.gnu-tools-for-stm32.13.3.rel1.win32_1.0.0.202411081344/tools/bin/../lib/gcc/arm-none-eabi/13.3.1/../../../../arm-none-eabi/lib/thumb/v6-m/nofp\libc_nano.a(libc_a-reallocr.o)
                0x08005e76                _realloc_r
 .text._malloc_usable_size_r
                0x08005ed6       0x10 M:/embedded/IDE/STM32CubeIDE_1.19.0/STM32CubeIDE/plugins/com.st.stm32cube.ide.mcu.externaltools.gnu-tools-for-stm32.13.3.rel1.win32_1.0.0.202411081344/tools/bin/../lib/gcc/arm-none-eabi/13.3.1/../../../../arm-none-eabi/lib/thumb/v6-m/nofp\libc_nano.a(libc_a-msizer.o)
                0x08005ed6                _malloc_usable_size_r
 *(.glue_7)
 .glue_7        0x08005ee6        0x0 linker stubs
 *(.glue_7t)
 .glue_7t       0x08005ee6        0x0 linker stubs
 *(.eh_frame)
 *fill*         0x08005ee6        0x2 
 .eh_frame      0x08005ee8        0x0 M:/embedded/IDE/STM32CubeIDE_1.19.0/STM32CubeIDE/plugins/com.st.stm32cube.ide.mcu.externaltools.gnu-tools-for-stm32.13.3.rel1.win32_1.0.0.202411081344/tools/bin/../lib/gcc/arm-none-eabi/13.3.1/thumb/v6-m/nofp/crtbegin.o
 *(.init)
 .init          0x08005ee8        0x4 M:/embedded/IDE/STM32CubeIDE_1.19.0/STM32CubeIDE/plugins/com.st.stm32cube.ide.mcu.externaltools.gnu-tools-for-stm32.13.3.rel1.win32_1.0.0.202411081344/tools/bin/../lib/gcc/arm-none-eabi/13.3.1/thumb/v6-m/nofp/crti.o
                0x08005ee8                _init
 .init          0x08005eec        0x8 M:/embedded/IDE/STM32CubeIDE_1.19.0/STM32CubeIDE/plugins/com.st.stm32cube.ide.mcu.externaltools.gnu-tools-for-stm32.13.3.rel1.win32_1.0.0.202411081344/tools/bin/../lib/gcc/arm-none-eabi/13.3.1/thumb/v6-m/nofp/crtn.o
 *(.fini)
 .fini          0x08005ef4        0x4 M:/embedded/IDE/STM32CubeIDE_1.19.0/STM32CubeIDE/plugins/com.st.stm32cube.ide.mcu.externaltools.gnu-tools-for-stm32.13.3.rel1.win32_1.0.0.202411081344/tools/bin/../lib/gcc/arm-none-eabi/13.3.1/thumb/v6-m/nofp/crti.o
                0x08005ef4                _fini
 .fini          0x08005ef8        0x8 M:/embedded/IDE/STM32CubeIDE_1.19.0/STM32CubeIDE/plugins/com.st.stm32cube.ide.mcu.externaltools.gnu-tools-for-stm32.13.3.rel1.win32_1.0.0.202411081344/tools/bin/../lib/gcc/arm-none-eabi/13.3.1/thumb/v6-m/nofp/crtn.o
                0x08005f00                        . = ALIGN (0x4)
                0x08005f00                        _etext = .

.vfp11_veneer   0x08005f00        0x0
 .vfp11_veneer  0x08005f00        0x0 linker stubs

.v4_bx          0x08005f00        0x0
 .v4_bx         0x08005f00        0x0 linker stubs

.iplt           0x08005f00        0x0
 .iplt          0x08005f00        0x0 M:/embedded/IDE/STM32CubeIDE_1.19.0/STM32CubeIDE/plugins/com.st.stm32cube.ide.mcu.externaltools.gnu-tools-for-stm32.13.3.rel1.win32_1.0.0.202411081344/tools/bin/../lib/gcc/arm-none-eabi/13.3.1/thumb/v6-m/nofp/crtbegin.o

.rodata         0x08005f00     0x154c
                0x08005f00                        . = ALIGN (0x4)
 *(.rodata)
 *(.rodata*)
 .rodata.init_nrf.str1.1
                0x08005f00       0xff ./Core/Src/NRF_chip.o
                                  0x6 (size before relaxing)
 .rodata.HAL_TIM_IC_CaptureCallback.str1.1
                0x08005fff       0x28 ./Core/Src/bsp.o
 *fill*         0x08005fff        0x1 
 .rodata.nrfEvt.0
                0x08006000        0x8 ./Core/Src/bsp.o
 .rodata.display_temp.str1.1
                0x08006008        0x5 ./Core/Src/display.o
 .rodata.Error_Handler.str1.1
                0x08006008        0xa ./Core/Src/main.o
 .rodata.main.str1.1
                0x08006008        0x6 ./Core/Src/main.o
 .rodata.MainApp_pump.str1.1
                0x08006008       0x33 ./Core/Src/main_app.o
 .rodata.ADC_Start_Evt.0
                0x08006008        0x8 ./Core/Src/main_app.o
 .rodata.AO_RFButton
                0x08006010        0x4 ./Core/Src/main_app.o
                0x08006010                AO_RFButton
 .rodata.AO_Main_App
                0x08006014        0x4 ./Core/Src/main_app.o
                0x08006014                AO_Main_App
 .rodata.RFButton_wait.str1.1
                0x08006018        0x5 ./Core/Src/rfbutton.o
 .rodata.rlsEvt.0
                0x08006018        0x8 ./Core/Src/rfbutton.o
 .rodata.nrfEvt.1
                0x08006020        0x8 ./Core/Src/rfbutton.o
 .rodata.Sensor_wait_response.str1.1
                0x08006028       0x51 ./Core/Src/sensor.o
 .rodata.HardFault_Handler.str1.1
                0x08006028        0xa ./Core/Src/stm32c0xx_it.o
 .rodata.AHBPrescTable
                0x08006028       0x40 ./Core/Src/system_stm32c0xx.o
                0x08006028                AHBPrescTable
 .rodata.QF_port_module_
                0x08006068        0x8 ./Middlewares/Third_Party/QuantumLeaps_RTEF_qpc/ports/arm-cm/qk/gnu/qk_port.o
                0x08006068                QF_port_module_
 .rodata.vtable.0
                0x08006070       0x10 ./Middlewares/Third_Party/QuantumLeaps_RTEF_qpc/src/qf/qep_hsm.o
 .rodata.l_resEvt_
                0x08006080       0x20 ./Middlewares/Third_Party/QuantumLeaps_RTEF_qpc/src/qf/qep_hsm.o
 .rodata.Q_this_module_
                0x080060a0        0x8 ./Middlewares/Third_Party/QuantumLeaps_RTEF_qpc/src/qf/qep_hsm.o
 .rodata.Q_this_module_
                0x080060a8        0x7 ./Middlewares/Third_Party/QuantumLeaps_RTEF_qpc/src/qf/qf_act.o
 .rodata.Q_this_module_
                0x080060af        0x8 ./Middlewares/Third_Party/QuantumLeaps_RTEF_qpc/src/qf/qf_actq.o
 .rodata.Q_this_module_
                0x080060b7        0x7 ./Middlewares/Third_Party/QuantumLeaps_RTEF_qpc/src/qf/qf_dyn.o
 .rodata.Q_this_module_
                0x080060be        0x7 ./Middlewares/Third_Party/QuantumLeaps_RTEF_qpc/src/qf/qf_mem.o
 *fill*         0x080060c5        0x3 
 .rodata.vtable.0
                0x080060c8       0x10 ./Middlewares/Third_Party/QuantumLeaps_RTEF_qpc/src/qf/qf_qact.o
 .rodata.Q_this_module_
                0x080060d8        0x8 ./Middlewares/Third_Party/QuantumLeaps_RTEF_qpc/src/qf/qf_qact.o
 .rodata.Q_this_module_
                0x080060e0        0x7 ./Middlewares/Third_Party/QuantumLeaps_RTEF_qpc/src/qf/qf_qeq.o
 .rodata.Q_this_module_
                0x080060e7        0x8 ./Middlewares/Third_Party/QuantumLeaps_RTEF_qpc/src/qf/qf_time.o
 .rodata.Q_this_module_
                0x080060ef        0x3 ./Middlewares/Third_Party/QuantumLeaps_RTEF_qpc/src/qk/qk.o
 *fill*         0x080060f2        0x2 
 .rodata.Font_16x26
                0x080060f4        0xc ./libraries/OLED_SSD1306/ssd1306_fonts.o
                0x080060f4                Font_16x26
 .rodata.Font16x26
                0x08006100     0x134c ./libraries/OLED_SSD1306/ssd1306_fonts.o
 .rodata._svfprintf_r.str1.1
                0x0800744c       0x11 M:/embedded/IDE/STM32CubeIDE_1.19.0/STM32CubeIDE/plugins/com.st.stm32cube.ide.mcu.externaltools.gnu-tools-for-stm32.13.3.rel1.win32_1.0.0.202411081344/tools/bin/../lib/gcc/arm-none-eabi/13.3.1/../../../../arm-none-eabi/lib/thumb/v6-m/nofp\libc_nano.a(libc_a-nano-svfprintf.o)
 .rodata._vfprintf_r.str1.1
                0x0800744c       0x11 M:/embedded/IDE/STM32CubeIDE_1.19.0/STM32CubeIDE/plugins/com.st.stm32cube.ide.mcu.externaltools.gnu-tools-for-stm32.13.3.rel1.win32_1.0.0.202411081344/tools/bin/../lib/gcc/arm-none-eabi/13.3.1/../../../../arm-none-eabi/lib/thumb/v6-m/nofp\libc_nano.a(libc_a-nano-vfprintf.o)
 .rodata._printf_i.str1.1
                0x0800744c       0x22 M:/embedded/IDE/STM32CubeIDE_1.19.0/STM32CubeIDE/plugins/com.st.stm32cube.ide.mcu.externaltools.gnu-tools-for-stm32.13.3.rel1.win32_1.0.0.202411081344/tools/bin/../lib/gcc/arm-none-eabi/13.3.1/../../../../arm-none-eabi/lib/thumb/v6-m/nofp\libc_nano.a(libc_a-nano-vfprintf_i.o)
                0x08007470                        . = ALIGN (0x4)

.ARM.extab      0x0800744c        0x0
                0x0800744c                        . = ALIGN (0x4)
 *(.ARM.extab* .gnu.linkonce.armextab.*)
                0x0800744c                        . = ALIGN (0x4)

.ARM            0x0800744c        0x0
                0x0800744c                        . = ALIGN (0x4)
                0x0800744c                        __exidx_start = .
 *(.ARM.exidx*)
                0x0800744c                        __exidx_end = .
                0x0800744c                        . = ALIGN (0x4)

.preinit_array  0x0800744c        0x0
                0x0800744c                        . = ALIGN (0x4)
                0x0800744c                        PROVIDE (__preinit_array_start = .)
 *(.preinit_array*)
                0x0800744c                        PROVIDE (__preinit_array_end = .)
                0x0800744c                        . = ALIGN (0x4)

.init_array     0x0800744c        0x4
                0x0800744c                        . = ALIGN (0x4)
                0x0800744c                        PROVIDE (__init_array_start = .)
 *(SORT_BY_NAME(.init_array.*))
 *(.init_array*)
 .init_array    0x0800744c        0x4 M:/embedded/IDE/STM32CubeIDE_1.19.0/STM32CubeIDE/plugins/com.st.stm32cube.ide.mcu.externaltools.gnu-tools-for-stm32.13.3.rel1.win32_1.0.0.202411081344/tools/bin/../lib/gcc/arm-none-eabi/13.3.1/thumb/v6-m/nofp/crtbegin.o
                0x08007450                        PROVIDE (__init_array_end = .)
                0x08007450                        . = ALIGN (0x4)

.fini_array     0x08007450        0x4
                0x08007450                        . = ALIGN (0x4)
                [!provide]                        PROVIDE (__fini_array_start = .)
 *(SORT_BY_NAME(.fini_array.*))
 *(.fini_array*)
 .fini_array    0x08007450        0x4 M:/embedded/IDE/STM32CubeIDE_1.19.0/STM32CubeIDE/plugins/com.st.stm32cube.ide.mcu.externaltools.gnu-tools-for-stm32.13.3.rel1.win32_1.0.0.202411081344/tools/bin/../lib/gcc/arm-none-eabi/13.3.1/thumb/v6-m/nofp/crtbegin.o
                [!provide]                        PROVIDE (__fini_array_end = .)
                0x08007454                        . = ALIGN (0x4)
                0x08007454                        _sidata = LOADADDR (.data)

.rel.dyn        0x08007454        0x0
 .rel.iplt      0x08007454        0x0 M:/embedded/IDE/STM32CubeIDE_1.19.0/STM32CubeIDE/plugins/com.st.stm32cube.ide.mcu.externaltools.gnu-tools-for-stm32.13.3.rel1.win32_1.0.0.202411081344/tools/bin/../lib/gcc/arm-none-eabi/13.3.1/thumb/v6-m/nofp/crtbegin.o

.data           0x20000000       0x68 load address 0x08007454
                0x20000000                        . = ALIGN (0x4)
                0x20000000                        _sdata = .
 *(.data)
 *(.data*)
 .data.SystemCoreClock
                0x20000000        0x4 ./Core/Src/system_stm32c0xx.o
                0x20000000                SystemCoreClock
 .data.uwTickFreq
                0x20000004        0x1 ./Drivers/STM32C0xx_HAL_Driver/Src/stm32c0xx_hal.o
                0x20000004                uwTickFreq
 *fill*         0x20000005        0x3 
 .data.uwTickPrio
                0x20000008        0x4 ./Drivers/STM32C0xx_HAL_Driver/Src/stm32c0xx_hal.o
                0x20000008                uwTickPrio
 .data.__sglue  0x2000000c        0xc M:/embedded/IDE/STM32CubeIDE_1.19.0/STM32CubeIDE/plugins/com.st.stm32cube.ide.mcu.externaltools.gnu-tools-for-stm32.13.3.rel1.win32_1.0.0.202411081344/tools/bin/../lib/gcc/arm-none-eabi/13.3.1/../../../../arm-none-eabi/lib/thumb/v6-m/nofp\libc_nano.a(libc_a-findfp.o)
                0x2000000c                __sglue
 .data._impure_ptr
                0x20000018        0x4 M:/embedded/IDE/STM32CubeIDE_1.19.0/STM32CubeIDE/plugins/com.st.stm32cube.ide.mcu.externaltools.gnu-tools-for-stm32.13.3.rel1.win32_1.0.0.202411081344/tools/bin/../lib/gcc/arm-none-eabi/13.3.1/../../../../arm-none-eabi/lib/thumb/v6-m/nofp\libc_nano.a(libc_a-impure.o)
                0x20000018                _impure_ptr
 .data._impure_data
                0x2000001c       0x4c M:/embedded/IDE/STM32CubeIDE_1.19.0/STM32CubeIDE/plugins/com.st.stm32cube.ide.mcu.externaltools.gnu-tools-for-stm32.13.3.rel1.win32_1.0.0.202411081344/tools/bin/../lib/gcc/arm-none-eabi/13.3.1/../../../../arm-none-eabi/lib/thumb/v6-m/nofp\libc_nano.a(libc_a-impure.o)
                0x2000001c                _impure_data
 *(.RamFunc)
 *(.RamFunc*)
                0x20000068                        . = ALIGN (0x4)
                0x20000068                        _edata = .

.igot.plt       0x20000068        0x0 load address 0x080074bc
 .igot.plt      0x20000068        0x0 M:/embedded/IDE/STM32CubeIDE_1.19.0/STM32CubeIDE/plugins/com.st.stm32cube.ide.mcu.externaltools.gnu-tools-for-stm32.13.3.rel1.win32_1.0.0.202411081344/tools/bin/../lib/gcc/arm-none-eabi/13.3.1/thumb/v6-m/nofp/crtbegin.o
                0x20000068                        . = ALIGN (0x4)

.bss            0x20000068      0x848 load address 0x080074bc
                0x20000068                        _sbss = .
                0x20000068                        __bss_start__ = _sbss
 *(.bss)
 .bss           0x20000068       0x1c M:/embedded/IDE/STM32CubeIDE_1.19.0/STM32CubeIDE/plugins/com.st.stm32cube.ide.mcu.externaltools.gnu-tools-for-stm32.13.3.rel1.win32_1.0.0.202411081344/tools/bin/../lib/gcc/arm-none-eabi/13.3.1/thumb/v6-m/nofp/crtbegin.o
 .bss           0x20000084        0xc ./Core/Src/main_app.o
 *(.bss*)
 .bss.ii        0x20000090        0x1 ./Core/Src/bsp.o
 *fill*         0x20000091        0x3 
 .bss.sysTickCounter
                0x20000094        0x4 ./Core/Src/bsp.o
 .bss.dhtEvtPoolSto
                0x20000098       0x80 ./Core/Src/main.o
 .bss.sensorEvtPoolSto
                0x20000118       0x18 ./Core/Src/main.o
 .bss.rfbuttonQueueSto
                0x20000130       0x14 ./Core/Src/main.o
 .bss.sensorQueueSto
                0x20000144       0x28 ./Core/Src/main.o
 .bss.menuGameQueueSto
                0x2000016c       0x3c ./Core/Src/main.o
 .bss.htim17    0x200001a8       0x4c ./Core/Src/main.o
                0x200001a8                htim17
 .bss.htim14    0x200001f4       0x4c ./Core/Src/main.o
                0x200001f4                htim14
 .bss.htim3     0x20000240       0x4c ./Core/Src/main.o
                0x20000240                htim3
 .bss.hspi1     0x2000028c       0x64 ./Core/Src/main.o
                0x2000028c                hspi1
 .bss.hi2c1     0x200002f0       0x54 ./Core/Src/main.o
                0x200002f0                hi2c1
 .bss.hadc1     0x20000344       0x64 ./Core/Src/main.o
                0x20000344                hadc1
 .bss.MainApp_inst
                0x200003a8       0x64 ./Core/Src/main_app.o
                0x200003a8                MainApp_inst
 .bss.RFButton_inst
                0x2000040c       0x24 ./Core/Src/rfbutton.o
                0x2000040c                RFButton_inst
 .bss.Sensor_inst
                0x20000430       0x38 ./Core/Src/sensor.o
                0x20000430                Sensor_inst
 .bss.__sbrk_heap_end
                0x20000468        0x4 ./Core/Src/sysmem.o
 .bss.uwTick    0x2000046c        0x4 ./Drivers/STM32C0xx_HAL_Driver/Src/stm32c0xx_hal.o
                0x2000046c                uwTick
 .bss.QF_priv_  0x20000470       0x40 ./Middlewares/Third_Party/QuantumLeaps_RTEF_qpc/src/qf/qf_qact.o
                0x20000470                QF_priv_
 .bss.QActive_registry_
                0x200004b0       0x84 ./Middlewares/Third_Party/QuantumLeaps_RTEF_qpc/src/qf/qf_qact.o
                0x200004b0                QActive_registry_
 .bss.QTimeEvt_timeEvtHead_
                0x20000534       0x1c ./Middlewares/Third_Party/QuantumLeaps_RTEF_qpc/src/qf/qf_time.o
                0x20000534                QTimeEvt_timeEvtHead_
 .bss.QK_priv_  0x20000550        0xc ./Middlewares/Third_Party/QuantumLeaps_RTEF_qpc/src/qk/qk.o
                0x20000550                QK_priv_
 .bss.SSD1306   0x2000055c        0x6 ./libraries/OLED_SSD1306/ssd1306.o
 .bss.SSD1306_Buffer
                0x20000562      0x200 ./libraries/OLED_SSD1306/ssd1306.o
 *fill*         0x20000762        0x2 
 .bss.__sf      0x20000764      0x138 M:/embedded/IDE/STM32CubeIDE_1.19.0/STM32CubeIDE/plugins/com.st.stm32cube.ide.mcu.externaltools.gnu-tools-for-stm32.13.3.rel1.win32_1.0.0.202411081344/tools/bin/../lib/gcc/arm-none-eabi/13.3.1/../../../../arm-none-eabi/lib/thumb/v6-m/nofp\libc_nano.a(libc_a-findfp.o)
                0x20000764                __sf
 .bss.__stdio_exit_handler
                0x2000089c        0x4 M:/embedded/IDE/STM32CubeIDE_1.19.0/STM32CubeIDE/plugins/com.st.stm32cube.ide.mcu.externaltools.gnu-tools-for-stm32.13.3.rel1.win32_1.0.0.202411081344/tools/bin/../lib/gcc/arm-none-eabi/13.3.1/../../../../arm-none-eabi/lib/thumb/v6-m/nofp\libc_nano.a(libc_a-findfp.o)
                0x2000089c                __stdio_exit_handler
 .bss.errno     0x200008a0        0x4 M:/embedded/IDE/STM32CubeIDE_1.19.0/STM32CubeIDE/plugins/com.st.stm32cube.ide.mcu.externaltools.gnu-tools-for-stm32.13.3.rel1.win32_1.0.0.202411081344/tools/bin/../lib/gcc/arm-none-eabi/13.3.1/../../../../arm-none-eabi/lib/thumb/v6-m/nofp\libc_nano.a(libc_a-reent.o)
                0x200008a0                errno
 .bss.__lock___malloc_recursive_mutex
                0x200008a4        0x1 M:/embedded/IDE/STM32CubeIDE_1.19.0/STM32CubeIDE/plugins/com.st.stm32cube.ide.mcu.externaltools.gnu-tools-for-stm32.13.3.rel1.win32_1.0.0.202411081344/tools/bin/../lib/gcc/arm-none-eabi/13.3.1/../../../../arm-none-eabi/lib/thumb/v6-m/nofp\libc_nano.a(libc_a-lock.o)
                0x200008a4                __lock___malloc_recursive_mutex
 .bss.__lock___sfp_recursive_mutex
                0x200008a5        0x1 M:/embedded/IDE/STM32CubeIDE_1.19.0/STM32CubeIDE/plugins/com.st.stm32cube.ide.mcu.externaltools.gnu-tools-for-stm32.13.3.rel1.win32_1.0.0.202411081344/tools/bin/../lib/gcc/arm-none-eabi/13.3.1/../../../../arm-none-eabi/lib/thumb/v6-m/nofp\libc_nano.a(libc_a-lock.o)
                0x200008a5                __lock___sfp_recursive_mutex
 *fill*         0x200008a6        0x2 
 .bss.__malloc_sbrk_start
                0x200008a8        0x4 M:/embedded/IDE/STM32CubeIDE_1.19.0/STM32CubeIDE/plugins/com.st.stm32cube.ide.mcu.externaltools.gnu-tools-for-stm32.13.3.rel1.win32_1.0.0.202411081344/tools/bin/../lib/gcc/arm-none-eabi/13.3.1/../../../../arm-none-eabi/lib/thumb/v6-m/nofp\libc_nano.a(libc_a-mallocr.o)
                0x200008a8                __malloc_sbrk_start
 .bss.__malloc_free_list
                0x200008ac        0x4 M:/embedded/IDE/STM32CubeIDE_1.19.0/STM32CubeIDE/plugins/com.st.stm32cube.ide.mcu.externaltools.gnu-tools-for-stm32.13.3.rel1.win32_1.0.0.202411081344/tools/bin/../lib/gcc/arm-none-eabi/13.3.1/../../../../arm-none-eabi/lib/thumb/v6-m/nofp\libc_nano.a(libc_a-mallocr.o)
                0x200008ac                __malloc_free_list
 *(COMMON)
                0x200008b0                        . = ALIGN (0x4)
                0x200008b0                        _ebss = .
                0x200008b0                        __bss_end__ = _ebss

._user_heap_stack
                0x200008b0      0x600 load address 0x080074bc
                0x200008b0                        . = ALIGN (0x8)
                [!provide]                        PROVIDE (end = .)
                0x200008b0                        PROVIDE (_end = .)
                0x20000ab0                        . = (. + _Min_Heap_Size)
 *fill*         0x200008b0      0x200 
                0x20000eb0                        . = (. + _Min_Stack_Size)
 *fill*         0x20000ab0      0x400 
                0x20000eb0                        . = ALIGN (0x8)

/DISCARD/
 libc.a(*)
 libm.a(*)
 libgcc.a(*)

.ARM.attributes
                0x00000000       0x28
 *(.ARM.attributes)
 .ARM.attributes
                0x00000000       0x1e M:/embedded/IDE/STM32CubeIDE_1.19.0/STM32CubeIDE/plugins/com.st.stm32cube.ide.mcu.externaltools.gnu-tools-for-stm32.13.3.rel1.win32_1.0.0.202411081344/tools/bin/../lib/gcc/arm-none-eabi/13.3.1/thumb/v6-m/nofp/crti.o
 .ARM.attributes
                0x0000001e       0x2c M:/embedded/IDE/STM32CubeIDE_1.19.0/STM32CubeIDE/plugins/com.st.stm32cube.ide.mcu.externaltools.gnu-tools-for-stm32.13.3.rel1.win32_1.0.0.202411081344/tools/bin/../lib/gcc/arm-none-eabi/13.3.1/thumb/v6-m/nofp/crtbegin.o
 .ARM.attributes
                0x0000004a       0x2c ./Core/Src/NRF_chip.o
 .ARM.attributes
                0x00000076       0x2c ./Core/Src/bsp.o
 .ARM.attributes
                0x000000a2       0x2c ./Core/Src/display.o
 .ARM.attributes
                0x000000ce       0x2c ./Core/Src/main.o
 .ARM.attributes
                0x000000fa       0x2c ./Core/Src/main_app.o
 .ARM.attributes
                0x00000126       0x2c ./Core/Src/rfbutton.o
 .ARM.attributes
                0x00000152       0x2c ./Core/Src/sensor.o
 .ARM.attributes
                0x0000017e       0x2c ./Core/Src/stm32c0xx_hal_msp.o
 .ARM.attributes
                0x000001aa       0x2c ./Core/Src/stm32c0xx_it.o
 .ARM.attributes
                0x000001d6       0x2c ./Core/Src/syscalls.o
 .ARM.attributes
                0x00000202       0x2c ./Core/Src/sysmem.o
 .ARM.attributes
                0x0000022e       0x2c ./Core/Src/system_stm32c0xx.o
 .ARM.attributes
                0x0000025a       0x2c ./Core/Src/temp_sensor.o
 .ARM.attributes
                0x00000286       0x22 ./Core/Startup/startup_stm32c031c6tx.o
 .ARM.attributes
                0x000002a8       0x2c ./Drivers/STM32C0xx_HAL_Driver/Src/stm32c0xx_hal.o
 .ARM.attributes
                0x000002d4       0x2c ./Drivers/STM32C0xx_HAL_Driver/Src/stm32c0xx_hal_adc.o
 .ARM.attributes
                0x00000300       0x2c ./Drivers/STM32C0xx_HAL_Driver/Src/stm32c0xx_hal_cortex.o
 .ARM.attributes
                0x0000032c       0x2c ./Drivers/STM32C0xx_HAL_Driver/Src/stm32c0xx_hal_gpio.o
 .ARM.attributes
                0x00000358       0x2c ./Drivers/STM32C0xx_HAL_Driver/Src/stm32c0xx_hal_i2c.o
 .ARM.attributes
                0x00000384       0x2c ./Drivers/STM32C0xx_HAL_Driver/Src/stm32c0xx_hal_i2c_ex.o
 .ARM.attributes
                0x000003b0       0x2c ./Drivers/STM32C0xx_HAL_Driver/Src/stm32c0xx_hal_rcc.o
 .ARM.attributes
                0x000003dc       0x2c ./Drivers/STM32C0xx_HAL_Driver/Src/stm32c0xx_hal_rcc_ex.o
 .ARM.attributes
                0x00000408       0x2c ./Drivers/STM32C0xx_HAL_Driver/Src/stm32c0xx_hal_spi.o
 .ARM.attributes
                0x00000434       0x2c ./Drivers/STM32C0xx_HAL_Driver/Src/stm32c0xx_hal_tim.o
 .ARM.attributes
                0x00000460       0x2c ./Drivers/STM32C0xx_HAL_Driver/Src/stm32c0xx_hal_tim_ex.o
 .ARM.attributes
                0x0000048c       0x2c ./Middlewares/Third_Party/QuantumLeaps_RTEF_qpc/ports/arm-cm/qk/gnu/qk_port.o
 .ARM.attributes
                0x000004b8       0x2c ./Middlewares/Third_Party/QuantumLeaps_RTEF_qpc/src/qf/qep_hsm.o
 .ARM.attributes
                0x000004e4       0x2c ./Middlewares/Third_Party/QuantumLeaps_RTEF_qpc/src/qf/qf_act.o
 .ARM.attributes
                0x00000510       0x2c ./Middlewares/Third_Party/QuantumLeaps_RTEF_qpc/src/qf/qf_actq.o
 .ARM.attributes
                0x0000053c       0x2c ./Middlewares/Third_Party/QuantumLeaps_RTEF_qpc/src/qf/qf_dyn.o
 .ARM.attributes
                0x00000568       0x2c ./Middlewares/Third_Party/QuantumLeaps_RTEF_qpc/src/qf/qf_mem.o
 .ARM.attributes
                0x00000594       0x2c ./Middlewares/Third_Party/QuantumLeaps_RTEF_qpc/src/qf/qf_qact.o
 .ARM.attributes
                0x000005c0       0x2c ./Middlewares/Third_Party/QuantumLeaps_RTEF_qpc/src/qf/qf_qeq.o
 .ARM.attributes
                0x000005ec       0x2c ./Middlewares/Third_Party/QuantumLeaps_RTEF_qpc/src/qf/qf_time.o
 .ARM.attributes
                0x00000618       0x2c ./Middlewares/Third_Party/QuantumLeaps_RTEF_qpc/src/qk/qk.o
 .ARM.attributes
                0x00000644       0x2c ./libraries/NRF24/NRF24.o
 .ARM.attributes
                0x00000670       0x2c ./libraries/OLED_SSD1306/ssd1306.o
 .ARM.attributes
                0x0000069c       0x2c ./libraries/OLED_SSD1306/ssd1306_fonts.o
 .ARM.attributes
                0x000006c8       0x2c M:/embedded/IDE/STM32CubeIDE_1.19.0/STM32CubeIDE/plugins/com.st.stm32cube.ide.mcu.externaltools.gnu-tools-for-stm32.13.3.rel1.win32_1.0.0.202411081344/tools/bin/../lib/gcc/arm-none-eabi/13.3.1/../../../../arm-none-eabi/lib/thumb/v6-m/nofp\libc_nano.a(libc_a-findfp.o)
 .ARM.attributes
                0x000006f4       0x2c M:/embedded/IDE/STM32CubeIDE_1.19.0/STM32CubeIDE/plugins/com.st.stm32cube.ide.mcu.externaltools.gnu-tools-for-stm32.13.3.rel1.win32_1.0.0.202411081344/tools/bin/../lib/gcc/arm-none-eabi/13.3.1/../../../../arm-none-eabi/lib/thumb/v6-m/nofp\libc_nano.a(libc_a-fwalk.o)
 .ARM.attributes
                0x00000720       0x2c M:/embedded/IDE/STM32CubeIDE_1.19.0/STM32CubeIDE/plugins/com.st.stm32cube.ide.mcu.externaltools.gnu-tools-for-stm32.13.3.rel1.win32_1.0.0.202411081344/tools/bin/../lib/gcc/arm-none-eabi/13.3.1/../../../../arm-none-eabi/lib/thumb/v6-m/nofp\libc_nano.a(libc_a-printf.o)
 .ARM.attributes
                0x0000074c       0x2c M:/embedded/IDE/STM32CubeIDE_1.19.0/STM32CubeIDE/plugins/com.st.stm32cube.ide.mcu.externaltools.gnu-tools-for-stm32.13.3.rel1.win32_1.0.0.202411081344/tools/bin/../lib/gcc/arm-none-eabi/13.3.1/../../../../arm-none-eabi/lib/thumb/v6-m/nofp\libc_nano.a(libc_a-puts.o)
 .ARM.attributes
                0x00000778       0x2c M:/embedded/IDE/STM32CubeIDE_1.19.0/STM32CubeIDE/plugins/com.st.stm32cube.ide.mcu.externaltools.gnu-tools-for-stm32.13.3.rel1.win32_1.0.0.202411081344/tools/bin/../lib/gcc/arm-none-eabi/13.3.1/../../../../arm-none-eabi/lib/thumb/v6-m/nofp\libc_nano.a(libc_a-sprintf.o)
 .ARM.attributes
                0x000007a4       0x2c M:/embedded/IDE/STM32CubeIDE_1.19.0/STM32CubeIDE/plugins/com.st.stm32cube.ide.mcu.externaltools.gnu-tools-for-stm32.13.3.rel1.win32_1.0.0.202411081344/tools/bin/../lib/gcc/arm-none-eabi/13.3.1/../../../../arm-none-eabi/lib/thumb/v6-m/nofp\libc_nano.a(libc_a-stdio.o)
 .ARM.attributes
                0x000007d0       0x2c M:/embedded/IDE/STM32CubeIDE_1.19.0/STM32CubeIDE/plugins/com.st.stm32cube.ide.mcu.externaltools.gnu-tools-for-stm32.13.3.rel1.win32_1.0.0.202411081344/tools/bin/../lib/gcc/arm-none-eabi/13.3.1/../../../../arm-none-eabi/lib/thumb/v6-m/nofp\libc_nano.a(libc_a-wbuf.o)
 .ARM.attributes
                0x000007fc       0x2c M:/embedded/IDE/STM32CubeIDE_1.19.0/STM32CubeIDE/plugins/com.st.stm32cube.ide.mcu.externaltools.gnu-tools-for-stm32.13.3.rel1.win32_1.0.0.202411081344/tools/bin/../lib/gcc/arm-none-eabi/13.3.1/../../../../arm-none-eabi/lib/thumb/v6-m/nofp\libc_nano.a(libc_a-wsetup.o)
 .ARM.attributes
                0x00000828       0x2c M:/embedded/IDE/STM32CubeIDE_1.19.0/STM32CubeIDE/plugins/com.st.stm32cube.ide.mcu.externaltools.gnu-tools-for-stm32.13.3.rel1.win32_1.0.0.202411081344/tools/bin/../lib/gcc/arm-none-eabi/13.3.1/../../../../arm-none-eabi/lib/thumb/v6-m/nofp\libc_nano.a(libc_a-memmove.o)
 .ARM.attributes
                0x00000854       0x2c M:/embedded/IDE/STM32CubeIDE_1.19.0/STM32CubeIDE/plugins/com.st.stm32cube.ide.mcu.externaltools.gnu-tools-for-stm32.13.3.rel1.win32_1.0.0.202411081344/tools/bin/../lib/gcc/arm-none-eabi/13.3.1/../../../../arm-none-eabi/lib/thumb/v6-m/nofp\libc_nano.a(libc_a-memset.o)
 .ARM.attributes
                0x00000880       0x2c M:/embedded/IDE/STM32CubeIDE_1.19.0/STM32CubeIDE/plugins/com.st.stm32cube.ide.mcu.externaltools.gnu-tools-for-stm32.13.3.rel1.win32_1.0.0.202411081344/tools/bin/../lib/gcc/arm-none-eabi/13.3.1/../../../../arm-none-eabi/lib/thumb/v6-m/nofp\libc_nano.a(libc_a-closer.o)
 .ARM.attributes
                0x000008ac       0x2c M:/embedded/IDE/STM32CubeIDE_1.19.0/STM32CubeIDE/plugins/com.st.stm32cube.ide.mcu.externaltools.gnu-tools-for-stm32.13.3.rel1.win32_1.0.0.202411081344/tools/bin/../lib/gcc/arm-none-eabi/13.3.1/../../../../arm-none-eabi/lib/thumb/v6-m/nofp\libc_nano.a(libc_a-reent.o)
 .ARM.attributes
                0x000008d8       0x2c M:/embedded/IDE/STM32CubeIDE_1.19.0/STM32CubeIDE/plugins/com.st.stm32cube.ide.mcu.externaltools.gnu-tools-for-stm32.13.3.rel1.win32_1.0.0.202411081344/tools/bin/../lib/gcc/arm-none-eabi/13.3.1/../../../../arm-none-eabi/lib/thumb/v6-m/nofp\libc_nano.a(libc_a-impure.o)
 .ARM.attributes
                0x00000904       0x2c M:/embedded/IDE/STM32CubeIDE_1.19.0/STM32CubeIDE/plugins/com.st.stm32cube.ide.mcu.externaltools.gnu-tools-for-stm32.13.3.rel1.win32_1.0.0.202411081344/tools/bin/../lib/gcc/arm-none-eabi/13.3.1/../../../../arm-none-eabi/lib/thumb/v6-m/nofp\libc_nano.a(libc_a-lseekr.o)
 .ARM.attributes
                0x00000930       0x2c M:/embedded/IDE/STM32CubeIDE_1.19.0/STM32CubeIDE/plugins/com.st.stm32cube.ide.mcu.externaltools.gnu-tools-for-stm32.13.3.rel1.win32_1.0.0.202411081344/tools/bin/../lib/gcc/arm-none-eabi/13.3.1/../../../../arm-none-eabi/lib/thumb/v6-m/nofp\libc_nano.a(libc_a-readr.o)
 .ARM.attributes
                0x0000095c       0x2c M:/embedded/IDE/STM32CubeIDE_1.19.0/STM32CubeIDE/plugins/com.st.stm32cube.ide.mcu.externaltools.gnu-tools-for-stm32.13.3.rel1.win32_1.0.0.202411081344/tools/bin/../lib/gcc/arm-none-eabi/13.3.1/../../../../arm-none-eabi/lib/thumb/v6-m/nofp\libc_nano.a(libc_a-writer.o)
 .ARM.attributes
                0x00000988       0x2c M:/embedded/IDE/STM32CubeIDE_1.19.0/STM32CubeIDE/plugins/com.st.stm32cube.ide.mcu.externaltools.gnu-tools-for-stm32.13.3.rel1.win32_1.0.0.202411081344/tools/bin/../lib/gcc/arm-none-eabi/13.3.1/../../../../arm-none-eabi/lib/thumb/v6-m/nofp\libc_nano.a(libc_a-errno.o)
 .ARM.attributes
                0x000009b4       0x2c M:/embedded/IDE/STM32CubeIDE_1.19.0/STM32CubeIDE/plugins/com.st.stm32cube.ide.mcu.externaltools.gnu-tools-for-stm32.13.3.rel1.win32_1.0.0.202411081344/tools/bin/../lib/gcc/arm-none-eabi/13.3.1/../../../../arm-none-eabi/lib/thumb/v6-m/nofp\libc_nano.a(libc_a-init.o)
 .ARM.attributes
                0x000009e0       0x2c M:/embedded/IDE/STM32CubeIDE_1.19.0/STM32CubeIDE/plugins/com.st.stm32cube.ide.mcu.externaltools.gnu-tools-for-stm32.13.3.rel1.win32_1.0.0.202411081344/tools/bin/../lib/gcc/arm-none-eabi/13.3.1/../../../../arm-none-eabi/lib/thumb/v6-m/nofp\libc_nano.a(libc_a-lock.o)
 .ARM.attributes
                0x00000a0c       0x2c M:/embedded/IDE/STM32CubeIDE_1.19.0/STM32CubeIDE/plugins/com.st.stm32cube.ide.mcu.externaltools.gnu-tools-for-stm32.13.3.rel1.win32_1.0.0.202411081344/tools/bin/../lib/gcc/arm-none-eabi/13.3.1/../../../../arm-none-eabi/lib/thumb/v6-m/nofp\libc_nano.a(libc_a-memcpy-stub.o)
 .ARM.attributes
                0x00000a38       0x2c M:/embedded/IDE/STM32CubeIDE_1.19.0/STM32CubeIDE/plugins/com.st.stm32cube.ide.mcu.externaltools.gnu-tools-for-stm32.13.3.rel1.win32_1.0.0.202411081344/tools/bin/../lib/gcc/arm-none-eabi/13.3.1/../../../../arm-none-eabi/lib/thumb/v6-m/nofp\libc_nano.a(libc_a-freer.o)
 .ARM.attributes
                0x00000a64       0x2c M:/embedded/IDE/STM32CubeIDE_1.19.0/STM32CubeIDE/plugins/com.st.stm32cube.ide.mcu.externaltools.gnu-tools-for-stm32.13.3.rel1.win32_1.0.0.202411081344/tools/bin/../lib/gcc/arm-none-eabi/13.3.1/../../../../arm-none-eabi/lib/thumb/v6-m/nofp\libc_nano.a(libc_a-mallocr.o)
 .ARM.attributes
                0x00000a90       0x2c M:/embedded/IDE/STM32CubeIDE_1.19.0/STM32CubeIDE/plugins/com.st.stm32cube.ide.mcu.externaltools.gnu-tools-for-stm32.13.3.rel1.win32_1.0.0.202411081344/tools/bin/../lib/gcc/arm-none-eabi/13.3.1/../../../../arm-none-eabi/lib/thumb/v6-m/nofp\libc_nano.a(libc_a-mlock.o)
 .ARM.attributes
                0x00000abc       0x2c M:/embedded/IDE/STM32CubeIDE_1.19.0/STM32CubeIDE/plugins/com.st.stm32cube.ide.mcu.externaltools.gnu-tools-for-stm32.13.3.rel1.win32_1.0.0.202411081344/tools/bin/../lib/gcc/arm-none-eabi/13.3.1/../../../../arm-none-eabi/lib/thumb/v6-m/nofp\libc_nano.a(libc_a-nano-svfprintf.o)
 .ARM.attributes
                0x00000ae8       0x2c M:/embedded/IDE/STM32CubeIDE_1.19.0/STM32CubeIDE/plugins/com.st.stm32cube.ide.mcu.externaltools.gnu-tools-for-stm32.13.3.rel1.win32_1.0.0.202411081344/tools/bin/../lib/gcc/arm-none-eabi/13.3.1/../../../../arm-none-eabi/lib/thumb/v6-m/nofp\libc_nano.a(libc_a-nano-vfprintf.o)
 .ARM.attributes
                0x00000b14       0x2c M:/embedded/IDE/STM32CubeIDE_1.19.0/STM32CubeIDE/plugins/com.st.stm32cube.ide.mcu.externaltools.gnu-tools-for-stm32.13.3.rel1.win32_1.0.0.202411081344/tools/bin/../lib/gcc/arm-none-eabi/13.3.1/../../../../arm-none-eabi/lib/thumb/v6-m/nofp\libc_nano.a(libc_a-nano-vfprintf_i.o)
 .ARM.attributes
                0x00000b40       0x2c M:/embedded/IDE/STM32CubeIDE_1.19.0/STM32CubeIDE/plugins/com.st.stm32cube.ide.mcu.externaltools.gnu-tools-for-stm32.13.3.rel1.win32_1.0.0.202411081344/tools/bin/../lib/gcc/arm-none-eabi/13.3.1/../../../../arm-none-eabi/lib/thumb/v6-m/nofp\libc_nano.a(libc_a-fflush.o)
 .ARM.attributes
                0x00000b6c       0x2c M:/embedded/IDE/STM32CubeIDE_1.19.0/STM32CubeIDE/plugins/com.st.stm32cube.ide.mcu.externaltools.gnu-tools-for-stm32.13.3.rel1.win32_1.0.0.202411081344/tools/bin/../lib/gcc/arm-none-eabi/13.3.1/../../../../arm-none-eabi/lib/thumb/v6-m/nofp\libc_nano.a(libc_a-makebuf.o)
 .ARM.attributes
                0x00000b98       0x2c M:/embedded/IDE/STM32CubeIDE_1.19.0/STM32CubeIDE/plugins/com.st.stm32cube.ide.mcu.externaltools.gnu-tools-for-stm32.13.3.rel1.win32_1.0.0.202411081344/tools/bin/../lib/gcc/arm-none-eabi/13.3.1/../../../../arm-none-eabi/lib/thumb/v6-m/nofp\libc_nano.a(libc_a-fstatr.o)
 .ARM.attributes