../Drivers/STM32C0xx_HAL_Driver/Src/stm32c0xx_ll_adc.c:219:13:LL_ADC_CommonDeInit	0	static
../Drivers/STM32C0xx_HAL_Driver/Src/stm32c0xx_ll_adc.c:251:13:LL_ADC_CommonInit	8	static
../Drivers/STM32C0xx_HAL_Driver/Src/stm32c0xx_ll_adc.c:288:6:LL_ADC_CommonStructInit	0	static
../Drivers/STM32C0xx_HAL_Driver/Src/stm32c0xx_ll_adc.c:312:13:LL_ADC_DeInit	16	static
../Drivers/STM32C0xx_HAL_Driver/Src/stm32c0xx_ll_adc.c:522:13:LL_ADC_Init	12	static
../Drivers/STM32C0xx_HAL_Driver/Src/stm32c0xx_ll_adc.c:575:6:LL_ADC_StructInit	0	static
../Drivers/STM32C0xx_HAL_Driver/Src/stm32c0xx_ll_adc.c:626:13:LL_ADC_REG_Init	16	static
../Drivers/STM32C0xx_HAL_Driver/Src/stm32c0xx_ll_adc.c:734:6:LL_ADC_REG_StructInit	0	static
