../Middlewares/Third_Party/QuantumLeaps_RTEF_qpc/src/qf/qep_msm.c:139:6:QMsm_ctor	16	static
../Middlewares/Third_Party/QuantumLeaps_RTEF_qpc/src/qf/qep_msm.c:156:6:QMsm_init_	32	static
../Middlewares/Third_Party/QuantumLeaps_RTEF_qpc/src/qf/qep_msm.c:202:6:QMsm_dispatch_	48	static
../Middlewares/Third_Party/QuantumLeaps_RTEF_qpc/src/qf/qep_msm.c:304:15:QMsm_execTatbl_	32	static
../Middlewares/Third_Party/QuantumLeaps_RTEF_qpc/src/qf/qep_msm.c:346:13:QMsm_exitToTranSource_	32	static
../Middlewares/Third_Party/QuantumLeaps_RTEF_qpc/src/qf/qep_msm.c:374:15:QMsm_enterHistory_	64	static
../Middlewares/Third_Party/QuantumLeaps_RTEF_qpc/src/qf/qep_msm.c:419:17:QMsm_topQMState	8	static
../Middlewares/Third_Party/QuantumLeaps_RTEF_qpc/src/qf/qep_msm.c:425:6:QMsm_isIn_	24	static
../Middlewares/Third_Party/QuantumLeaps_RTEF_qpc/src/qf/qep_msm.c:441:17:QMsm_childStateObj	32	static
../Middlewares/Third_Party/QuantumLeaps_RTEF_qpc/src/qf/qep_msm.c:467:16:QMsm_stateObj	16	static
../Middlewares/Third_Party/QuantumLeaps_RTEF_qpc/src/qf/qep_msm.c:473:15:QMsm_getStateHandler_	16	static
