../Middlewares/Third_Party/QuantumLeaps_RTEF_qpc/src/qf/qf_dyn.c:46:6:QF_poolInit	32	static
../Middlewares/Third_Party/QuantumLeaps_RTEF_qpc/src/qf/qf_dyn.c:87:10:QF_poolGetMaxBlockSize	8	static
../Middlewares/Third_Party/QuantumLeaps_RTEF_qpc/src/qf/qf_dyn.c:107:10:QF_getPoolUse	24	static
../Middlewares/Third_Party/QuantumLeaps_RTEF_qpc/src/qf/qf_dyn.c:142:10:QF_getPoolFree	8	static
../Middlewares/Third_Party/QuantumLeaps_RTEF_qpc/src/qf/qf_dyn.c:166:10:QF_getPoolMin	8	static
../Middlewares/Third_Party/QuantumLeaps_RTEF_qpc/src/qf/qf_dyn.c:190:8:QF_newX_	24	static
../Middlewares/Third_Party/QuantumLeaps_RTEF_qpc/src/qf/qf_dyn.c:268:6:QF_gc	16	static
../Middlewares/Third_Party/QuantumLeaps_RTEF_qpc/src/qf/qf_dyn.c:325:14:QF_newRef_	16	static
../Middlewares/Third_Party/QuantumLeaps_RTEF_qpc/src/qf/qf_dyn.c:367:6:QF_deleteRef_	8	static
