../Middlewares/Third_Party/QuantumLeaps_RTEF_qpc/src/qf/qf_time.c:50:6:QTimeEvt_ctorX	24	static
../Middlewares/Third_Party/QuantumLeaps_RTEF_qpc/src/qf/qf_time.c:78:6:QTimeEvt_armX	16	static
../Middlewares/Third_Party/QuantumLeaps_RTEF_qpc/src/qf/qf_time.c:146:6:QTimeEvt_disarm	8	static
../Middlewares/Third_Party/QuantumLeaps_RTEF_qpc/src/qf/qf_time.c:190:6:QTimeEvt_rearm	16	static
../Middlewares/Third_Party/QuantumLeaps_RTEF_qpc/src/qf/qf_time.c:264:6:QTimeEvt_wasDisarmed	16	static
../Middlewares/Third_Party/QuantumLeaps_RTEF_qpc/src/qf/qf_time.c:365:6:QTimeEvt_noActive	8	static
../Middlewares/Third_Party/QuantumLeaps_RTEF_qpc/src/qf/qf_time.c:377:13:QTimeEvt_getCtr	0	static
../Middlewares/Third_Party/QuantumLeaps_RTEF_qpc/src/qf/qf_time.c:385:6:QTimeEvt_init	8	static
../Middlewares/Third_Party/QuantumLeaps_RTEF_qpc/src/qf/qf_time.c:399:12:QTimeEvt_expire_	0	static
../Middlewares/Third_Party/QuantumLeaps_RTEF_qpc/src/qf/qf_time.c:280:6:QTimeEvt_tick_	24	static
