../Core/Src/bsp.c:84:12:Q_onError	0	static
../Core/Src/bsp.c:105:6:assert_failed	0	static
../Core/Src/bsp.c:114:6:SysTick_Handler	8	static
../Core/Src/bsp.c:129:6:BSP_delayMs	0	static
../Core/Src/bsp.c:140:6:EXTI0_1_IRQHandler	8	static
../Core/Src/bsp.c:190:6:TIM3_IRQHandler	8	static
../Core/Src/bsp.c:202:6:HAL_TIM_IC_CaptureCallback	24	static
../Core/Src/bsp.c:274:6:BSP_init	8	static
../Core/Src/bsp.c:312:6:BSP_start	8	static
../Core/Src/bsp.c:326:6:BSP_randomSeed	0	static
../Core/Src/bsp.c:330:10:BSP_random	0	static
../Core/Src/bsp.c:336:6:BSP_ledOn	0	static
../Core/Src/bsp.c:340:6:BSP_ledOff	0	static
../Core/Src/bsp.c:344:6:BSP_terminate	0	static
../Core/Src/bsp.c:350:6:QF_onStartup	8	static,ignoring_inline_asm
../Core/Src/bsp.c:372:6:QF_onCleanup	0	static
../Core/Src/bsp.c:376:6:QK_onIdle	0	static
