../Drivers/STM32C0xx_HAL_Driver/Inc/stm32c0xx_ll_bus.h:843:22:LL_IOP_GRP1_EnableClock	8	static
M:\embedded\IDE\STM32CubeIDE_1.19.0\STM32CubeIDE\plugins\com.st.stm32cube.ide.mcu.externaltools.gnu-tools-for-stm32.13.3.rel1.win32_1.0.0.202411081344\tools\bin/../lib/gcc/arm-none-eabi/13.3.1/../../../../arm-none-eabi/include/stdio.h:220:5:fputc	0	static
../Core/Src/main.c:46:5:__io_putchar	0	static
../Core/Src/main.c:710:6:debug_log	104	static
../Core/Src/main.c:726:6:flush_debug_log	12	static
../Core/Src/main.c:739:6:Error_Handler	8	static,ignoring_inline_asm
../Core/Src/main.c:213:6:SystemClock_Config	64	static
../Core/Src/main.c:122:5:main	144	static
