../Core/Src/stm32c0xx_hal_msp.c:63:6:HAL_MspInit	8	static
../Core/Src/stm32c0xx_hal_msp.c:86:6:HAL_ADC_MspInit	64	static
../Core/Src/stm32c0xx_hal_msp.c:131:6:HAL_ADC_MspDeInit	8	static
../Core/Src/stm32c0xx_hal_msp.c:159:6:HAL_I2C_MspInit	64	static
../Core/Src/stm32c0xx_hal_msp.c:206:6:HAL_I2C_MspDeInit	8	static
../Core/Src/stm32c0xx_hal_msp.c:237:6:HAL_SPI_MspInit	80	static
../Core/Src/stm32c0xx_hal_msp.c:296:6:HAL_SPI_MspDeInit	8	static
../Core/Src/stm32c0xx_hal_msp.c:330:6:HAL_TIM_Base_MspInit	48	static
../Core/Src/stm32c0xx_hal_msp.c:387:6:HAL_TIM_Base_MspDeInit	8	static
../Core/Src/stm32c0xx_hal_msp.c:437:6:HAL_UART_MspInit	40	static
../Core/Src/stm32c0xx_hal_msp.c:474:6:HAL_UART_MspDeInit	8	static
