../libraries/NRF24/NRF24.c:16:13:LL_SPI_Transmit.constprop	16	static
../libraries/NRF24/NRF24.c:77:6:csn_high	0	static
../libraries/NRF24/NRF24.c:81:6:csn_low	0	static
../libraries/NRF24/NRF24.c:85:6:ce_high	0	static
../libraries/NRF24/NRF24.c:89:6:ce_low	0	static
../libraries/NRF24/NRF24.c:97:6:nrf24_w_reg	32	static
../libraries/NRF24/NRF24.c:105:6:SPI_WriteByte	0	static
../libraries/NRF24/NRF24.c:116:9:SPI_ReadByte	0	static
../libraries/NRF24/NRF24.c:129:9:nrf24_r_reg	16	static
../libraries/NRF24/NRF24.c:150:6:nrf24_w_spec_cmd	16	static
../libraries/NRF24/NRF24.c:154:6:nrf24_w_spec_reg	8	static
../libraries/NRF24/NRF24.c:158:6:nrf24_r_spec_reg	16	static
../libraries/NRF24/NRF24.c:162:9:nrf24_r_status	8	static
../libraries/NRF24/NRF24.c:197:6:nrf24_transmit_no_ack	40	static
../libraries/NRF24/NRF24.c:212:6:nrf24_transmit_rx_ack_pld	32	static
../libraries/NRF24/NRF24.c:293:6:nrf24_pwr_up	16	static
../libraries/NRF24/NRF24.c:303:6:nrf24_pwr_dwn	16	static
../libraries/NRF24/NRF24.c:313:6:nrf24_tx_pwr	16	static
../libraries/NRF24/NRF24.c:325:6:nrf24_data_rate	16	static
../libraries/NRF24/NRF24.c:341:6:nrf24_set_channel	16	static
../libraries/NRF24/NRF24.c:345:6:nrf24_open_tx_pipe	8	static
../libraries/NRF24/NRF24.c:349:6:nrf24_pipe_pld_size	16	static
../libraries/NRF24/NRF24.c:382:6:nrf24_open_rx_pipe	32	static
../libraries/NRF24/NRF24.c:424:6:nrf24_cls_rx_pipe	16	static
../libraries/NRF24/NRF24.c:432:6:nrf24_set_crc	24	static
../libraries/NRF24/NRF24.c:442:6:nrf24_set_addr_width	16	static
../libraries/NRF24/NRF24.c:447:6:nrf24_flush_tx	16	static
../libraries/NRF24/NRF24.c:453:6:nrf24_flush_rx	16	static
../libraries/NRF24/NRF24.c:461:6:nrf24_clear_rx_dr	16	static
../libraries/NRF24/NRF24.c:239:6:nrf24_receive	16	static
../libraries/NRF24/NRF24.c:471:6:nrf24_clear_tx_ds	16	static
../libraries/NRF24/NRF24.c:481:6:nrf24_clear_max_rt	16	static
../libraries/NRF24/NRF24.c:173:9:nrf24_transmit	40	static
../libraries/NRF24/NRF24.c:491:9:nrf24_read_bit	8	static
../libraries/NRF24/NRF24.c:500:6:nrf24_set_bit	24	static
../libraries/NRF24/NRF24.c:514:9:nrf24_r_pld_wid	24	static
../libraries/NRF24/NRF24.c:525:6:nrf24_listen	16	static
../libraries/NRF24/NRF24.c:537:6:nrf24_stop_listen	16	static
../libraries/NRF24/NRF24.c:547:6:nrf24_dpl	16	static
../libraries/NRF24/NRF24.c:559:6:nrf24_set_rx_dpl	24	static
../libraries/NRF24/NRF24.c:576:6:nrf24_auto_ack	24	static
../libraries/NRF24/NRF24.c:593:6:nrf24_auto_ack_all	16	static
../libraries/NRF24/NRF24.c:605:6:nrf24_en_ack_pld	16	static
../libraries/NRF24/NRF24.c:617:6:nrf24_en_dyn_ack	16	static
../libraries/NRF24/NRF24.c:629:6:nrf24_auto_retr_delay	16	static
../libraries/NRF24/NRF24.c:639:6:nrf24_auto_retr_limit	16	static
../libraries/NRF24/NRF24.c:649:6:nrf24_type_to_uint8_t	16	static
../libraries/NRF24/NRF24.c:655:8:nrf24_uint8_t_to_type	12	static
../libraries/NRF24/NRF24.c:668:9:nrf24_carrier_detect	8	static
../libraries/NRF24/NRF24.c:672:9:nrf24_data_available	8	static
../libraries/NRF24/NRF24.c:685:6:nrf24_defaults	16	static
../libraries/NRF24/NRF24.c:717:6:nrf24_init	8	static
