../libraries/NRF24/NRF24.c:17:6:LL_SPI_Transmit	16	static
../libraries/NRF24/NRF24.c:35:6:LL_SPI_Receive	20	static
../libraries/NRF24/NRF24.c:78:6:csn_high	0	static
../libraries/NRF24/NRF24.c:82:6:csn_low	0	static
../libraries/NRF24/NRF24.c:86:6:ce_high	0	static
../libraries/NRF24/NRF24.c:90:6:ce_low	0	static
../libraries/NRF24/NRF24.c:98:6:nrf24_w_reg	40	static
../libraries/NRF24/NRF24.c:106:6:SPI_WriteByte	0	static
../libraries/NRF24/NRF24.c:117:9:SPI_ReadByte	0	static
../libraries/NRF24/NRF24.c:130:9:nrf24_r_reg	16	static
../libraries/NRF24/NRF24.c:151:6:nrf24_w_spec_cmd	16	static
../libraries/NRF24/NRF24.c:155:6:nrf24_w_spec_reg	8	static
../libraries/NRF24/NRF24.c:159:6:nrf24_r_spec_reg	8	static
../libraries/NRF24/NRF24.c:163:9:nrf24_r_status	8	static
../libraries/NRF24/NRF24.c:198:6:nrf24_transmit_no_ack	40	static
../libraries/NRF24/NRF24.c:213:6:nrf24_transmit_rx_ack_pld	32	static
../libraries/NRF24/NRF24.c:294:6:nrf24_pwr_up	16	static
../libraries/NRF24/NRF24.c:304:6:nrf24_pwr_dwn	16	static
../libraries/NRF24/NRF24.c:314:6:nrf24_tx_pwr	16	static
../libraries/NRF24/NRF24.c:326:6:nrf24_data_rate	16	static
../libraries/NRF24/NRF24.c:342:6:nrf24_set_channel	16	static
../libraries/NRF24/NRF24.c:346:6:nrf24_open_tx_pipe	8	static
../libraries/NRF24/NRF24.c:350:6:nrf24_pipe_pld_size	16	static
../libraries/NRF24/NRF24.c:383:6:nrf24_open_rx_pipe	32	static
../libraries/NRF24/NRF24.c:425:6:nrf24_cls_rx_pipe	16	static
../libraries/NRF24/NRF24.c:433:6:nrf24_set_crc	24	static
../libraries/NRF24/NRF24.c:443:6:nrf24_set_addr_width	16	static
../libraries/NRF24/NRF24.c:448:6:nrf24_flush_tx	16	static
../libraries/NRF24/NRF24.c:454:6:nrf24_flush_rx	16	static
../libraries/NRF24/NRF24.c:462:6:nrf24_clear_rx_dr	16	static
../libraries/NRF24/NRF24.c:240:6:nrf24_receive	16	static
../libraries/NRF24/NRF24.c:472:6:nrf24_clear_tx_ds	16	static
../libraries/NRF24/NRF24.c:482:6:nrf24_clear_max_rt	16	static
../libraries/NRF24/NRF24.c:174:9:nrf24_transmit	40	static
../libraries/NRF24/NRF24.c:492:9:nrf24_read_bit	8	static
../libraries/NRF24/NRF24.c:501:6:nrf24_set_bit	24	static
../libraries/NRF24/NRF24.c:515:9:nrf24_r_pld_wid	24	static
../libraries/NRF24/NRF24.c:526:6:nrf24_listen	16	static
../libraries/NRF24/NRF24.c:538:6:nrf24_stop_listen	16	static
../libraries/NRF24/NRF24.c:548:6:nrf24_dpl	16	static
../libraries/NRF24/NRF24.c:560:6:nrf24_set_rx_dpl	24	static
../libraries/NRF24/NRF24.c:577:6:nrf24_auto_ack	24	static
../libraries/NRF24/NRF24.c:594:6:nrf24_auto_ack_all	16	static
../libraries/NRF24/NRF24.c:606:6:nrf24_en_ack_pld	16	static
../libraries/NRF24/NRF24.c:618:6:nrf24_en_dyn_ack	16	static
../libraries/NRF24/NRF24.c:630:6:nrf24_auto_retr_delay	16	static
../libraries/NRF24/NRF24.c:640:6:nrf24_auto_retr_limit	16	static
../libraries/NRF24/NRF24.c:650:6:nrf24_type_to_uint8_t	16	static
../libraries/NRF24/NRF24.c:656:8:nrf24_uint8_t_to_type	12	static
../libraries/NRF24/NRF24.c:669:9:nrf24_carrier_detect	8	static
../libraries/NRF24/NRF24.c:673:9:nrf24_data_available	8	static
../libraries/NRF24/NRF24.c:686:6:nrf24_defaults	16	static
../libraries/NRF24/NRF24.c:718:6:nrf24_init	8	static
