../libraries/NRF24/NRF24.c:16:13:LL_SPI_Transmit.constprop	16	static
../libraries/NRF24/NRF24.c:34:13:LL_SPI_Receive.constprop	20	static
../libraries/NRF24/NRF24.c:77:6:csn_high	0	static
../libraries/NRF24/NRF24.c:81:6:csn_low	0	static
../libraries/NRF24/NRF24.c:85:6:ce_high	0	static
../libraries/NRF24/NRF24.c:89:6:ce_low	0	static
../libraries/NRF24/NRF24.c:97:6:nrf24_w_reg	32	static
../libraries/NRF24/NRF24.c:105:6:SPI_WriteByte	0	static
../libraries/NRF24/NRF24.c:116:9:SPI_ReadByte	0	static
../libraries/NRF24/NRF24.c:129:9:nrf24_r_reg	16	static
../libraries/NRF24/NRF24.c:150:6:nrf24_w_spec_cmd	16	static
../libraries/NRF24/NRF24.c:154:6:nrf24_w_spec_reg	8	static
../libraries/NRF24/NRF24.c:158:6:nrf24_r_spec_reg	8	static
../libraries/NRF24/NRF24.c:162:9:nrf24_r_status	8	static
../libraries/NRF24/NRF24.c:197:6:nrf24_transmit_no_ack	40	static
../libraries/NRF24/NRF24.c:212:6:nrf24_transmit_rx_ack_pld	32	static
../libraries/NRF24/NRF24.c:268:6:nrf24_pwr_up	16	static
../libraries/NRF24/NRF24.c:278:6:nrf24_pwr_dwn	16	static
../libraries/NRF24/NRF24.c:288:6:nrf24_tx_pwr	16	static
../libraries/NRF24/NRF24.c:300:6:nrf24_data_rate	16	static
../libraries/NRF24/NRF24.c:316:6:nrf24_set_channel	16	static
../libraries/NRF24/NRF24.c:320:6:nrf24_open_tx_pipe	8	static
../libraries/NRF24/NRF24.c:324:6:nrf24_pipe_pld_size	16	static
../libraries/NRF24/NRF24.c:357:6:nrf24_open_rx_pipe	32	static
../libraries/NRF24/NRF24.c:399:6:nrf24_cls_rx_pipe	16	static
../libraries/NRF24/NRF24.c:407:6:nrf24_set_crc	24	static
../libraries/NRF24/NRF24.c:417:6:nrf24_set_addr_width	16	static
../libraries/NRF24/NRF24.c:422:6:nrf24_flush_tx	16	static
../libraries/NRF24/NRF24.c:428:6:nrf24_flush_rx	16	static
../libraries/NRF24/NRF24.c:436:6:nrf24_clear_rx_dr	16	static
../libraries/NRF24/NRF24.c:225:6:nrf24_receive	32	static
../libraries/NRF24/NRF24.c:446:6:nrf24_clear_tx_ds	16	static
../libraries/NRF24/NRF24.c:456:6:nrf24_clear_max_rt	16	static
../libraries/NRF24/NRF24.c:173:9:nrf24_transmit	40	static
../libraries/NRF24/NRF24.c:466:9:nrf24_read_bit	8	static
../libraries/NRF24/NRF24.c:475:6:nrf24_set_bit	24	static
../libraries/NRF24/NRF24.c:489:9:nrf24_r_pld_wid	24	static
../libraries/NRF24/NRF24.c:500:6:nrf24_listen	16	static
../libraries/NRF24/NRF24.c:512:6:nrf24_stop_listen	16	static
../libraries/NRF24/NRF24.c:522:6:nrf24_dpl	16	static
../libraries/NRF24/NRF24.c:534:6:nrf24_set_rx_dpl	24	static
../libraries/NRF24/NRF24.c:551:6:nrf24_auto_ack	24	static
../libraries/NRF24/NRF24.c:568:6:nrf24_auto_ack_all	16	static
../libraries/NRF24/NRF24.c:580:6:nrf24_en_ack_pld	16	static
../libraries/NRF24/NRF24.c:592:6:nrf24_en_dyn_ack	16	static
../libraries/NRF24/NRF24.c:604:6:nrf24_auto_retr_delay	16	static
../libraries/NRF24/NRF24.c:614:6:nrf24_auto_retr_limit	16	static
../libraries/NRF24/NRF24.c:624:6:nrf24_type_to_uint8_t	16	static
../libraries/NRF24/NRF24.c:630:8:nrf24_uint8_t_to_type	12	static
../libraries/NRF24/NRF24.c:643:9:nrf24_carrier_detect	8	static
../libraries/NRF24/NRF24.c:647:9:nrf24_data_available	8	static
../libraries/NRF24/NRF24.c:660:6:nrf24_defaults	16	static
../libraries/NRF24/NRF24.c:692:6:nrf24_init	8	static
