../Middlewares/Third_Party/OLED_SSD1306/ssd1306.c:9:6:ssd1306_Reset	8	static
../Middlewares/Third_Party/OLED_SSD1306/ssd1306.c:14:6:ssd1306_WriteCommand	32	static
../Middlewares/Third_Party/OLED_SSD1306/ssd1306.c:19:6:ssd1306_WriteData	32	static
../Middlewares/Third_Party/OLED_SSD1306/ssd1306.c:64:17:ssd1306_FillBuffer	32	static
../Middlewares/Third_Party/OLED_SSD1306/ssd1306.c:74:6:ssd1306_Init	8	static
../Middlewares/Third_Party/OLED_SSD1306/ssd1306.c:177:6:ssd1306_Fill	16	static
../Middlewares/Third_Party/OLED_SSD1306/ssd1306.c:182:6:ssd1306_UpdateScreen	16	static
../Middlewares/Third_Party/OLED_SSD1306/ssd1306.c:203:6:ssd1306_DrawPixel	24	static
../Middlewares/Third_Party/OLED_SSD1306/ssd1306.c:223:6:ssd1306_WriteChar	48	static
../Middlewares/Third_Party/OLED_SSD1306/ssd1306.c:260:6:ssd1306_WriteString	32	static
../Middlewares/Third_Party/OLED_SSD1306/ssd1306.c:274:6:ssd1306_SetCursor	16	static
../Middlewares/Third_Party/OLED_SSD1306/ssd1306.c:280:6:ssd1306_Line	48	static
../Middlewares/Third_Party/OLED_SSD1306/ssd1306.c:307:6:ssd1306_Polyline	40	static
../Middlewares/Third_Party/OLED_SSD1306/ssd1306.c:321:14:ssd1306_DegToRad	16	static
../Middlewares/Third_Party/OLED_SSD1306/ssd1306.c:326:17:ssd1306_NormalizeTo0_360	32	static
../Middlewares/Third_Party/OLED_SSD1306/ssd1306.c:342:6:ssd1306_DrawArc	56	static
../Middlewares/Third_Party/OLED_SSD1306/ssd1306.c:382:6:ssd1306_DrawArcWithRadiusLine	64	static
../Middlewares/Third_Party/OLED_SSD1306/ssd1306.c:425:6:ssd1306_DrawCircle	40	static
../Middlewares/Third_Party/OLED_SSD1306/ssd1306.c:460:6:ssd1306_FillCircle	48	static
../Middlewares/Third_Party/OLED_SSD1306/ssd1306.c:496:6:ssd1306_DrawRectangle	32	static
../Middlewares/Third_Party/OLED_SSD1306/ssd1306.c:506:6:ssd1306_FillRectangle	32	static
../Middlewares/Third_Party/OLED_SSD1306/ssd1306.c:520:17:ssd1306_InvertRectangle	40	static
../Middlewares/Third_Party/OLED_SSD1306/ssd1306.c:551:6:ssd1306_DrawBitmap	32	static
../Middlewares/Third_Party/OLED_SSD1306/ssd1306.c:575:6:ssd1306_SetContrast	24	static
../Middlewares/Third_Party/OLED_SSD1306/ssd1306.c:581:6:ssd1306_SetDisplayOn	24	static
../Middlewares/Third_Party/OLED_SSD1306/ssd1306.c:593:9:ssd1306_GetDisplayOn	8	static
