../Core/Src/bsp.c:80:12:Q_onError	0	static
../Core/Src/bsp.c:101:6:assert_failed	0	static
../Core/Src/bsp.c:110:6:SysTick_Handler	8	static
../Core/Src/bsp.c:125:6:BSP_delayMs	0	static
../Core/Src/bsp.c:136:6:EXTI0_1_IRQHandler	8	static
../Core/Src/bsp.c:220:6:BSP_init	8	static
../Core/Src/bsp.c:235:6:BSP_start	8	static
../Core/Src/bsp.c:247:6:BSP_displayPhilStat	0	static
../Core/Src/bsp.c:264:6:BSP_displayPaused	0	static
../Core/Src/bsp.c:279:6:BSP_randomSeed	0	static
../Core/Src/bsp.c:283:10:BSP_random	0	static
../Core/Src/bsp.c:289:6:BSP_ledOn	0	static
../Core/Src/bsp.c:293:6:BSP_ledOff	0	static
../Core/Src/bsp.c:297:6:BSP_terminate	0	static
../Core/Src/bsp.c:303:6:QF_onStartup	8	static,ignoring_inline_asm
../Core/Src/bsp.c:325:6:QF_onCleanup	0	static
../Core/Src/bsp.c:329:6:QK_onIdle	0	static
