../Core/Src/bsp.c:86:12:Q_onError	0	static
../Core/Src/bsp.c:107:6:assert_failed	0	static
../Core/Src/bsp.c:116:6:SysTick_Handler	8	static
../Core/Src/bsp.c:131:6:BSP_delayMs	0	static
../Core/Src/bsp.c:142:6:EXTI0_1_IRQHandler	8	static
../Core/Src/bsp.c:162:6:TIM3_IRQHandler	16	static
../Core/Src/bsp.c:199:6:BSP_get_timestamps	8	static
../Core/Src/bsp.c:208:6:EXTI4_15_IRQHandler	8	static
../Core/Src/bsp.c:216:6:HAL_GPIO_EXTI_Rising_Callback	40	static
../Core/Src/bsp.c:241:6:RTC_IRQHandler	8	static
../Core/Src/bsp.c:250:6:HAL_RTC_AlarmAEventCallback	96	static
../Core/Src/bsp.c:380:6:RTC_ClockConfig	40	static
../Core/Src/bsp.c:402:6:BSP_RTC_init	48	static
../Core/Src/bsp.c:434:6:BSP_start	8	static
../Core/Src/bsp.c:449:6:BSP_randomSeed	0	static
../Core/Src/bsp.c:453:6:adc_seed	0	static
../Core/Src/bsp.c:329:6:BSP_init	24	static,ignoring_inline_asm
../Core/Src/bsp.c:475:10:BSP_random	8	static
../Core/Src/bsp.c:481:6:BSP_ledOn	0	static
../Core/Src/bsp.c:485:6:BSP_ledOff	0	static
../Core/Src/bsp.c:489:6:BSP_terminate	0	static
../Core/Src/bsp.c:495:6:QF_onStartup	8	static,ignoring_inline_asm
../Core/Src/bsp.c:519:6:QF_onCleanup	0	static
../Core/Src/bsp.c:530:6:QK_onIdle	0	static
