../Core/Src/bsp.c:85:12:Q_onError	0	static
../Core/Src/bsp.c:106:6:assert_failed	0	static
../Core/Src/bsp.c:115:6:SysTick_Handler	8	static
../Core/Src/bsp.c:130:6:BSP_delayMs	0	static
../Core/Src/bsp.c:141:6:EXTI0_1_IRQHandler	8	static
../Core/Src/bsp.c:191:6:TIM3_IRQHandler	8	static
../Core/Src/bsp.c:203:6:HAL_TIM_IC_CaptureCallback	24	static
../Core/Src/bsp.c:275:6:BSP_init	8	static
../Core/Src/bsp.c:309:6:BSP_start	8	static
../Core/Src/bsp.c:323:6:BSP_randomSeed	0	static
../Core/Src/bsp.c:327:10:BSP_random	0	static
../Core/Src/bsp.c:333:6:BSP_ledOn	0	static
../Core/Src/bsp.c:337:6:BSP_ledOff	0	static
../Core/Src/bsp.c:341:6:BSP_terminate	0	static
../Core/Src/bsp.c:347:6:QF_onStartup	8	static,ignoring_inline_asm
../Core/Src/bsp.c:369:6:QF_onCleanup	0	static
../Core/Src/bsp.c:373:6:QK_onIdle	0	static
