../Core/Src/bsp.c:86:12:Q_onError	0	static
../Core/Src/bsp.c:107:6:assert_failed	0	static
../Core/Src/bsp.c:116:6:SysTick_Handler	8	static
../Core/Src/bsp.c:131:6:BSP_delayMs	0	static
../Core/Src/bsp.c:142:6:EXTI0_1_IRQHandler	8	static
../Core/Src/bsp.c:162:6:TIM3_IRQHandler	16	static
../Core/Src/bsp.c:199:6:BSP_get_timestamps	8	static
../Core/Src/bsp.c:208:6:EXTI4_15_IRQHandler	8	static
../Core/Src/bsp.c:216:6:HAL_GPIO_EXTI_Rising_Callback	40	static
../Core/Src/bsp.c:279:6:BSP_init	16	static,ignoring_inline_asm
../Core/Src/bsp.c:320:6:BSP_start	8	static
../Core/Src/bsp.c:334:6:BSP_randomSeed	0	static
../Core/Src/bsp.c:338:10:BSP_random	0	static
../Core/Src/bsp.c:344:6:BSP_ledOn	0	static
../Core/Src/bsp.c:348:6:BSP_ledOff	0	static
../Core/Src/bsp.c:352:6:BSP_terminate	0	static
../Core/Src/bsp.c:358:6:QF_onStartup	8	static,ignoring_inline_asm
../Core/Src/bsp.c:382:6:QF_onCleanup	0	static
../Core/Src/bsp.c:386:6:QK_onIdle	0	static
