../Core/Src/bsp.c:88:12:Q_onError	0	static
../Core/Src/bsp.c:109:6:assert_failed	0	static
../Core/Src/bsp.c:118:6:SysTick_Handler	8	static
../Core/Src/bsp.c:133:6:BSP_delayMs	0	static
../Core/Src/bsp.c:144:6:EXTI0_1_IRQHandler	8	static
../Core/Src/bsp.c:164:6:TIM3_IRQHandler	16	static
../Core/Src/bsp.c:201:6:BSP_get_timestamps	8	static
../Core/Src/bsp.c:210:6:EXTI4_15_IRQHandler	8	static
../Core/Src/bsp.c:218:6:HAL_GPIO_EXTI_Rising_Callback	40	static
../Core/Src/bsp.c:354:6:BSP_reset_systick	16	static
../Core/Src/bsp.c:362:6:BSP_RTC_init2	40	static,ignoring_inline_asm
../Core/Src/bsp.c:423:6:RTC_setWakeIntervalSeconds	32	static
../Core/Src/bsp.c:243:6:RTC_IRQHandler	8	static
../Core/Src/bsp.c:403:6:BSP_RTC_init	8	static,ignoring_inline_asm
../Core/Src/bsp.c:476:6:RTC_ClockConfig	40	static
../Core/Src/bsp.c:497:6:BSP_start	8	static
../Core/Src/bsp.c:512:6:BSP_randomSeed	0	static
../Core/Src/bsp.c:516:6:adc_seed	0	static
../Core/Src/bsp.c:299:6:BSP_init	16	static,ignoring_inline_asm
../Core/Src/bsp.c:538:10:BSP_random	8	static
../Core/Src/bsp.c:544:6:BSP_ledOn	0	static
../Core/Src/bsp.c:548:6:BSP_ledOff	0	static
../Core/Src/bsp.c:552:6:BSP_terminate	0	static
../Core/Src/bsp.c:558:6:QF_onStartup	8	static,ignoring_inline_asm
../Core/Src/bsp.c:582:6:QF_onCleanup	0	static
../Core/Src/bsp.c:594:6:QK_onIdle	32	static,ignoring_inline_asm
