../Drivers/CMSIS/Include/core_cm0plus.h:741:22:__NVIC_EnableIRQ	16	static,ignoring_inline_asm
../Drivers/CMSIS/Include/core_cm0plus.h:850:22:__NVIC_SetPriority	24	static
../Drivers/CMSIS/Include/core_cm0plus.h:1058:26:SysTick_Config	16	static
../Core/Src/bsp.c:77:12:Q_onError	16	static
../Core/Src/bsp.c:98:6:assert_failed	16	static
../Core/Src/bsp.c:107:6:SysTick_Handler	8	static
../Core/Src/bsp.c:122:6:BSP_delayMs	24	static
../Core/Src/bsp.c:132:6:EXTI0_1_IRQHandler	24	static
../Core/Src/bsp.c:215:6:BSP_init	8	static
../Core/Src/bsp.c:229:6:BSP_start	8	static
../Core/Src/bsp.c:241:6:BSP_displayPhilStat	16	static
../Core/Src/bsp.c:258:6:BSP_displayPaused	16	static
../Core/Src/bsp.c:273:6:BSP_randomSeed	16	static
../Core/Src/bsp.c:277:10:BSP_random	8	static
../Core/Src/bsp.c:283:6:BSP_ledOn	8	static
../Core/Src/bsp.c:287:6:BSP_ledOff	8	static
../Core/Src/bsp.c:291:6:BSP_terminate	16	static
../Core/Src/bsp.c:297:6:QF_onStartup	8	static
../Core/Src/bsp.c:319:6:QF_onCleanup	8	static
../Core/Src/bsp.c:323:6:QK_onIdle	8	static
