../Drivers/CMSIS/Include/core_cm0plus.h:741:22:__NVIC_EnableIRQ	16	static,ignoring_inline_asm
../Drivers/CMSIS/Include/core_cm0plus.h:850:22:__NVIC_SetPriority	24	static
../Drivers/CMSIS/Include/core_cm0plus.h:1058:26:SysTick_Config	16	static
../Core/Src/bsp.c:75:12:Q_onError	16	static
../Core/Src/bsp.c:96:6:assert_failed	16	static
../Core/Src/bsp.c:105:6:SysTick_Handler	8	static
../Core/Src/bsp.c:120:6:BSP_delayMs	24	static
../Core/Src/bsp.c:161:6:BSP_init	8	static
../Core/Src/bsp.c:175:6:BSP_start	8	static
../Core/Src/bsp.c:187:6:BSP_displayPhilStat	16	static
../Core/Src/bsp.c:204:6:BSP_displayPaused	16	static
../Core/Src/bsp.c:219:6:BSP_randomSeed	16	static
../Core/Src/bsp.c:223:10:BSP_random	8	static
../Core/Src/bsp.c:229:6:BSP_ledOn	8	static
../Core/Src/bsp.c:233:6:BSP_ledOff	8	static
../Core/Src/bsp.c:237:6:BSP_terminate	16	static
../Core/Src/bsp.c:243:6:QF_onStartup	8	static
../Core/Src/bsp.c:265:6:QF_onCleanup	8	static
../Core/Src/bsp.c:269:6:QK_onIdle	8	static
