../Core/Src/bsp.c:88:12:Q_onError	0	static
../Core/Src/bsp.c:109:6:assert_failed	0	static
../Core/Src/bsp.c:118:6:SysTick_Handler	8	static
../Core/Src/bsp.c:133:6:BSP_delayMs	0	static
../Core/Src/bsp.c:144:6:EXTI0_1_IRQHandler	8	static
../Core/Src/bsp.c:164:6:TIM3_IRQHandler	16	static
../Core/Src/bsp.c:201:6:BSP_get_timestamps	8	static
../Core/Src/bsp.c:210:6:EXTI4_15_IRQHandler	8	static
../Core/Src/bsp.c:218:6:HAL_GPIO_EXTI_Rising_Callback	40	static
../Core/Src/bsp.c:322:6:BSP_start	8	static
../Core/Src/bsp.c:337:6:BSP_randomSeed	0	static
../Core/Src/bsp.c:341:6:adc_seed	0	static
../Core/Src/bsp.c:278:6:BSP_init	16	static,ignoring_inline_asm
../Core/Src/bsp.c:363:10:BSP_random	8	static
../Core/Src/bsp.c:369:6:BSP_ledOn	0	static
../Core/Src/bsp.c:373:6:BSP_ledOff	0	static
../Core/Src/bsp.c:377:6:BSP_terminate	0	static
../Core/Src/bsp.c:383:6:QF_onStartup	8	static,ignoring_inline_asm
../Core/Src/bsp.c:407:6:QF_onCleanup	0	static
../Core/Src/bsp.c:411:6:QK_onIdle	0	static
