../Core/Src/bsp.c:506:13:RTC_ReadTime	20	static
../Core/Src/bsp.c:94:12:Q_onError	0	static
../Core/Src/bsp.c:115:6:assert_failed	0	static
../Core/Src/bsp.c:124:6:SysTick_Handler	8	static
../Core/Src/bsp.c:139:6:BSP_delayMs	0	static
../Core/Src/bsp.c:147:6:EXTI0_1_IRQHandler	8	static
../Core/Src/bsp.c:167:6:TIM3_IRQHandler	16	static
../Core/Src/bsp.c:203:6:BSP_get_timestamps	8	static
../Core/Src/bsp.c:212:6:EXTI4_15_IRQHandler	8	static
../Core/Src/bsp.c:220:6:HAL_GPIO_EXTI_Rising_Callback	40	static
../Core/Src/bsp.c:243:6:RTC_IRQHandler	32	static
../Core/Src/bsp.c:355:6:BSP_reset_systick	16	static
../Core/Src/bsp.c:542:6:BSP_start	8	static
../Core/Src/bsp.c:551:6:BSP_randomSeed	0	static
../Core/Src/bsp.c:555:6:adc_seed	0	static
../Core/Src/bsp.c:299:6:BSP_init	72	static,ignoring_inline_asm
../Core/Src/bsp.c:577:10:BSP_random	8	static
../Core/Src/bsp.c:583:6:BSP_ledOn	0	static
../Core/Src/bsp.c:587:6:BSP_ledOff	0	static
../Core/Src/bsp.c:591:6:BSP_terminate	0	static
../Core/Src/bsp.c:597:6:QF_onStartup	8	static,ignoring_inline_asm
../Core/Src/bsp.c:620:6:QF_onCleanup	0	static
../Core/Src/bsp.c:626:6:QK_onIdle	24	static,ignoring_inline_asm
