../Core/Src/bsp.c:86:12:Q_onError	0	static
../Core/Src/bsp.c:107:6:assert_failed	0	static
../Core/Src/bsp.c:116:6:SysTick_Handler	8	static
../Core/Src/bsp.c:131:6:BSP_delayMs	0	static
../Core/Src/bsp.c:142:6:EXTI0_1_IRQHandler	8	static
../Core/Src/bsp.c:162:6:TIM3_IRQHandler	16	static
../Core/Src/bsp.c:199:6:BSP_get_timestamps	8	static
../Core/Src/bsp.c:208:6:EXTI4_15_IRQHandler	8	static
../Core/Src/bsp.c:216:6:HAL_GPIO_EXTI_Rising_Callback	40	static
../Core/Src/bsp.c:348:6:BSP_RTC_init2	40	static,ignoring_inline_asm
../Core/Src/bsp.c:409:6:RTC_setWakeIntervalSeconds	32	static
../Core/Src/bsp.c:241:6:RTC_IRQHandler	8	static
../Core/Src/bsp.c:389:6:BSP_RTC_init	8	static,ignoring_inline_asm
../Core/Src/bsp.c:462:6:RTC_ClockConfig	40	static
../Core/Src/bsp.c:483:6:BSP_start	8	static
../Core/Src/bsp.c:498:6:BSP_randomSeed	0	static
../Core/Src/bsp.c:502:6:adc_seed	0	static
../Core/Src/bsp.c:294:6:BSP_init	16	static,ignoring_inline_asm
../Core/Src/bsp.c:524:10:BSP_random	8	static
../Core/Src/bsp.c:530:6:BSP_ledOn	0	static
../Core/Src/bsp.c:534:6:BSP_ledOff	0	static
../Core/Src/bsp.c:538:6:BSP_terminate	0	static
../Core/Src/bsp.c:544:6:QF_onStartup	8	static,ignoring_inline_asm
../Core/Src/bsp.c:568:6:QF_onCleanup	0	static
../Core/Src/bsp.c:579:6:QK_onIdle	8	static,ignoring_inline_asm
