../Core/Src/bsp.c:95:12:Q_onError	0	static
../Core/Src/bsp.c:116:6:assert_failed	0	static
../Core/Src/bsp.c:125:6:SysTick_Handler	8	static
../Core/Src/bsp.c:140:6:BSP_delayMs	0	static
../Core/Src/bsp.c:148:6:EXTI0_1_IRQHandler	8	static
../Core/Src/bsp.c:168:6:TIM3_IRQHandler	16	static
../Core/Src/bsp.c:204:6:BSP_get_timestamps	8	static
../Core/Src/bsp.c:213:6:EXTI4_15_IRQHandler	8	static
../Core/Src/bsp.c:221:6:HAL_GPIO_EXTI_Rising_Callback	40	static
../Core/Src/bsp.c:360:6:BSP_reset_systick	16	static
../Core/Src/bsp.c:473:6:RTC_setWakeIntervalSeconds	32	static
../Core/Src/bsp.c:244:6:RTC_IRQHandler	8	static
../Core/Src/bsp.c:644:6:BSP_start	8	static
../Core/Src/bsp.c:653:6:BSP_randomSeed	0	static
../Core/Src/bsp.c:657:6:adc_seed	0	static
../Core/Src/bsp.c:304:6:BSP_init	56	static,ignoring_inline_asm
../Core/Src/bsp.c:679:10:BSP_random	8	static
../Core/Src/bsp.c:685:6:BSP_ledOn	0	static
../Core/Src/bsp.c:689:6:BSP_ledOff	0	static
../Core/Src/bsp.c:693:6:BSP_terminate	0	static
../Core/Src/bsp.c:699:6:QF_onStartup	8	static,ignoring_inline_asm
../Core/Src/bsp.c:722:6:QF_onCleanup	0	static
../Core/Src/bsp.c:727:6:QK_onIdle	24	static,ignoring_inline_asm
