../Drivers/CMSIS/Include/core_cm0plus.h:741:22:__NVIC_EnableIRQ	16	static,ignoring_inline_asm
../Drivers/CMSIS/Include/core_cm0plus.h:850:22:__NVIC_SetPriority	24	static
../Drivers/CMSIS/Include/core_cm0plus.h:1058:26:SysTick_Config	16	static
../Core/Src/bsp.c:72:12:Q_onError	16	static
../Core/Src/bsp.c:93:6:assert_failed	16	static
../Core/Src/bsp.c:100:6:SysTick_Handler	8	static
../Core/Src/bsp.c:150:6:BSP_init	8	static
../Core/Src/bsp.c:157:6:BSP_start	8	static
../Core/Src/bsp.c:169:6:BSP_displayPhilStat	16	static
../Core/Src/bsp.c:186:6:BSP_displayPaused	16	static
../Core/Src/bsp.c:201:6:BSP_randomSeed	16	static
../Core/Src/bsp.c:205:10:BSP_random	8	static
../Core/Src/bsp.c:211:6:BSP_ledOn	8	static
../Core/Src/bsp.c:215:6:BSP_ledOff	8	static
../Core/Src/bsp.c:219:6:BSP_terminate	16	static
../Core/Src/bsp.c:225:6:QF_onStartup	8	static
../Core/Src/bsp.c:247:6:QF_onCleanup	8	static
../Core/Src/bsp.c:251:6:QK_onIdle	8	static
