../Core/Src/bsp.c:544:13:RTC_ReadTime	20	static
../Core/Src/bsp.c:89:12:Q_onError	0	static
../Core/Src/bsp.c:110:6:assert_failed	0	static
../Core/Src/bsp.c:119:6:SysTick_Handler	8	static
../Core/Src/bsp.c:134:6:BSP_delayMs	0	static
../Core/Src/bsp.c:142:6:EXTI0_1_IRQHandler	8	static
../Core/Src/bsp.c:162:6:TIM3_IRQHandler	16	static
../Core/Src/bsp.c:199:6:BSP_get_timestamps	8	static
../Core/Src/bsp.c:208:6:EXTI4_15_IRQHandler	8	static
../Core/Src/bsp.c:216:6:HAL_GPIO_EXTI_Rising_Callback	40	static
../Core/Src/bsp.c:353:6:BSP_reset_systick	16	static
../Core/Src/bsp.c:361:6:BSP_RTC_init2	40	static,ignoring_inline_asm
../Core/Src/bsp.c:422:6:RTC_setWakeInterval	48	static
../Core/Src/bsp.c:241:6:RTC_IRQHandler	8	static
../Core/Src/bsp.c:506:6:RTC_setWakeIntervalSeconds	40	static
../Core/Src/bsp.c:402:6:BSP_RTC_init	16	static,ignoring_inline_asm
../Core/Src/bsp.c:560:6:RTC_ClockConfig	40	static
../Core/Src/bsp.c:581:6:BSP_start	8	static
../Core/Src/bsp.c:596:6:BSP_randomSeed	0	static
../Core/Src/bsp.c:600:6:adc_seed	0	static
../Core/Src/bsp.c:297:6:BSP_init	16	static,ignoring_inline_asm
../Core/Src/bsp.c:622:10:BSP_random	8	static
../Core/Src/bsp.c:628:6:BSP_ledOn	0	static
../Core/Src/bsp.c:632:6:BSP_ledOff	0	static
../Core/Src/bsp.c:636:6:BSP_terminate	0	static
../Core/Src/bsp.c:642:6:QF_onStartup	8	static,ignoring_inline_asm
../Core/Src/bsp.c:666:6:QF_onCleanup	0	static
../Core/Src/bsp.c:678:6:QK_onIdle	24	static,ignoring_inline_asm
