../Core/Src/bsp.c:87:12:Q_onError	0	static
../Core/Src/bsp.c:108:6:assert_failed	0	static
../Core/Src/bsp.c:117:6:SysTick_Handler	8	static
../Core/Src/bsp.c:132:6:BSP_delayMs	0	static
../Core/Src/bsp.c:143:6:EXTI0_1_IRQHandler	8	static
../Core/Src/bsp.c:163:6:TIM3_IRQHandler	16	static
../Core/Src/bsp.c:200:6:BSP_get_timestamps	8	static
../Core/Src/bsp.c:209:6:EXTI4_15_IRQHandler	8	static
../Core/Src/bsp.c:217:6:HAL_GPIO_EXTI_Rising_Callback	40	static
../Core/Src/bsp.c:318:6:BSP_start	8	static
../Core/Src/bsp.c:333:6:BSP_randomSeed	0	static
../Core/Src/bsp.c:337:6:adc_seed	0	static
../Core/Src/bsp.c:277:6:BSP_init	16	static,ignoring_inline_asm
../Core/Src/bsp.c:359:10:BSP_random	8	static
../Core/Src/bsp.c:365:6:BSP_ledOn	0	static
../Core/Src/bsp.c:369:6:BSP_ledOff	0	static
../Core/Src/bsp.c:373:6:BSP_terminate	0	static
../Core/Src/bsp.c:379:6:QF_onStartup	8	static,ignoring_inline_asm
../Core/Src/bsp.c:403:6:QF_onCleanup	0	static
../Core/Src/bsp.c:407:6:QK_onIdle	0	static
