../Core/Src/bsp.c:78:12:Q_onError	0	static
../Core/Src/bsp.c:99:6:assert_failed	0	static
../Core/Src/bsp.c:108:6:SysTick_Handler	8	static
../Core/Src/bsp.c:123:6:BSP_delayMs	0	static
../Core/Src/bsp.c:133:6:EXTI0_1_IRQHandler	8	static
../Core/Src/bsp.c:210:6:BSP_init	8	static
../Core/Src/bsp.c:224:6:BSP_start	8	static
../Core/Src/bsp.c:236:6:BSP_displayPhilStat	0	static
../Core/Src/bsp.c:253:6:BSP_displayPaused	0	static
../Core/Src/bsp.c:268:6:BSP_randomSeed	0	static
../Core/Src/bsp.c:272:10:BSP_random	0	static
../Core/Src/bsp.c:278:6:BSP_ledOn	0	static
../Core/Src/bsp.c:282:6:BSP_ledOff	0	static
../Core/Src/bsp.c:286:6:BSP_terminate	0	static
../Core/Src/bsp.c:292:6:QF_onStartup	8	static,ignoring_inline_asm
../Core/Src/bsp.c:314:6:QF_onCleanup	0	static
../Core/Src/bsp.c:318:6:QK_onIdle	0	static
