../Core/Src/bsp.c:85:12:Q_onError	0	static
../Core/Src/bsp.c:106:6:assert_failed	0	static
../Core/Src/bsp.c:115:6:SysTick_Handler	8	static
../Core/Src/bsp.c:130:6:BSP_delayMs	0	static
../Core/Src/bsp.c:141:6:EXTI0_1_IRQHandler	8	static
../Core/Src/bsp.c:240:6:TIM3_IRQHandler	8	static
../Core/Src/bsp.c:302:6:BSP_init	16	static,ignoring_inline_asm
../Core/Src/bsp.c:357:6:BSP_start	8	static
../Core/Src/bsp.c:371:6:BSP_randomSeed	0	static
../Core/Src/bsp.c:375:10:BSP_random	0	static
../Core/Src/bsp.c:381:6:BSP_ledOn	0	static
../Core/Src/bsp.c:385:6:BSP_ledOff	0	static
../Core/Src/bsp.c:389:6:BSP_terminate	0	static
../Core/Src/bsp.c:395:6:QF_onStartup	8	static,ignoring_inline_asm
../Core/Src/bsp.c:417:6:QF_onCleanup	0	static
../Core/Src/bsp.c:421:6:QK_onIdle	0	static
