../Core/Src/bsp.c:86:12:Q_onError	0	static
../Core/Src/bsp.c:107:6:assert_failed	0	static
../Core/Src/bsp.c:116:6:SysTick_Handler	8	static
../Core/Src/bsp.c:131:6:BSP_delayMs	0	static
../Core/Src/bsp.c:142:6:EXTI0_1_IRQHandler	8	static
../Core/Src/bsp.c:244:6:TIM3_IRQHandler	16	static
../Core/Src/bsp.c:281:6:BSP_get_timestamps	8	static
../Core/Src/bsp.c:290:6:EXTI4_15_IRQHandler	8	static
../Core/Src/bsp.c:298:6:HAL_GPIO_EXTI_Rising_Callback	40	static
../Core/Src/bsp.c:359:6:BSP_init	16	static,ignoring_inline_asm
../Core/Src/bsp.c:415:6:BSP_start	8	static
../Core/Src/bsp.c:429:6:BSP_randomSeed	0	static
../Core/Src/bsp.c:433:10:BSP_random	0	static
../Core/Src/bsp.c:439:6:BSP_ledOn	0	static
../Core/Src/bsp.c:443:6:BSP_ledOff	0	static
../Core/Src/bsp.c:447:6:BSP_terminate	0	static
../Core/Src/bsp.c:453:6:QF_onStartup	8	static,ignoring_inline_asm
../Core/Src/bsp.c:477:6:QF_onCleanup	0	static
../Core/Src/bsp.c:481:6:QK_onIdle	0	static
