../Core/Src/bsp.c:85:12:Q_onError	0	static
../Core/Src/bsp.c:106:6:assert_failed	0	static
../Core/Src/bsp.c:115:6:SysTick_Handler	8	static
../Core/Src/bsp.c:130:6:BSP_delayMs	0	static
../Core/Src/bsp.c:141:6:EXTI0_1_IRQHandler	8	static
../Core/Src/bsp.c:240:6:TIM3_IRQHandler	8	static
../Core/Src/bsp.c:297:6:BSP_init	16	static,ignoring_inline_asm
../Core/Src/bsp.c:352:6:BSP_start	8	static
../Core/Src/bsp.c:366:6:BSP_randomSeed	0	static
../Core/Src/bsp.c:370:10:BSP_random	0	static
../Core/Src/bsp.c:376:6:BSP_ledOn	0	static
../Core/Src/bsp.c:380:6:BSP_ledOff	0	static
../Core/Src/bsp.c:384:6:BSP_terminate	0	static
../Core/Src/bsp.c:390:6:QF_onStartup	8	static,ignoring_inline_asm
../Core/Src/bsp.c:412:6:QF_onCleanup	0	static
../Core/Src/bsp.c:416:6:QK_onIdle	0	static
