../Core/Src/display.c:108:13:display_text	16	static
../Core/Src/display.c:11:6:display_temp	24	static
../Core/Src/display.c:20:6:display_score	24	static
../Core/Src/display.c:27:6:clear_display	8	static
../Core/Src/display.c:35:6:draw_border	24	static
../Core/Src/display.c:44:6:draw_pixel_block	32	static
../Core/Src/display.c:56:6:draw_pixel	8	static
../Core/Src/display.c:62:6:draw_line_step	24	static
../Core/Src/display.c:93:6:display_dry	32	static
../Core/Src/display.c:214:6:display_tetris_gameover	16	static
../Core/Src/display.c:221:6:display_tetris_start	16	static
