../Core/Src/display.c:115:13:display_text.constprop	16	static
../Core/Src/display.c:11:6:display_temp	24	static
../Core/Src/display.c:20:6:display_score	24	static
../Core/Src/display.c:26:6:display_win	8	static
../Core/Src/display.c:34:6:clear_display	8	static
../Core/Src/display.c:42:6:draw_border	24	static
../Core/Src/display.c:51:6:draw_pixel_block	32	static
../Core/Src/display.c:63:6:draw_pixel	8	static
../Core/Src/display.c:69:6:draw_line_step	24	static
../Core/Src/display.c:100:6:display_dry	32	static
