../Core/Src/main_app.c:105:8:MainApp_initial	0	static
../Core/Src/main_app.c:341:8:MainApp_tetris	0	static
../Core/Src/main_app.c:258:8:MainApp_dry_alert	16	static
../Core/Src/main_app.c:294:8:MainApp_pump	16	static
../Core/Src/main_app.c:358:8:MainApp_start_screen	8	static
../Core/Src/main_app.c:391:8:MainApp_game	16	static
../Core/Src/main_app.c:231:8:MainApp_display_stats	8	static
../Core/Src/main_app.c:428:8:MainApp_init_board	16	static
../Core/Src/main_app.c:64:9:MainApp_calc_dryness_percent	8	static
../Core/Src/main_app.c:111:8:MainApp_display	16	static
../Core/Src/main_app.c:83:6:MainApp_init_line_state	20	static
../Core/Src/main_app.c:468:8:MainApp_top_border	24	static
../Core/Src/main_app.c:516:8:MainApp_left_border	24	static
../Core/Src/main_app.c:571:8:MainApp_btm_border	24	static
../Core/Src/main_app.c:625:8:MainApp_right_border	24	static
../Core/Src/main_app.c:684:6:Main_App_ctor	24	static
../Core/Src/main_app.c:700:6:Sensor_ctor	8	static
../Core/Src/main_app.c:713:6:RFButton_ctor	8	static
