../Core/Src/main_app.c:104:8:MainApp_initial	0	static
../Core/Src/main_app.c:340:8:MainApp_tetris	0	static
../Core/Src/main_app.c:390:8:MainApp_game	8	static
../Core/Src/main_app.c:257:8:MainApp_dry_alert	16	static
../Core/Src/main_app.c:293:8:MainApp_pump	16	static
../Core/Src/main_app.c:357:8:MainApp_start_screen	8	static
../Core/Src/main_app.c:230:8:MainApp_display_stats	8	static
../Core/Src/main_app.c:416:8:MainApp_init_board	8	static
../Core/Src/main_app.c:62:9:MainApp_calc_dryness_percent	8	static
../Core/Src/main_app.c:110:8:MainApp_display	16	static
../Core/Src/main_app.c:81:6:MainApp_init_line_state	20	static
../Core/Src/main_app.c:445:8:MainApp_top_border	16	static
../Core/Src/main_app.c:488:8:MainApp_left_border	16	static
../Core/Src/main_app.c:531:8:MainApp_btm_border	16	static
../Core/Src/main_app.c:574:8:MainApp_right_border	16	static
../Core/Src/main_app.c:623:6:Main_App_ctor	32	static
../Core/Src/main_app.c:639:6:Sensor_ctor	8	static
../Core/Src/main_app.c:652:6:RFButton_ctor	8	static
