../Core/Src/main_app.c:149:8:MainApp_initial	0	static
../Core/Src/main_app.c:314:8:MainApp_dry_alert	8	static
../Core/Src/main_app.c:349:8:MainApp_pump	16	static
../Core/Src/main_app.c:398:8:MainApp_tetris	8	static
../Core/Src/main_app.c:759:8:MainApp_gameover_screen	8	static
../Core/Src/main_app.c:785:8:MainApp_win_sceen	8	static
../Core/Src/main_app.c:285:8:MainApp_display_stats	8	static
../Core/Src/main_app.c:73:9:MainApp_calc_dryness_percent	8	static
../Core/Src/main_app.c:156:8:MainApp_display	16	static
../Core/Src/main_app.c:93:6:MainApp_init_line_state	20	static
../Core/Src/main_app.c:549:8:MainApp_top_border	24	static
../Core/Src/main_app.c:597:8:MainApp_left_border	24	static
../Core/Src/main_app.c:652:8:MainApp_btm_border	24	static
../Core/Src/main_app.c:707:8:MainApp_right_border	16	static
../Core/Src/main_app.c:115:6:MainApp_spawn_tetromino	16	static
../Core/Src/main_app.c:422:8:MainApp_game	40	static
../Core/Src/main_app.c:143:6:MainApp_tetris_init	8	static
../Core/Src/main_app.c:510:8:MainApp_init_board	16	static
../Core/Src/main_app.c:816:6:Main_App_ctor	24	static
../Core/Src/main_app.c:831:6:Sensor_ctor	8	static
../Core/Src/main_app.c:844:6:RFButton_ctor	8	static
