../Core/Src/main_app.c:117:8:MainApp_initial	0	static
../Core/Src/main_app.c:348:8:MainApp_tetris	0	static
../Core/Src/main_app.c:303:8:MainApp_pump	16	static
../Core/Src/main_app.c:365:8:MainApp_start_screen	8	static
../Core/Src/main_app.c:240:8:MainApp_display_stats	8	static
../Core/Src/main_app.c:267:8:MainApp_dry_alert	16	static
../Core/Src/main_app.c:451:8:MainApp_init_board	16	static
../Core/Src/main_app.c:67:9:MainApp_calc_dryness_percent	8	static
../Core/Src/main_app.c:123:8:MainApp_display	16	static
../Core/Src/main_app.c:86:6:MainApp_init_line_state	20	static
../Core/Src/main_app.c:490:8:MainApp_top_border	24	static
../Core/Src/main_app.c:538:8:MainApp_left_border	24	static
../Core/Src/main_app.c:592:8:MainApp_btm_border	24	static
../Core/Src/main_app.c:645:8:MainApp_right_border	16	static
../Core/Src/main_app.c:108:6:MainApp_spawn_tetromino	8	static
../Core/Src/main_app.c:398:8:MainApp_game	16	static
../Core/Src/main_app.c:702:6:Main_App_ctor	24	static
../Core/Src/main_app.c:717:6:Sensor_ctor	8	static
../Core/Src/main_app.c:730:6:RFButton_ctor	8	static
