../Core/Src/main_app.c:106:8:MainApp_initial	0	static
../Core/Src/main_app.c:337:8:MainApp_tetris	0	static
../Core/Src/main_app.c:292:8:MainApp_pump	16	static
../Core/Src/main_app.c:354:8:MainApp_start_screen	8	static
../Core/Src/main_app.c:387:8:MainApp_game	16	static
../Core/Src/main_app.c:229:8:MainApp_display_stats	8	static
../Core/Src/main_app.c:256:8:MainApp_dry_alert	16	static
../Core/Src/main_app.c:439:8:MainApp_init_board	16	static
../Core/Src/main_app.c:65:9:MainApp_calc_dryness_percent	8	static
../Core/Src/main_app.c:112:8:MainApp_display	16	static
../Core/Src/main_app.c:84:6:MainApp_init_line_state	20	static
../Core/Src/main_app.c:478:8:MainApp_top_border	24	static
../Core/Src/main_app.c:526:8:MainApp_left_border	24	static
../Core/Src/main_app.c:580:8:MainApp_btm_border	24	static
../Core/Src/main_app.c:633:8:MainApp_right_border	16	static
../Core/Src/main_app.c:690:6:Main_App_ctor	24	static
../Core/Src/main_app.c:705:6:Sensor_ctor	8	static
../Core/Src/main_app.c:718:6:RFButton_ctor	8	static
