../Core/Src/main_app.c:136:8:MainApp_initial	0	static
../Core/Src/main_app.c:367:8:MainApp_tetris	8	static
../Core/Src/main_app.c:322:8:MainApp_pump	16	static
../Core/Src/main_app.c:718:8:MainApp_gameover_screen	8	static
../Core/Src/main_app.c:744:8:MainApp_win_sceen	8	static
../Core/Src/main_app.c:259:8:MainApp_display_stats	8	static
../Core/Src/main_app.c:286:8:MainApp_dry_alert	16	static
../Core/Src/main_app.c:474:8:MainApp_init_board	16	static
../Core/Src/main_app.c:69:9:MainApp_calc_dryness_percent	8	static
../Core/Src/main_app.c:142:8:MainApp_display	16	static
../Core/Src/main_app.c:88:6:MainApp_init_line_state	20	static
../Core/Src/main_app.c:513:8:MainApp_top_border	24	static
../Core/Src/main_app.c:560:8:MainApp_left_border	24	static
../Core/Src/main_app.c:613:8:MainApp_btm_border	24	static
../Core/Src/main_app.c:666:8:MainApp_right_border	16	static
../Core/Src/main_app.c:110:6:MainApp_spawn_tetromino	16	static
../Core/Src/main_app.c:392:8:MainApp_game	32	static
../Core/Src/main_app.c:775:6:Main_App_ctor	24	static
../Core/Src/main_app.c:790:6:Sensor_ctor	8	static
../Core/Src/main_app.c:803:6:RFButton_ctor	8	static
