../Core/Src/main_app.c:136:8:MainApp_initial	0	static
../Core/Src/main_app.c:286:8:MainApp_dry_alert	8	static
../Core/Src/main_app.c:322:8:MainApp_pump	16	static
../Core/Src/main_app.c:366:8:MainApp_tetris	8	static
../Core/Src/main_app.c:717:8:MainApp_gameover_screen	8	static
../Core/Src/main_app.c:743:8:MainApp_win_sceen	8	static
../Core/Src/main_app.c:259:8:MainApp_display_stats	8	static
../Core/Src/main_app.c:473:8:MainApp_init_board	16	static
../Core/Src/main_app.c:69:9:MainApp_calc_dryness_percent	8	static
../Core/Src/main_app.c:142:8:MainApp_display	16	static
../Core/Src/main_app.c:88:6:MainApp_init_line_state	20	static
../Core/Src/main_app.c:512:8:MainApp_top_border	24	static
../Core/Src/main_app.c:559:8:MainApp_left_border	24	static
../Core/Src/main_app.c:612:8:MainApp_btm_border	24	static
../Core/Src/main_app.c:665:8:MainApp_right_border	16	static
../Core/Src/main_app.c:110:6:MainApp_spawn_tetromino	16	static
../Core/Src/main_app.c:391:8:MainApp_game	32	static
../Core/Src/main_app.c:774:6:Main_App_ctor	24	static
../Core/Src/main_app.c:789:6:Sensor_ctor	8	static
../Core/Src/main_app.c:802:6:RFButton_ctor	8	static
