../Core/Src/main_app.c:148:8:MainApp_initial	0	static
../Core/Src/main_app.c:385:8:MainApp_tetris	8	static
../Core/Src/main_app.c:302:8:MainApp_dry_alert	8	static
../Core/Src/main_app.c:337:8:MainApp_pump	16	static
../Core/Src/main_app.c:750:8:MainApp_gameover_screen	8	static
../Core/Src/main_app.c:776:8:MainApp_win_sceen	8	static
../Core/Src/main_app.c:273:8:MainApp_display_stats	8	static
../Core/Src/main_app.c:73:9:MainApp_calc_dryness_percent	8	static
../Core/Src/main_app.c:155:8:MainApp_display	16	static
../Core/Src/main_app.c:92:6:MainApp_init_line_state	20	static
../Core/Src/main_app.c:540:8:MainApp_top_border	24	static
../Core/Src/main_app.c:588:8:MainApp_left_border	24	static
../Core/Src/main_app.c:643:8:MainApp_btm_border	24	static
../Core/Src/main_app.c:698:8:MainApp_right_border	16	static
../Core/Src/main_app.c:114:6:MainApp_spawn_tetromino	16	static
../Core/Src/main_app.c:408:8:MainApp_game	40	static
../Core/Src/main_app.c:142:6:MainApp_tetris_init	8	static
../Core/Src/main_app.c:501:8:MainApp_init_board	16	static
../Core/Src/main_app.c:807:6:Main_App_ctor	24	static
../Core/Src/main_app.c:822:6:Sensor_ctor	8	static
../Core/Src/main_app.c:835:6:RFButton_ctor	8	static
