../Core/Src/main_app.c:103:8:MainApp_initial	0	static
../Core/Src/main_app.c:339:8:MainApp_tetris	0	static
../Core/Src/main_app.c:389:8:MainApp_game	8	static
../Core/Src/main_app.c:256:8:MainApp_dry_alert	16	static
../Core/Src/main_app.c:292:8:MainApp_pump	16	static
../Core/Src/main_app.c:356:8:MainApp_start_screen	8	static
../Core/Src/main_app.c:229:8:MainApp_display_stats	8	static
../Core/Src/main_app.c:415:8:MainApp_init_board	8	static
../Core/Src/main_app.c:62:9:MainApp_calc_dryness_percent	8	static
../Core/Src/main_app.c:109:8:MainApp_display	16	static
../Core/Src/main_app.c:81:6:MainApp_init_line_state	20	static
../Core/Src/main_app.c:444:8:MainApp_top_border	40	static
../Core/Src/main_app.c:491:8:MainApp_left_border	40	static
../Core/Src/main_app.c:542:8:MainApp_btm_border	40	static
../Core/Src/main_app.c:592:8:MainApp_right_border	40	static
../Core/Src/main_app.c:649:6:Main_App_ctor	24	static
../Core/Src/main_app.c:665:6:Sensor_ctor	8	static
../Core/Src/main_app.c:678:6:RFButton_ctor	8	static
