../Core/Src/main_app.c:103:8:MainApp_initial	0	static
../Core/Src/main_app.c:339:8:MainApp_tetris	0	static
../Core/Src/main_app.c:256:8:MainApp_dry_alert	16	static
../Core/Src/main_app.c:292:8:MainApp_pump	16	static
../Core/Src/main_app.c:356:8:MainApp_start_screen	8	static
../Core/Src/main_app.c:389:8:MainApp_game	72	static
../Core/Src/main_app.c:229:8:MainApp_display_stats	8	static
../Core/Src/main_app.c:427:8:MainApp_init_board	16	static
../Core/Src/main_app.c:62:9:MainApp_calc_dryness_percent	8	static
../Core/Src/main_app.c:109:8:MainApp_display	16	static
../Core/Src/main_app.c:81:6:MainApp_init_line_state	20	static
../Core/Src/main_app.c:467:8:MainApp_top_border	24	static
../Core/Src/main_app.c:515:8:MainApp_left_border	24	static
../Core/Src/main_app.c:570:8:MainApp_btm_border	24	static
../Core/Src/main_app.c:624:8:MainApp_right_border	24	static
../Core/Src/main_app.c:683:6:Main_App_ctor	24	static
../Core/Src/main_app.c:699:6:Sensor_ctor	8	static
../Core/Src/main_app.c:712:6:RFButton_ctor	8	static
