../Core/Src/main_app.c:125:8:MainApp_initial	0	static
../Core/Src/main_app.c:356:8:MainApp_tetris	0	static
../Core/Src/main_app.c:311:8:MainApp_pump	16	static
../Core/Src/main_app.c:676:8:MainApp_gameover_screen	8	static
../Core/Src/main_app.c:248:8:MainApp_display_stats	8	static
../Core/Src/main_app.c:275:8:MainApp_dry_alert	16	static
../Core/Src/main_app.c:432:8:MainApp_init_board	16	static
../Core/Src/main_app.c:69:9:MainApp_calc_dryness_percent	8	static
../Core/Src/main_app.c:131:8:MainApp_display	16	static
../Core/Src/main_app.c:88:6:MainApp_init_line_state	20	static
../Core/Src/main_app.c:471:8:MainApp_top_border	24	static
../Core/Src/main_app.c:518:8:MainApp_left_border	24	static
../Core/Src/main_app.c:571:8:MainApp_btm_border	24	static
../Core/Src/main_app.c:624:8:MainApp_right_border	16	static
../Core/Src/main_app.c:110:6:MainApp_spawn_tetromino	16	static
../Core/Src/main_app.c:373:8:MainApp_game	24	static
../Core/Src/main_app.c:712:6:Main_App_ctor	24	static
../Core/Src/main_app.c:727:6:Sensor_ctor	8	static
../Core/Src/main_app.c:740:6:RFButton_ctor	8	static
