../Core/Src/main_app.c:80:8:MainApp_initial	0	static
../Core/Src/main_app.c:316:8:MainApp_tetris	0	static
../Core/Src/main_app.c:364:8:MainApp_game	8	static
../Core/Src/main_app.c:233:8:MainApp_dry_alert	16	static
../Core/Src/main_app.c:269:8:MainApp_pump	16	static
../Core/Src/main_app.c:333:8:MainApp_start_screen	8	static
../Core/Src/main_app.c:206:8:MainApp_display_stats	8	static
../Core/Src/main_app.c:61:9:MainApp_calc_dryness_percent	8	static
../Core/Src/main_app.c:86:8:MainApp_display	16	static
../Core/Src/main_app.c:387:6:Main_App_ctor	8	static
../Core/Src/main_app.c:400:6:Sensor_ctor	8	static
../Core/Src/main_app.c:413:6:RFButton_ctor	8	static
