../Core/Src/main_app.c:148:8:MainApp_initial	0	static
../Core/Src/main_app.c:387:8:MainApp_tetris	8	static
../Core/Src/main_app.c:303:8:MainApp_dry_alert	8	static
../Core/Src/main_app.c:338:8:MainApp_pump	16	static
../Core/Src/main_app.c:747:8:MainApp_gameover_screen	8	static
../Core/Src/main_app.c:773:8:MainApp_win_sceen	8	static
../Core/Src/main_app.c:274:8:MainApp_display_stats	8	static
../Core/Src/main_app.c:73:9:MainApp_calc_dryness_percent	8	static
../Core/Src/main_app.c:155:8:MainApp_display	16	static
../Core/Src/main_app.c:92:6:MainApp_init_line_state	20	static
../Core/Src/main_app.c:537:8:MainApp_top_border	24	static
../Core/Src/main_app.c:585:8:MainApp_left_border	24	static
../Core/Src/main_app.c:640:8:MainApp_btm_border	24	static
../Core/Src/main_app.c:695:8:MainApp_right_border	16	static
../Core/Src/main_app.c:114:6:MainApp_spawn_tetromino	16	static
../Core/Src/main_app.c:410:8:MainApp_game	40	static
../Core/Src/main_app.c:142:6:MainApp_tetris_init	8	static
../Core/Src/main_app.c:498:8:MainApp_init_board	16	static
../Core/Src/main_app.c:804:6:Main_App_ctor	24	static
../Core/Src/main_app.c:819:6:Sensor_ctor	8	static
../Core/Src/main_app.c:832:6:RFButton_ctor	8	static
