../Core/Src/tetris_board.c:15:6:Board_ctor	24	static
../Core/Src/tetris_board.c:37:6:Board_placeTetromino	32	static
../Core/Src/tetris_board.c:64:6:clear_board	8	static
../Core/Src/tetris_board.c:115:6:collision_on_move	40	static
../Core/Src/tetris_board.c:77:6:move_down	16	static
../Core/Src/tetris_board.c:97:6:rotate_tetromino_collision_check	40	static
../Core/Src/tetris_board.c:145:6:collision_on_spawn	20	static
../Core/Src/tetris_board.c:166:6:draw_board	32	static
../Core/Src/tetris_board.c:245:10:check_and_clear_lines	32	static
