../Core/Src/tetris_board.c:15:6:Board_ctor	24	static
../Core/Src/tetris_board.c:31:6:Board_init	8	static
../Core/Src/tetris_board.c:42:6:Board_placeTetromino	32	static
../Core/Src/tetris_board.c:69:6:clear_board	8	static
../Core/Src/tetris_board.c:120:6:collision_on_move	40	static
../Core/Src/tetris_board.c:82:6:move_down	16	static
../Core/Src/tetris_board.c:102:6:rotate_tetromino_collision_check	40	static
../Core/Src/tetris_board.c:150:6:collision_on_spawn	20	static
../Core/Src/tetris_board.c:171:6:draw_board	32	static
../Core/Src/tetris_board.c:250:10:check_and_clear_lines	32	static
