../Drivers/STM32C0xx_HAL_Driver/Src/stm32c0xx_hal_uart.c:3612:13:UART_EndTxTransfer	12	static,ignoring_inline_asm
../Drivers/STM32C0xx_HAL_Driver/Src/stm32c0xx_hal_uart.c:3629:13:UART_EndRxTransfer	12	static,ignoring_inline_asm
../Drivers/STM32C0xx_HAL_Driver/Src/stm32c0xx_hal_uart.c:4065:13:UART_TxISR_8BIT.part.0	12	static,ignoring_inline_asm
../Drivers/STM32C0xx_HAL_Driver/Src/stm32c0xx_hal_uart.c:4065:13:UART_TxISR_8BIT	8	static
../Drivers/STM32C0xx_HAL_Driver/Src/stm32c0xx_hal_uart.c:4094:13:UART_TxISR_16BIT	8	static
../Drivers/STM32C0xx_HAL_Driver/Src/stm32c0xx_hal_uart.c:4126:13:UART_TxISR_8BIT_FIFOEN	16	static,ignoring_inline_asm
../Drivers/STM32C0xx_HAL_Driver/Src/stm32c0xx_hal_uart.c:4166:13:UART_TxISR_16BIT_FIFOEN	16	static,ignoring_inline_asm
../Drivers/STM32C0xx_HAL_Driver/Src/stm32c0xx_hal_uart.c:679:13:HAL_UART_MspInit	0	static
../Drivers/STM32C0xx_HAL_Driver/Src/stm32c0xx_hal_uart.c:694:13:HAL_UART_MspDeInit	0	static
../Drivers/STM32C0xx_HAL_Driver/Src/stm32c0xx_hal_uart.c:632:19:HAL_UART_DeInit	16	static
../Drivers/STM32C0xx_HAL_Driver/Src/stm32c0xx_hal_uart.c:1332:19:HAL_UART_Transmit_IT	12	static,ignoring_inline_asm
../Drivers/STM32C0xx_HAL_Driver/Src/stm32c0xx_hal_uart.c:1471:19:HAL_UART_Transmit_DMA	32	static,ignoring_inline_asm
../Drivers/STM32C0xx_HAL_Driver/Src/stm32c0xx_hal_uart.c:1601:19:HAL_UART_DMAPause	16	static,ignoring_inline_asm
../Drivers/STM32C0xx_HAL_Driver/Src/stm32c0xx_hal_uart.c:1631:19:HAL_UART_DMAResume	8	static,ignoring_inline_asm
../Drivers/STM32C0xx_HAL_Driver/Src/stm32c0xx_hal_uart.c:1662:19:HAL_UART_DMAStop	16	static,ignoring_inline_asm
../Drivers/STM32C0xx_HAL_Driver/Src/stm32c0xx_hal_uart.c:1738:19:HAL_UART_Abort	16	static,ignoring_inline_asm
../Drivers/STM32C0xx_HAL_Driver/Src/stm32c0xx_hal_uart.c:1843:19:HAL_UART_AbortTransmit	16	static,ignoring_inline_asm
../Drivers/STM32C0xx_HAL_Driver/Src/stm32c0xx_hal_uart.c:1904:19:HAL_UART_AbortReceive	16	static,ignoring_inline_asm
../Drivers/STM32C0xx_HAL_Driver/Src/stm32c0xx_hal_uart.c:2675:13:HAL_UART_TxCpltCallback	0	static
../Drivers/STM32C0xx_HAL_Driver/Src/stm32c0xx_hal_uart.c:3656:13:UART_DMATransmitCplt	16	static,ignoring_inline_asm
../Drivers/STM32C0xx_HAL_Driver/Src/stm32c0xx_hal_uart.c:2690:13:HAL_UART_TxHalfCpltCallback	0	static
../Drivers/STM32C0xx_HAL_Driver/Src/stm32c0xx_hal_uart.c:3690:13:UART_DMATxHalfCplt	8	static
../Drivers/STM32C0xx_HAL_Driver/Src/stm32c0xx_hal_uart.c:2705:13:HAL_UART_RxCpltCallback	0	static
../Drivers/STM32C0xx_HAL_Driver/Src/stm32c0xx_hal_uart.c:2720:13:HAL_UART_RxHalfCpltCallback	0	static
../Drivers/STM32C0xx_HAL_Driver/Src/stm32c0xx_hal_uart.c:2735:13:HAL_UART_ErrorCallback	0	static
../Drivers/STM32C0xx_HAL_Driver/Src/stm32c0xx_hal_uart.c:3829:13:UART_DMAError	16	static
../Drivers/STM32C0xx_HAL_Driver/Src/stm32c0xx_hal_uart.c:3869:13:UART_DMAAbortOnError	8	static
../Drivers/STM32C0xx_HAL_Driver/Src/stm32c0xx_hal_uart.c:2750:13:HAL_UART_AbortCpltCallback	0	static
../Drivers/STM32C0xx_HAL_Driver/Src/stm32c0xx_hal_uart.c:1974:19:HAL_UART_Abort_IT	16	static,ignoring_inline_asm
../Drivers/STM32C0xx_HAL_Driver/Src/stm32c0xx_hal_uart.c:3946:13:UART_DMARxAbortCallback	8	static
../Drivers/STM32C0xx_HAL_Driver/Src/stm32c0xx_hal_uart.c:3891:13:UART_DMATxAbortCallback	8	static
../Drivers/STM32C0xx_HAL_Driver/Src/stm32c0xx_hal_uart.c:2765:13:HAL_UART_AbortTransmitCpltCallback	0	static
../Drivers/STM32C0xx_HAL_Driver/Src/stm32c0xx_hal_uart.c:2129:19:HAL_UART_AbortTransmit_IT	16	static,ignoring_inline_asm
../Drivers/STM32C0xx_HAL_Driver/Src/stm32c0xx_hal_uart.c:3998:13:UART_DMATxOnlyAbortCallback	8	static
../Drivers/STM32C0xx_HAL_Driver/Src/stm32c0xx_hal_uart.c:2780:13:HAL_UART_AbortReceiveCpltCallback	0	static
../Drivers/STM32C0xx_HAL_Driver/Src/stm32c0xx_hal_uart.c:2222:19:HAL_UART_AbortReceive_IT	16	static,ignoring_inline_asm
../Drivers/STM32C0xx_HAL_Driver/Src/stm32c0xx_hal_uart.c:4031:13:UART_DMARxOnlyAbortCallback	8	static
../Drivers/STM32C0xx_HAL_Driver/Src/stm32c0xx_hal_uart.c:2797:13:HAL_UARTEx_RxEventCallback	0	static
../Drivers/STM32C0xx_HAL_Driver/Src/stm32c0xx_hal_uart.c:2317:6:HAL_UART_IRQHandler	32	static,ignoring_inline_asm
../Drivers/STM32C0xx_HAL_Driver/Src/stm32c0xx_hal_uart.c:4232:13:UART_RxISR_8BIT	24	static,ignoring_inline_asm
../Drivers/STM32C0xx_HAL_Driver/Src/stm32c0xx_hal_uart.c:4320:13:UART_RxISR_16BIT	24	static,ignoring_inline_asm
../Drivers/STM32C0xx_HAL_Driver/Src/stm32c0xx_hal_uart.c:4410:13:UART_RxISR_8BIT_FIFOEN	40	static,ignoring_inline_asm
../Drivers/STM32C0xx_HAL_Driver/Src/stm32c0xx_hal_uart.c:4570:13:UART_RxISR_16BIT_FIFOEN	40	static,ignoring_inline_asm
../Drivers/STM32C0xx_HAL_Driver/Src/stm32c0xx_hal_uart.c:3781:13:UART_DMARxHalfCplt	8	static
../Drivers/STM32C0xx_HAL_Driver/Src/stm32c0xx_hal_uart.c:3708:13:UART_DMAReceiveCplt	24	static,ignoring_inline_asm
../Drivers/STM32C0xx_HAL_Driver/Src/stm32c0xx_hal_uart.c:2845:6:HAL_UART_ReceiverTimeout_Config	0	static
../Drivers/STM32C0xx_HAL_Driver/Src/stm32c0xx_hal_uart.c:2857:19:HAL_UART_EnableReceiverTimeout	12	static
../Drivers/STM32C0xx_HAL_Driver/Src/stm32c0xx_hal_uart.c:2888:19:HAL_UART_DisableReceiverTimeout	12	static
../Drivers/STM32C0xx_HAL_Driver/Src/stm32c0xx_hal_uart.c:2959:6:HAL_MultiProcessor_EnterMuteMode	0	static
../Drivers/STM32C0xx_HAL_Driver/Src/stm32c0xx_hal_uart.c:2969:19:HAL_HalfDuplex_EnableTransmitter	20	static,ignoring_inline_asm
../Drivers/STM32C0xx_HAL_Driver/Src/stm32c0xx_hal_uart.c:2992:19:HAL_HalfDuplex_EnableReceiver	20	static,ignoring_inline_asm
../Drivers/STM32C0xx_HAL_Driver/Src/stm32c0xx_hal_uart.c:3016:19:HAL_LIN_SendBreak	8	static
../Drivers/STM32C0xx_HAL_Driver/Src/stm32c0xx_hal_uart.c:3061:23:HAL_UART_GetState	0	static
../Drivers/STM32C0xx_HAL_Driver/Src/stm32c0xx_hal_uart.c:3077:10:HAL_UART_GetError	0	static
../Drivers/STM32C0xx_HAL_Driver/Src/stm32c0xx_hal_uart.c:3123:19:UART_SetConfig	16	static
../Drivers/STM32C0xx_HAL_Driver/Src/stm32c0xx_hal_uart.c:3269:6:UART_AdvFeatureConfig	12	static
../Drivers/STM32C0xx_HAL_Driver/Src/stm32c0xx_hal_uart.c:3414:19:UART_WaitOnFlagUntilTimeout	32	static
../Drivers/STM32C0xx_HAL_Driver/Src/stm32c0xx_hal_uart.c:1126:19:HAL_UART_Transmit	48	static
../Drivers/STM32C0xx_HAL_Driver/Src/stm32c0xx_hal_uart.c:1232:19:HAL_UART_Receive	48	static
../Drivers/STM32C0xx_HAL_Driver/Src/stm32c0xx_hal_uart.c:3345:19:UART_CheckIdleState	24	static,ignoring_inline_asm
../Drivers/STM32C0xx_HAL_Driver/Src/stm32c0xx_hal_uart.c:307:19:HAL_UART_Init	16	static
../Drivers/STM32C0xx_HAL_Driver/Src/stm32c0xx_hal_uart.c:382:19:HAL_HalfDuplex_Init	16	static
../Drivers/STM32C0xx_HAL_Driver/Src/stm32c0xx_hal_uart.c:457:19:HAL_LIN_Init	16	static
../Drivers/STM32C0xx_HAL_Driver/Src/stm32c0xx_hal_uart.c:556:19:HAL_MultiProcessor_Init	24	static
../Drivers/STM32C0xx_HAL_Driver/Src/stm32c0xx_hal_uart.c:2919:19:HAL_MultiProcessor_EnableMuteMode	16	static,ignoring_inline_asm
../Drivers/STM32C0xx_HAL_Driver/Src/stm32c0xx_hal_uart.c:2939:19:HAL_MultiProcessor_DisableMuteMode	16	static,ignoring_inline_asm
../Drivers/STM32C0xx_HAL_Driver/Src/stm32c0xx_hal_uart.c:3482:19:UART_Start_Receive_IT	16	static,ignoring_inline_asm
../Drivers/STM32C0xx_HAL_Driver/Src/stm32c0xx_hal_uart.c:1416:19:HAL_UART_Receive_IT	16	static,ignoring_inline_asm
../Drivers/STM32C0xx_HAL_Driver/Src/stm32c0xx_hal_uart.c:3555:19:UART_Start_Receive_DMA	24	static,ignoring_inline_asm
../Drivers/STM32C0xx_HAL_Driver/Src/stm32c0xx_hal_uart.c:1557:19:HAL_UART_Receive_DMA	16	static,ignoring_inline_asm
