../Drivers/STM32C0xx_HAL_Driver/Src/stm32c0xx_hal_spi.c:3987:26:SPI_WaitFlagStateUntilTimeout.constprop	40	static
../Drivers/STM32C0xx_HAL_Driver/Src/stm32c0xx_hal_spi.c:4056:26:SPI_WaitFifoStateUntilTimeout.constprop	40	static
../Drivers/STM32C0xx_HAL_Driver/Src/stm32c0xx_hal_spi.c:4387:13:SPI_AbortRx_ISR	24	static
../Drivers/STM32C0xx_HAL_Driver/Src/stm32c0xx_hal_spi.c:4136:26:SPI_EndRxTransaction	24	static
../Drivers/STM32C0xx_HAL_Driver/Src/stm32c0xx_hal_spi.c:4172:26:SPI_EndRxTxTransaction	16	static
../Drivers/STM32C0xx_HAL_Driver/Src/stm32c0xx_hal_spi.c:4431:13:SPI_AbortTx_ISR	24	static
../Drivers/STM32C0xx_HAL_Driver/Src/stm32c0xx_hal_spi.c:542:13:HAL_SPI_MspInit	0	static
../Drivers/STM32C0xx_HAL_Driver/Src/stm32c0xx_hal_spi.c:323:19:HAL_SPI_Init	24	static
../Drivers/STM32C0xx_HAL_Driver/Src/stm32c0xx_hal_spi.c:558:13:HAL_SPI_MspDeInit	0	static
../Drivers/STM32C0xx_HAL_Driver/Src/stm32c0xx_hal_spi.c:498:19:HAL_SPI_DeInit	16	static
../Drivers/STM32C0xx_HAL_Driver/Src/stm32c0xx_hal_spi.c:830:19:HAL_SPI_Transmit	40	static
../Drivers/STM32C0xx_HAL_Driver/Src/stm32c0xx_hal_spi.c:1273:19:HAL_SPI_TransmitReceive	32	static
../Drivers/STM32C0xx_HAL_Driver/Src/stm32c0xx_hal_spi.c:1023:19:HAL_SPI_Receive	48	static
../Drivers/STM32C0xx_HAL_Driver/Src/stm32c0xx_hal_spi.c:1628:19:HAL_SPI_Transmit_IT	20	static
../Drivers/STM32C0xx_HAL_Driver/Src/stm32c0xx_hal_spi.c:1828:19:HAL_SPI_TransmitReceive_IT	20	static
../Drivers/STM32C0xx_HAL_Driver/Src/stm32c0xx_hal_spi.c:1717:19:HAL_SPI_Receive_IT	24	static
../Drivers/STM32C0xx_HAL_Driver/Src/stm32c0xx_hal_spi.c:1943:19:HAL_SPI_Transmit_DMA	24	static
../Drivers/STM32C0xx_HAL_Driver/Src/stm32c0xx_hal_spi.c:2204:19:HAL_SPI_TransmitReceive_DMA	32	static
../Drivers/STM32C0xx_HAL_Driver/Src/stm32c0xx_hal_spi.c:2064:19:HAL_SPI_Receive_DMA	32	static
../Drivers/STM32C0xx_HAL_Driver/Src/stm32c0xx_hal_spi.c:2392:19:HAL_SPI_Abort	32	static
../Drivers/STM32C0xx_HAL_Driver/Src/stm32c0xx_hal_spi.c:2713:19:HAL_SPI_DMAPause	0	static
../Drivers/STM32C0xx_HAL_Driver/Src/stm32c0xx_hal_spi.c:2733:19:HAL_SPI_DMAResume	0	static
../Drivers/STM32C0xx_HAL_Driver/Src/stm32c0xx_hal_spi.c:2753:19:HAL_SPI_DMAStop	16	static
../Drivers/STM32C0xx_HAL_Driver/Src/stm32c0xx_hal_spi.c:2900:13:HAL_SPI_TxCpltCallback	0	static
../Drivers/STM32C0xx_HAL_Driver/Src/stm32c0xx_hal_spi.c:2916:13:HAL_SPI_RxCpltCallback	0	static
../Drivers/STM32C0xx_HAL_Driver/Src/stm32c0xx_hal_spi.c:2932:13:HAL_SPI_TxRxCpltCallback	0	static
../Drivers/STM32C0xx_HAL_Driver/Src/stm32c0xx_hal_spi.c:2948:13:HAL_SPI_TxHalfCpltCallback	0	static
../Drivers/STM32C0xx_HAL_Driver/Src/stm32c0xx_hal_spi.c:3360:13:SPI_DMAHalfTransmitCplt	8	static
../Drivers/STM32C0xx_HAL_Driver/Src/stm32c0xx_hal_spi.c:2964:13:HAL_SPI_RxHalfCpltCallback	0	static
../Drivers/STM32C0xx_HAL_Driver/Src/stm32c0xx_hal_spi.c:3378:13:SPI_DMAHalfReceiveCplt	8	static
../Drivers/STM32C0xx_HAL_Driver/Src/stm32c0xx_hal_spi.c:2980:13:HAL_SPI_TxRxHalfCpltCallback	0	static
../Drivers/STM32C0xx_HAL_Driver/Src/stm32c0xx_hal_spi.c:3396:13:SPI_DMAHalfTransmitReceiveCplt	8	static
../Drivers/STM32C0xx_HAL_Driver/Src/stm32c0xx_hal_spi.c:2996:13:HAL_SPI_ErrorCallback	0	static
../Drivers/STM32C0xx_HAL_Driver/Src/stm32c0xx_hal_spi.c:4338:13:SPI_CloseTx_ISR	16	static
../Drivers/STM32C0xx_HAL_Driver/Src/stm32c0xx_hal_spi.c:3932:13:SPI_TxISR_8BIT	8	static
../Drivers/STM32C0xx_HAL_Driver/Src/stm32c0xx_hal_spi.c:3957:13:SPI_TxISR_16BIT	8	static
../Drivers/STM32C0xx_HAL_Driver/Src/stm32c0xx_hal_spi.c:4281:13:SPI_CloseRx_ISR	8	static
../Drivers/STM32C0xx_HAL_Driver/Src/stm32c0xx_hal_spi.c:3843:13:SPI_RxISR_8BIT	8	static
../Drivers/STM32C0xx_HAL_Driver/Src/stm32c0xx_hal_spi.c:3899:13:SPI_RxISR_16BIT	8	static
../Drivers/STM32C0xx_HAL_Driver/Src/stm32c0xx_hal_spi.c:4204:13:SPI_CloseRxTx_ISR	16	static
../Drivers/STM32C0xx_HAL_Driver/Src/stm32c0xx_hal_spi.c:3675:13:SPI_2linesTxISR_8BIT	8	static
../Drivers/STM32C0xx_HAL_Driver/Src/stm32c0xx_hal_spi.c:3590:13:SPI_2linesRxISR_8BIT	8	static
../Drivers/STM32C0xx_HAL_Driver/Src/stm32c0xx_hal_spi.c:3778:13:SPI_2linesTxISR_16BIT	8	static
../Drivers/STM32C0xx_HAL_Driver/Src/stm32c0xx_hal_spi.c:3722:13:SPI_2linesRxISR_16BIT	8	static
../Drivers/STM32C0xx_HAL_Driver/Src/stm32c0xx_hal_spi.c:3414:13:SPI_DMAError	8	static
../Drivers/STM32C0xx_HAL_Driver/Src/stm32c0xx_hal_spi.c:3086:13:SPI_DMATransmitCplt	24	static
../Drivers/STM32C0xx_HAL_Driver/Src/stm32c0xx_hal_spi.c:3143:13:SPI_DMAReceiveCplt	16	static
../Drivers/STM32C0xx_HAL_Driver/Src/stm32c0xx_hal_spi.c:3260:13:SPI_DMATransmitReceiveCplt	16	static
../Drivers/STM32C0xx_HAL_Driver/Src/stm32c0xx_hal_spi.c:2793:6:HAL_SPI_IRQHandler	40	static
../Drivers/STM32C0xx_HAL_Driver/Src/stm32c0xx_hal_spi.c:3437:13:SPI_DMAAbortOnError	8	static
../Drivers/STM32C0xx_HAL_Driver/Src/stm32c0xx_hal_spi.c:3014:13:HAL_SPI_AbortCpltCallback	0	static
../Drivers/STM32C0xx_HAL_Driver/Src/stm32c0xx_hal_spi.c:2552:19:HAL_SPI_Abort_IT	32	static
../Drivers/STM32C0xx_HAL_Driver/Src/stm32c0xx_hal_spi.c:3525:13:SPI_DMARxAbortCallback	24	static
../Drivers/STM32C0xx_HAL_Driver/Src/stm32c0xx_hal_spi.c:3459:13:SPI_DMATxAbortCallback	24	static
../Drivers/STM32C0xx_HAL_Driver/Src/stm32c0xx_hal_spi.c:3049:22:HAL_SPI_GetState	0	static
../Drivers/STM32C0xx_HAL_Driver/Src/stm32c0xx_hal_spi.c:3061:10:HAL_SPI_GetError	0	static
