Archive member included to satisfy reference by file (symbol)

M:/embedded/IDE/STM32CubeIDE_1.19.0/STM32CubeIDE/plugins/com.st.stm32cube.ide.mcu.externaltools.gnu-tools-for-stm32.13.3.rel1.win32_1.0.0.202411081344/tools/bin/../lib/gcc/arm-none-eabi/13.3.1/../../../../arm-none-eabi/lib/thumb/v6-m/nofp\libc_nano.a(libc_a-exit.o)
                              M:/embedded/IDE/STM32CubeIDE_1.19.0/STM32CubeIDE/plugins/com.st.stm32cube.ide.mcu.externaltools.gnu-tools-for-stm32.13.3.rel1.win32_1.0.0.202411081344/tools/bin/../lib/gcc/arm-none-eabi/13.3.1/../../../../arm-none-eabi/lib/thumb/v6-m/nofp/crt0.o (exit)
M:/embedded/IDE/STM32CubeIDE_1.19.0/STM32CubeIDE/plugins/com.st.stm32cube.ide.mcu.externaltools.gnu-tools-for-stm32.13.3.rel1.win32_1.0.0.202411081344/tools/bin/../lib/gcc/arm-none-eabi/13.3.1/../../../../arm-none-eabi/lib/thumb/v6-m/nofp\libc_nano.a(libc_a-findfp.o)
                              M:/embedded/IDE/STM32CubeIDE_1.19.0/STM32CubeIDE/plugins/com.st.stm32cube.ide.mcu.externaltools.gnu-tools-for-stm32.13.3.rel1.win32_1.0.0.202411081344/tools/bin/../lib/gcc/arm-none-eabi/13.3.1/../../../../arm-none-eabi/lib/thumb/v6-m/nofp\libc_nano.a(libc_a-exit.o) (__stdio_exit_handler)
M:/embedded/IDE/STM32CubeIDE_1.19.0/STM32CubeIDE/plugins/com.st.stm32cube.ide.mcu.externaltools.gnu-tools-for-stm32.13.3.rel1.win32_1.0.0.202411081344/tools/bin/../lib/gcc/arm-none-eabi/13.3.1/../../../../arm-none-eabi/lib/thumb/v6-m/nofp\libc_nano.a(libc_a-fwalk.o)
                              M:/embedded/IDE/STM32CubeIDE_1.19.0/STM32CubeIDE/plugins/com.st.stm32cube.ide.mcu.externaltools.gnu-tools-for-stm32.13.3.rel1.win32_1.0.0.202411081344/tools/bin/../lib/gcc/arm-none-eabi/13.3.1/../../../../arm-none-eabi/lib/thumb/v6-m/nofp\libc_nano.a(libc_a-findfp.o) (_fwalk_sglue)
M:/embedded/IDE/STM32CubeIDE_1.19.0/STM32CubeIDE/plugins/com.st.stm32cube.ide.mcu.externaltools.gnu-tools-for-stm32.13.3.rel1.win32_1.0.0.202411081344/tools/bin/../lib/gcc/arm-none-eabi/13.3.1/../../../../arm-none-eabi/lib/thumb/v6-m/nofp\libc_nano.a(libc_a-stdio.o)
                              M:/embedded/IDE/STM32CubeIDE_1.19.0/STM32CubeIDE/plugins/com.st.stm32cube.ide.mcu.externaltools.gnu-tools-for-stm32.13.3.rel1.win32_1.0.0.202411081344/tools/bin/../lib/gcc/arm-none-eabi/13.3.1/../../../../arm-none-eabi/lib/thumb/v6-m/nofp\libc_nano.a(libc_a-findfp.o) (__sread)
M:/embedded/IDE/STM32CubeIDE_1.19.0/STM32CubeIDE/plugins/com.st.stm32cube.ide.mcu.externaltools.gnu-tools-for-stm32.13.3.rel1.win32_1.0.0.202411081344/tools/bin/../lib/gcc/arm-none-eabi/13.3.1/../../../../arm-none-eabi/lib/thumb/v6-m/nofp\libc_nano.a(libc_a-memset.o)
                              M:/embedded/IDE/STM32CubeIDE_1.19.0/STM32CubeIDE/plugins/com.st.stm32cube.ide.mcu.externaltools.gnu-tools-for-stm32.13.3.rel1.win32_1.0.0.202411081344/tools/bin/../lib/gcc/arm-none-eabi/13.3.1/../../../../arm-none-eabi/lib/thumb/v6-m/nofp/crt0.o (memset)
M:/embedded/IDE/STM32CubeIDE_1.19.0/STM32CubeIDE/plugins/com.st.stm32cube.ide.mcu.externaltools.gnu-tools-for-stm32.13.3.rel1.win32_1.0.0.202411081344/tools/bin/../lib/gcc/arm-none-eabi/13.3.1/../../../../arm-none-eabi/lib/thumb/v6-m/nofp\libc_nano.a(libc_a-closer.o)
                              M:/embedded/IDE/STM32CubeIDE_1.19.0/STM32CubeIDE/plugins/com.st.stm32cube.ide.mcu.externaltools.gnu-tools-for-stm32.13.3.rel1.win32_1.0.0.202411081344/tools/bin/../lib/gcc/arm-none-eabi/13.3.1/../../../../arm-none-eabi/lib/thumb/v6-m/nofp\libc_nano.a(libc_a-stdio.o) (_close_r)
M:/embedded/IDE/STM32CubeIDE_1.19.0/STM32CubeIDE/plugins/com.st.stm32cube.ide.mcu.externaltools.gnu-tools-for-stm32.13.3.rel1.win32_1.0.0.202411081344/tools/bin/../lib/gcc/arm-none-eabi/13.3.1/../../../../arm-none-eabi/lib/thumb/v6-m/nofp\libc_nano.a(libc_a-reent.o)
                              M:/embedded/IDE/STM32CubeIDE_1.19.0/STM32CubeIDE/plugins/com.st.stm32cube.ide.mcu.externaltools.gnu-tools-for-stm32.13.3.rel1.win32_1.0.0.202411081344/tools/bin/../lib/gcc/arm-none-eabi/13.3.1/../../../../arm-none-eabi/lib/thumb/v6-m/nofp\libc_nano.a(libc_a-closer.o) (errno)
M:/embedded/IDE/STM32CubeIDE_1.19.0/STM32CubeIDE/plugins/com.st.stm32cube.ide.mcu.externaltools.gnu-tools-for-stm32.13.3.rel1.win32_1.0.0.202411081344/tools/bin/../lib/gcc/arm-none-eabi/13.3.1/../../../../arm-none-eabi/lib/thumb/v6-m/nofp\libc_nano.a(libc_a-impure.o)
                              M:/embedded/IDE/STM32CubeIDE_1.19.0/STM32CubeIDE/plugins/com.st.stm32cube.ide.mcu.externaltools.gnu-tools-for-stm32.13.3.rel1.win32_1.0.0.202411081344/tools/bin/../lib/gcc/arm-none-eabi/13.3.1/../../../../arm-none-eabi/lib/thumb/v6-m/nofp\libc_nano.a(libc_a-reent.o) (_impure_ptr)
M:/embedded/IDE/STM32CubeIDE_1.19.0/STM32CubeIDE/plugins/com.st.stm32cube.ide.mcu.externaltools.gnu-tools-for-stm32.13.3.rel1.win32_1.0.0.202411081344/tools/bin/../lib/gcc/arm-none-eabi/13.3.1/../../../../arm-none-eabi/lib/thumb/v6-m/nofp\libc_nano.a(libc_a-lseekr.o)
[...]
Memory Configuration

Name             Origin             Length             Attributes
RAM              0x20000000         0x00003000         xrw
FLASH            0x08000000         0x00008000         xr
*default*        0x00000000         0xffffffff

Linker script and memory map

LOAD M:/embedded/IDE/STM32CubeIDE_1.19.0/STM32CubeIDE/plugins/com.st.stm32cube.ide.mcu.externaltools.gnu-tools-for-stm32.13.3.rel1.win32_1.0.0.202411081344/tools/bin/../lib/gcc/arm-none-eabi/13.3.1/thumb/v6-m/nofp/crti.o
LOAD M:/embedded/IDE/STM32CubeIDE_1.19.0/STM32CubeIDE/plugins/com.st.stm32cube.ide.mcu.externaltools.gnu-tools-for-stm32.13.3.rel1.win32_1.0.0.202411081344/tools/bin/../lib/gcc/arm-none-eabi/13.3.1/thumb/v6-m/nofp/crtbegin.o
LOAD M:/embedded/IDE/STM32CubeIDE_1.19.0/STM32CubeIDE/plugins/com.st.stm32cube.ide.mcu.externaltools.gnu-tools-for-stm32.13.3.rel1.win32_1.0.0.202411081344/tools/bin/../lib/gcc/arm-none-eabi/13.3.1/../../../../arm-none-eabi/lib/thumb/v6-m/nofp/crt0.o
LOAD ./Core/Src/bsp.o
LOAD ./Core/Src/main.o
LOAD ./Core/Src/philo.o
LOAD ./Core/Src/stm32c0xx_hal_msp.o
LOAD ./Core/Src/stm32c0xx_it.o
LOAD ./Core/Src/syscalls.o
LOAD ./Core/Src/sysmem.o
LOAD ./Core/Src/system_stm32c0xx.o
LOAD ./Core/Src/table.o
LOAD ./Core/Startup/startup_stm32c031c6tx.o
LOAD ./Drivers/STM32C0xx_HAL_Driver/Src/stm32c0xx_hal.o
LOAD ./Drivers/STM32C0xx_HAL_Driver/Src/stm32c0xx_hal_cortex.o
LOAD ./Drivers/STM32C0xx_HAL_Driver/Src/stm32c0xx_hal_dma.o
LOAD ./Drivers/STM32C0xx_HAL_Driver/Src/stm32c0xx_hal_dma_ex.o
LOAD ./Drivers/STM32C0xx_HAL_Driver/Src/stm32c0xx_hal_exti.o
LOAD ./Drivers/STM32C0xx_HAL_Driver/Src/stm32c0xx_hal_flash.o
LOAD ./Drivers/STM32C0xx_HAL_Driver/Src/stm32c0xx_hal_flash_ex.o
LOAD ./Drivers/STM32C0xx_HAL_Driver/Src/stm32c0xx_hal_gpio.o
LOAD ./Drivers/STM32C0xx_HAL_Driver/Src/stm32c0xx_hal_pwr.o
LOAD ./Drivers/STM32C0xx_HAL_Driver/Src/stm32c0xx_hal_pwr_ex.o
LOAD ./Drivers/STM32C0xx_HAL_Driver/Src/stm32c0xx_hal_rcc.o
LOAD ./Drivers/STM32C0xx_HAL_Driver/Src/stm32c0xx_hal_rcc_ex.o
LOAD ./Middlewares/Third_Party/QuantumLeaps_RTEF_qpc/ports/arm-cm/qk/gnu/qk_port.o
LOAD ./Middlewares/Third_Party/QuantumLeaps_RTEF_qpc/src/qf/qep_hsm.o
LOAD ./Middlewares/Third_Party/QuantumLeaps_RTEF_qpc/src/qf/qep_msm.o
LOAD ./Middlewares/Third_Party/QuantumLeaps_RTEF_qpc/src/qf/qf_act.o
LOAD ./Middlewares/Third_Party/QuantumLeaps_RTEF_qpc/src/qf/qf_actq.o
LOAD ./Middlewares/Third_Party/QuantumLeaps_RTEF_qpc/src/qf/qf_defer.o
LOAD ./Middlewares/Third_Party/QuantumLeaps_RTEF_qpc/src/qf/qf_dyn.o
LOAD ./Middlewares/Third_Party/QuantumLeaps_RTEF_qpc/src/qf/qf_mem.o
LOAD ./Middlewares/Third_Party/QuantumLeaps_RTEF_qpc/src/qf/qf_ps.o
LOAD ./Middlewares/Third_Party/QuantumLeaps_RTEF_qpc/src/qf/qf_qact.o
LOAD ./Middlewares/Third_Party/QuantumLeaps_RTEF_qpc/src/qf/qf_qeq.o
LOAD ./Middlewares/Third_Party/QuantumLeaps_RTEF_qpc/src/qf/qf_qmact.o
LOAD ./Middlewares/Third_Party/QuantumLeaps_RTEF_qpc/src/qf/qf_time.o
LOAD ./Middlewares/Third_Party/QuantumLeaps_RTEF_qpc/src/qk/qk.o
START GROUP
LOAD M:/embedded/IDE/STM32CubeIDE_1.19.0/STM32CubeIDE/plugins/com.st.stm32cube.ide.mcu.externaltools.gnu-tools-for-stm32.13.3.rel1.win32_1.0.0.202411081344/tools/bin/../lib/gcc/arm-none-eabi/13.3.1/../../../../arm-none-eabi/lib/thumb/v6-m/nofp\libc_nano.a
LOAD M:/embedded/IDE/STM32CubeIDE_1.19.0/STM32CubeIDE/plugins/com.st.stm32cube.ide.mcu.externaltools.gnu-tools-for-stm32.13.3.rel1.win32_1.0.0.202411081344/tools/bin/../lib/gcc/arm-none-eabi/13.3.1/../../../../arm-none-eabi/lib/thumb/v6-m/nofp\libm.a
END GROUP
START GROUP
LOAD M:/embedded/IDE/STM32CubeIDE_1.19.0/STM32CubeIDE/plugins/com.st.stm32cube.ide.mcu.externaltools.gnu-tools-for-stm32.13.3.rel1.win32_1.0.0.202411081344/tools/bin/../lib/gcc/arm-none-eabi/13.3.1/thumb/v6-m/nofp\libgcc.a
LOAD M:/embedded/IDE/STM32CubeIDE_1.19.0/STM32CubeIDE/plugins/com.st.stm32cube.ide.mcu.externaltools.gnu-tools-for-stm32.13.3.rel1.win32_1.0.0.202411081344/tools/bin/../lib/gcc/arm-none-eabi/13.3.1/../../../../arm-none-eabi/lib/thumb/v6-m/nofp\libc_nano.a
END GROUP
START GROUP
LOAD M:/embedded/IDE/STM32CubeIDE_1.19.0/STM32CubeIDE/plugins/com.st.stm32cube.ide.mcu.externaltools.gnu-tools-for-stm32.13.3.rel1.win32_1.0.0.202411081344/tools/bin/../lib/gcc/arm-none-eabi/13.3.1/thumb/v6-m/nofp\libgcc.a
LOAD M:/embedded/IDE/STM32CubeIDE_1.19.0/STM32CubeIDE/plugins/com.st.stm32cube.ide.mcu.externaltools.gnu-tools-for-stm32.13.3.rel1.win32_1.0.0.202411081344/tools/bin/../lib/gcc/arm-none-eabi/13.3.1/../../../../arm-none-eabi/lib/thumb/v6-m/nofp\libc_nano.a
LOAD M:/embedded/IDE/STM32CubeIDE_1.19.0/STM32CubeIDE/plugins/com.st.stm32cube.ide.mcu.externaltools.gnu-tools-for-stm32.13.3.rel1.win32_1.0.0.202411081344/tools/bin/../lib/gcc/arm-none-eabi/13.3.1/../../../../arm-none-eabi/lib/thumb/v6-m/nofp\libnosys.a
END GROUP
START GROUP
LOAD M:/embedded/IDE/STM32CubeIDE_1.19.0/STM32CubeIDE/plugins/com.st.stm32cube.ide.mcu.externaltools.gnu-tools-for-stm32.13.3.rel1.win32_1.0.0.202411081344/tools/bin/../lib/gcc/arm-none-eabi/13.3.1/thumb/v6-m/nofp\libgcc.a
LOAD M:/embedded/IDE/STM32CubeIDE_1.19.0/STM32CubeIDE/plugins/com.st.stm32cube.ide.mcu.externaltools.gnu-tools-for-stm32.13.3.rel1.win32_1.0.0.202411081344/tools/bin/../lib/gcc/arm-none-eabi/13.3.1/../../../../arm-none-eabi/lib/thumb/v6-m/nofp\libc_nano.a
LOAD M:/embedded/IDE/STM32CubeIDE_1.19.0/STM32CubeIDE/plugins/com.st.stm32cube.ide.mcu.externaltools.gnu-tools-for-stm32.13.3.rel1.win32_1.0.0.202411081344/tools/bin/../lib/gcc/arm-none-eabi/13.3.1/../../../../arm-none-eabi/lib/thumb/v6-m/nofp\libnosys.a
END GROUP
LOAD M:/embedded/IDE/STM32CubeIDE_1.19.0/STM32CubeIDE/plugins/com.st.stm32cube.ide.mcu.externaltools.gnu-tools-for-stm32.13.3.rel1.win32_1.0.0.202411081344/tools/bin/../lib/gcc/arm-none-eabi/13.3.1/thumb/v6-m/nofp/crtend.o
LOAD M:/embedded/IDE/STM32CubeIDE_1.19.0/STM32CubeIDE/plugins/com.st.stm32cube.ide.mcu.externaltools.gnu-tools-for-stm32.13.3.rel1.win32_1.0.0.202411081344/tools/bin/../lib/gcc/arm-none-eabi/13.3.1/thumb/v6-m/nofp/crtn.o
                0x20003000                        _estack = (ORIGIN (RAM) + LENGTH (RAM))
                0x00000200                        _Min_Heap_Size = 0x200
                0x00000400                        _Min_Stack_Size = 0x400

.isr_vector     0x08000000       0xc0
                0x08000000                        . = ALIGN (0x4)
 *(.isr_vector)
 .isr_vector    0x08000000       0xc0 ./Core/Startup/startup_stm32c031c6tx.o
                0x08000000                g_pfnVectors
                0x080000c0                        . = ALIGN (0x4)

.text           0x080000c0     0x3e20
                0x080000c0                        . = ALIGN (0x4)
 *(.text)
 .text          0x080000c0       0x48 M:/embedded/IDE/STM32CubeIDE_1.19.0/STM32CubeIDE/plugins/com.st.stm32cube.ide.mcu.externaltools.gnu-tools-for-stm32.13.3.rel1.win32_1.0.0.202411081344/tools/bin/../lib/gcc/arm-none-eabi/13.3.1/thumb/v6-m/nofp/crtbegin.o
 .text          0x08000108      0x114 M:/embedded/IDE/STM32CubeIDE_1.19.0/STM32CubeIDE/plugins/com.st.stm32cube.ide.mcu.externaltools.gnu-tools-for-stm32.13.3.rel1.win32_1.0.0.202411081344/tools/bin/../lib/gcc/arm-none-eabi/13.3.1/thumb/v6-m/nofp\libgcc.a(_udivsi3.o)
                0x08000108                __aeabi_uidiv
                0x08000108                __udivsi3
                0x08000214                __aeabi_uidivmod
 .text          0x0800021c        0x4 M:/embedded/IDE/STM32CubeIDE_1.19.0/STM32CubeIDE/plugins/com.st.stm32cube.ide.mcu.externaltools.gnu-tools-for-stm32.13.3.rel1.win32_1.0.0.202411081344/tools/bin/../lib/gcc/arm-none-eabi/13.3.1/thumb/v6-m/nofp\libgcc.a(_dvmd_tls.o)
                0x0800021c                __aeabi_idiv0
                0x0800021c                __aeabi_ldiv0
 *(.text*)
 .text.Q_PRIO   0x08000220       0x2e ./Core/Src/bsp.o
 *fill*         0x0800024e        0x2 
 .text.__NVIC_EnableIRQ
                0x08000250       0x34 ./Core/Src/bsp.o
 .text.__NVIC_SetPriority
                0x08000284       0xdc ./Core/Src/bsp.o
 .text.SysTick_Config
                0x08000360       0x48 ./Core/Src/bsp.o
 .text.Q_onError
                0x080003a8       0x16 ./Core/Src/bsp.o
                0x080003a8                Q_onError
 *fill*         0x080003be        0x2 
 .text.SysTick_Handler
                0x080003c0       0xb8 ./Core/Src/bsp.o
                0x080003c0                SysTick_Handler
 .text.EXTI0_1_IRQHandler
                0x08000478       0x40 ./Core/Src/bsp.o
                0x08000478                EXTI0_1_IRQHandler
 .text.BSP_init
                0x080004b8       0xe0 ./Core/Src/bsp.o
                0x080004b8                BSP_init
 .text.BSP_start
                0x08000598       0xc0 ./Core/Src/bsp.o
                0x08000598                BSP_start
 .text.BSP_displayPhilStat
                0x08000658       0x32 ./Core/Src/bsp.o
                0x08000658                BSP_displayPhilStat
 .text.BSP_displayPaused
                0x0800068a       0x14 ./Core/Src/bsp.o
                0x0800068a                BSP_displayPaused
 *fill*         0x0800069e        0x2 
 .text.BSP_randomSeed
                0x080006a0       0x1c ./Core/Src/bsp.o
                0x080006a0                BSP_randomSeed
 .text.BSP_random
                0x080006bc       0x3c ./Core/Src/bsp.o
                0x080006bc                BSP_random
 .text.QF_onStartup
                0x080006f8       0x44 ./Core/Src/bsp.o
                0x080006f8                QF_onStartup
 .text.QK_onIdle
                0x0800073c        0xa ./Core/Src/bsp.o
                0x0800073c                QK_onIdle
 .text.main     0x08000746       0x28 ./Core/Src/main.o
                0x08000746                main
 *fill*         0x0800076e        0x2 
 .text.SystemClock_Config
                0x08000770       0x90 ./Core/Src/main.o
                0x08000770                SystemClock_Config
 .text.MX_GPIO_Init
                0x08000800      0x104 ./Core/Src/main.o
 .text.Error_Handler
                0x08000904       0x18 ./Core/Src/main.o
                0x08000904                Error_Handler
 .text.think_time
                0x0800091c       0x1c ./Core/Src/philo.o
 .text.eat_time
                0x08000938       0x1c ./Core/Src/philo.o
 .text.Philo_ctor
                0x08000954       0x50 ./Core/Src/philo.o
                0x08000954                Philo_ctor
 .text.Philo_initial
                0x080009a4       0x34 ./Core/Src/philo.o
 .text.Philo_thinking
                0x080009d8       0xa8 ./Core/Src/philo.o
 .text.Philo_hungry
                0x08000a80       0xbc ./Core/Src/philo.o
 .text.Philo_eating
                0x08000b3c       0xd0 ./Core/Src/philo.o
 .text.HAL_MspInit
                0x08000c0c       0x48 ./Core/Src/stm32c0xx_hal_msp.o
                0x08000c0c                HAL_MspInit
 .text.HardFault_Handler
                0x08000c54       0x18 ./Core/Src/stm32c0xx_it.o
                0x08000c54                HardFault_Handler
 .text.SVC_Handler
                0x08000c6c        0xa ./Core/Src/stm32c0xx_it.o
                0x08000c6c                SVC_Handler
 .text.EXTI4_15_IRQHandler
                0x08000c76       0x14 ./Core/Src/stm32c0xx_it.o
                0x08000c76                EXTI4_15_IRQHandler
 *fill*         0x08000c8a        0x2 
 .text.SystemInit
                0x08000c8c       0x18 ./Core/Src/system_stm32c0xx.o
                0x08000c8c                SystemInit
 .text.SystemCoreClockUpdate
                0x08000ca4       0xc0 ./Core/Src/system_stm32c0xx.o
                0x08000ca4                SystemCoreClockUpdate
 .text.right    0x08000d64       0x26 ./Core/Src/table.o
 .text.left     0x08000d8a       0x26 ./Core/Src/table.o
 .text.Table_ctor
                0x08000db0       0x64 ./Core/Src/table.o
                0x08000db0                Table_ctor
 .text.Table_initial
                0x08000e14       0x9c ./Core/Src/table.o
 .text.Table_active
                0x08000eb0       0x48 ./Core/Src/table.o
 .text.Table_serving
                0x08000ef8      0x450 ./Core/Src/table.o
 .text.Table_paused
                0x08001348      0x194 ./Core/Src/table.o
 .text.Reset_Handler
                0x080014dc       0x50 ./Core/Startup/startup_stm32c031c6tx.o
                0x080014dc                Reset_Handler
 .text.Default_Handler
                0x0800152c        0x2 ./Core/Startup/startup_stm32c031c6tx.o
                0x0800152c                TIM1_CC_IRQHandler
                0x0800152c                I2C1_IRQHandler
                0x0800152c                DMAMUX1_IRQHandler
                0x0800152c                SPI1_IRQHandler
                0x0800152c                EXTI2_3_IRQHandler
                0x0800152c                ADC1_IRQHandler
                0x0800152c                TIM17_IRQHandler
                0x0800152c                RTC_IRQHandler
                0x0800152c                TIM16_IRQHandler
                0x0800152c                TIM3_IRQHandler
                0x0800152c                RCC_IRQHandler
                0x0800152c                DMA1_Channel1_IRQHandler
                0x0800152c                Default_Handler
                0x0800152c                TIM14_IRQHandler
                0x0800152c                WWDG_IRQHandler
                0x0800152c                DMA1_Channel2_3_IRQHandler
                0x0800152c                USART2_IRQHandler
                0x0800152c                FLASH_IRQHandler
                0x0800152c                USART1_IRQHandler
                0x0800152c                TIM1_BRK_UP_TRG_COM_IRQHandler
 .text.HAL_Init
                0x0800152e       0x2e ./Drivers/STM32C0xx_HAL_Driver/Src/stm32c0xx_hal.o
                0x0800152e                HAL_Init
 .text.HAL_InitTick
                0x0800155c       0x94 ./Drivers/STM32C0xx_HAL_Driver/Src/stm32c0xx_hal.o
                0x0800155c                HAL_InitTick
 .text.HAL_GetTick
                0x080015f0       0x14 ./Drivers/STM32C0xx_HAL_Driver/Src/stm32c0xx_hal.o
                0x080015f0                HAL_GetTick
 .text.__NVIC_EnableIRQ
                0x08001604       0x34 ./Drivers/STM32C0xx_HAL_Driver/Src/stm32c0xx_hal_cortex.o
 .text.__NVIC_SetPriority
                0x08001638       0xdc ./Drivers/STM32C0xx_HAL_Driver/Src/stm32c0xx_hal_cortex.o
 .text.SysTick_Config
                0x08001714       0x48 ./Drivers/STM32C0xx_HAL_Driver/Src/stm32c0xx_hal_cortex.o
 .text.HAL_NVIC_SetPriority
                0x0800175c       0x2a ./Drivers/STM32C0xx_HAL_Driver/Src/stm32c0xx_hal_cortex.o
                0x0800175c                HAL_NVIC_SetPriority
 .text.HAL_NVIC_EnableIRQ
                0x08001786       0x20 ./Drivers/STM32C0xx_HAL_Driver/Src/stm32c0xx_hal_cortex.o
                0x08001786                HAL_NVIC_EnableIRQ
 .text.HAL_SYSTICK_Config
                0x080017a6       0x1a ./Drivers/STM32C0xx_HAL_Driver/Src/stm32c0xx_hal_cortex.o
                0x080017a6                HAL_SYSTICK_Config
 .text.HAL_GPIO_Init
                0x080017c0      0x2e4 ./Drivers/STM32C0xx_HAL_Driver/Src/stm32c0xx_hal_gpio.o
                0x080017c0                HAL_GPIO_Init
 .text.HAL_GPIO_WritePin
                0x08001aa4       0x3a ./Drivers/STM32C0xx_HAL_Driver/Src/stm32c0xx_hal_gpio.o
                0x08001aa4                HAL_GPIO_WritePin
 *fill*         0x08001ade        0x2 
 .text.HAL_GPIO_EXTI_IRQHandler
                0x08001ae0       0x54 ./Drivers/STM32C0xx_HAL_Driver/Src/stm32c0xx_hal_gpio.o
                0x08001ae0                HAL_GPIO_EXTI_IRQHandler
 .text.HAL_GPIO_EXTI_Rising_Callback
                0x08001b34       0x14 ./Drivers/STM32C0xx_HAL_Driver/Src/stm32c0xx_hal_gpio.o
                0x08001b34                HAL_GPIO_EXTI_Rising_Callback
 .text.HAL_GPIO_EXTI_Falling_Callback
                0x08001b48       0x14 ./Drivers/STM32C0xx_HAL_Driver/Src/stm32c0xx_hal_gpio.o
                0x08001b48                HAL_GPIO_EXTI_Falling_Callback
 .text.HAL_RCC_OscConfig
                0x08001b5c      0x3c8 ./Drivers/STM32C0xx_HAL_Driver/Src/stm32c0xx_hal_rcc.o
                0x08001b5c                HAL_RCC_OscConfig
 .text.HAL_RCC_ClockConfig
                0x08001f24      0x200 ./Drivers/STM32C0xx_HAL_Driver/Src/stm32c0xx_hal_rcc.o
                0x08001f24                HAL_RCC_ClockConfig
 .text.HAL_RCC_GetSysClockFreq
                0x08002124       0x80 ./Drivers/STM32C0xx_HAL_Driver/Src/stm32c0xx_hal_rcc.o
                0x08002124                HAL_RCC_GetSysClockFreq
 .text.QF_int_disable_
                0x080021a4       0x20 ./Middlewares/Third_Party/QuantumLeaps_RTEF_qpc/ports/arm-cm/qk/gnu/qk_port.o
                0x080021a4                QF_int_disable_
 .text.QF_int_enable_
                0x080021c4       0x20 ./Middlewares/Third_Party/QuantumLeaps_RTEF_qpc/ports/arm-cm/qk/gnu/qk_port.o
                0x080021c4                QF_int_enable_
 .text.QF_crit_entry_
                0x080021e4       0x20 ./Middlewares/Third_Party/QuantumLeaps_RTEF_qpc/ports/arm-cm/qk/gnu/qk_port.o
                0x080021e4                QF_crit_entry_
 .text.QF_crit_exit_
                0x08002204       0x20 ./Middlewares/Third_Party/QuantumLeaps_RTEF_qpc/ports/arm-cm/qk/gnu/qk_port.o
                0x08002204                QF_crit_exit_
 .text.QK_init  0x08002224       0x1c ./Middlewares/Third_Party/QuantumLeaps_RTEF_qpc/ports/arm-cm/qk/gnu/qk_port.o
                0x08002224                QK_init
 .text.PendSV_Handler
                0x08002240       0x34 ./Middlewares/Third_Party/QuantumLeaps_RTEF_qpc/ports/arm-cm/qk/gnu/qk_port.o
                0x08002240                PendSV_Handler
 .text.QK_thread_ret
                0x08002274       0x28 ./Middlewares/Third_Party/QuantumLeaps_RTEF_qpc/ports/arm-cm/qk/gnu/qk_port.o
                0x08002274                QK_thread_ret
 .text.NMI_Handler
                0x0800229c       0x10 ./Middlewares/Third_Party/QuantumLeaps_RTEF_qpc/ports/arm-cm/qk/gnu/qk_port.o
                0x0800229c                NMI_Handler
 .text.QF_qlog2
                0x080022ac       0x3c ./Middlewares/Third_Party/QuantumLeaps_RTEF_qpc/ports/arm-cm/qk/gnu/qk_port.o
                0x080022ac                QF_qlog2
 .text.QHsm_ctor
                0x080022e8       0x2c ./Middlewares/Third_Party/QuantumLeaps_RTEF_qpc/src/qf/qep_hsm.o
                0x080022e8                QHsm_ctor
 .text.QHsm_top
                0x08002314       0x14 ./Middlewares/Third_Party/QuantumLeaps_RTEF_qpc/src/qf/qep_hsm.o
                0x08002314                QHsm_top
 .text.QHsm_init_
                0x08002328      0x10c ./Middlewares/Third_Party/QuantumLeaps_RTEF_qpc/src/qf/qep_hsm.o
                0x08002328                QHsm_init_
 .text.QHsm_dispatch_
                0x08002434      0x184 ./Middlewares/Third_Party/QuantumLeaps_RTEF_qpc/src/qf/qep_hsm.o
                0x08002434                QHsm_dispatch_
 .text.QHsm_tran_simple_
                0x080025b8       0xe0 ./Middlewares/Third_Party/QuantumLeaps_RTEF_qpc/src/qf/qep_hsm.o
 .text.QHsm_tran_complex_
                0x08002698      0x130 ./Middlewares/Third_Party/QuantumLeaps_RTEF_qpc/src/qf/qep_hsm.o
 .text.QHsm_enter_target_
                0x080027c8      0x10c ./Middlewares/Third_Party/QuantumLeaps_RTEF_qpc/src/qf/qep_hsm.o
 .text.QHsm_isIn_
                0x080028d4       0x84 ./Middlewares/Third_Party/QuantumLeaps_RTEF_qpc/src/qf/qep_hsm.o
                0x080028d4                QHsm_isIn_
 .text.QHsm_getStateHandler_
                0x08002958       0x14 ./Middlewares/Third_Party/QuantumLeaps_RTEF_qpc/src/qf/qep_hsm.o
                0x08002958                QHsm_getStateHandler_
 .text.QEvt_ctor
                0x0800296c       0x26 ./Middlewares/Third_Party/QuantumLeaps_RTEF_qpc/src/qf/qf_act.o
                0x0800296c                QEvt_ctor
 *fill*         0x08002992        0x2 
 .text.QEvt_refCtr_inc_
                0x08002994       0x38 ./Middlewares/Third_Party/QuantumLeaps_RTEF_qpc/src/qf/qf_act.o
                0x08002994                QEvt_refCtr_inc_
 .text.QEvt_refCtr_dec_
                0x080029cc       0x20 ./Middlewares/Third_Party/QuantumLeaps_RTEF_qpc/src/qf/qf_act.o
                0x080029cc                QEvt_refCtr_dec_
 .text.QActive_post_
                0x080029ec       0xb8 ./Middlewares/Third_Party/QuantumLeaps_RTEF_qpc/src/qf/qf_actq.o
                0x080029ec                QActive_post_
 .text.QActive_get_
                0x08002aa4       0xe0 ./Middlewares/Third_Party/QuantumLeaps_RTEF_qpc/src/qf/qf_actq.o
                0x08002aa4                QActive_get_
 .text.QActive_postFIFO_
                0x08002b84       0xc4 ./Middlewares/Third_Party/QuantumLeaps_RTEF_qpc/src/qf/qf_actq.o
 .text.QF_poolInit
                0x08002c48       0xa0 ./Middlewares/Third_Party/QuantumLeaps_RTEF_qpc/src/qf/qf_dyn.o
                0x08002c48                QF_poolInit
 .text.QF_newX_
                0x08002ce8      0x12c ./Middlewares/Third_Party/QuantumLeaps_RTEF_qpc/src/qf/qf_dyn.o
                0x08002ce8                QF_newX_
 .text.QF_gc    0x08002e14       0xc4 ./Middlewares/Third_Party/QuantumLeaps_RTEF_qpc/src/qf/qf_dyn.o
                0x08002e14                QF_gc
 .text.QMPool_init
                0x08002ed8      0x118 ./Middlewares/Third_Party/QuantumLeaps_RTEF_qpc/src/qf/qf_mem.o
                0x08002ed8                QMPool_init
 .text.QMPool_get
                0x08002ff0      0x108 ./Middlewares/Third_Party/QuantumLeaps_RTEF_qpc/src/qf/qf_mem.o
                0x08002ff0                QMPool_get
 .text.QMPool_put
                0x080030f8       0xc8 ./Middlewares/Third_Party/QuantumLeaps_RTEF_qpc/src/qf/qf_mem.o
                0x080030f8                QMPool_put
 .text.QActive_psInit
                0x080031c0       0x70 ./Middlewares/Third_Party/QuantumLeaps_RTEF_qpc/src/qf/qf_ps.o
                0x080031c0                QActive_psInit
 .text.QActive_publish_
                0x08003230       0x9c ./Middlewares/Third_Party/QuantumLeaps_RTEF_qpc/src/qf/qf_ps.o
                0x08003230                QActive_publish_
 .text.QActive_multicast_
                0x080032cc      0x104 ./Middlewares/Third_Party/QuantumLeaps_RTEF_qpc/src/qf/qf_ps.o
 .text.QActive_subscribe
                0x080033d0       0xbc ./Middlewares/Third_Party/QuantumLeaps_RTEF_qpc/src/qf/qf_ps.o
                0x080033d0                QActive_subscribe
 .text.QActive_ctor
                0x0800348c       0x28 ./Middlewares/Third_Party/QuantumLeaps_RTEF_qpc/src/qf/qf_qact.o
                0x0800348c                QActive_ctor
 .text.QActive_register_
                0x080034b4      0x154 ./Middlewares/Third_Party/QuantumLeaps_RTEF_qpc/src/qf/qf_qact.o
                0x080034b4                QActive_register_
 .text.QPSet_setEmpty
                0x08003608       0x16 ./Middlewares/Third_Party/QuantumLeaps_RTEF_qpc/src/qf/qf_qact.o
                0x08003608                QPSet_setEmpty
 .text.QPSet_isEmpty
                0x0800361e       0x1a ./Middlewares/Third_Party/QuantumLeaps_RTEF_qpc/src/qf/qf_qact.o
                0x0800361e                QPSet_isEmpty
 .text.QPSet_notEmpty
                0x08003638       0x1a ./Middlewares/Third_Party/QuantumLeaps_RTEF_qpc/src/qf/qf_qact.o
                0x08003638                QPSet_notEmpty
 .text.QPSet_insert
                0x08003652       0x26 ./Middlewares/Third_Party/QuantumLeaps_RTEF_qpc/src/qf/qf_qact.o
                0x08003652                QPSet_insert
 .text.QPSet_remove
                0x08003678       0x28 ./Middlewares/Third_Party/QuantumLeaps_RTEF_qpc/src/qf/qf_qact.o
                0x08003678                QPSet_remove
 .text.QPSet_findMax
                0x080036a0       0x1c ./Middlewares/Third_Party/QuantumLeaps_RTEF_qpc/src/qf/qf_qact.o
                0x080036a0                QPSet_findMax
 .text.QEQueue_init
                0x080036bc       0x6c ./Middlewares/Third_Party/QuantumLeaps_RTEF_qpc/src/qf/qf_qeq.o
                0x080036bc                QEQueue_init
 .text.QTimeEvt_ctorX
                0x08003728       0x84 ./Middlewares/Third_Party/QuantumLeaps_RTEF_qpc/src/qf/qf_time.o
                0x08003728                QTimeEvt_ctorX
 .text.QTimeEvt_armX
                0x080037ac       0xe0 ./Middlewares/Third_Party/QuantumLeaps_RTEF_qpc/src/qf/qf_time.o
                0x080037ac                QTimeEvt_armX
 .text.QTimeEvt_disarm
                0x0800388c       0x5c ./Middlewares/Third_Party/QuantumLeaps_RTEF_qpc/src/qf/qf_time.o
                0x0800388c                QTimeEvt_disarm
 .text.QTimeEvt_tick_
                0x080038e8       0xfc ./Middlewares/Third_Party/QuantumLeaps_RTEF_qpc/src/qf/qf_time.o
                0x080038e8                QTimeEvt_tick_
 .text.QTimeEvt_init
                0x080039e4       0x40 ./Middlewares/Third_Party/QuantumLeaps_RTEF_qpc/src/qf/qf_time.o
                0x080039e4                QTimeEvt_init
 .text.QTimeEvt_expire_
                0x08003a24       0x4e ./Middlewares/Third_Party/QuantumLeaps_RTEF_qpc/src/qf/qf_time.o
                0x08003a24                QTimeEvt_expire_
 *fill*         0x08003a72        0x2 
 .text.QK_schedLock
                0x08003a74       0x5c ./Middlewares/Third_Party/QuantumLeaps_RTEF_qpc/src/qk/qk.o
                0x08003a74                QK_schedLock
 .text.QK_schedUnlock
                0x08003ad0       0x68 ./Middlewares/Third_Party/QuantumLeaps_RTEF_qpc/src/qk/qk.o
                0x08003ad0                QK_schedUnlock
 .text.QK_sched_
                0x08003b38       0x68 ./Middlewares/Third_Party/QuantumLeaps_RTEF_qpc/src/qk/qk.o
                0x08003b38                QK_sched_
 .text.QK_sched_act_
                0x08003ba0       0x88 ./Middlewares/Third_Party/QuantumLeaps_RTEF_qpc/src/qk/qk.o
                0x08003ba0                QK_sched_act_
 .text.QK_activate_
                0x08003c28      0x158 ./Middlewares/Third_Party/QuantumLeaps_RTEF_qpc/src/qk/qk.o
                0x08003c28                QK_activate_
 .text.QF_init  0x08003d80       0x1c ./Middlewares/Third_Party/QuantumLeaps_RTEF_qpc/src/qk/qk.o
                0x08003d80                QF_init
 .text.QF_run   0x08003d9c       0x2c ./Middlewares/Third_Party/QuantumLeaps_RTEF_qpc/src/qk/qk.o
                0x08003d9c                QF_run
 .text.QActive_start
                0x08003dc8       0xa8 ./Middlewares/Third_Party/QuantumLeaps_RTEF_qpc/src/qk/qk.o
                0x08003dc8                QActive_start
 .text.memset   0x08003e70       0x10 M:/embedded/IDE/STM32CubeIDE_1.19.0/STM32CubeIDE/plugins/com.st.stm32cube.ide.mcu.externaltools.gnu-tools-for-stm32.13.3.rel1.win32_1.0.0.202411081344/tools/bin/../lib/gcc/arm-none-eabi/13.3.1/../../../../arm-none-eabi/lib/thumb/v6-m/nofp\libc_nano.a(libc_a-memset.o)
                0x08003e70                memset
 .text.__libc_init_array
                0x08003e80       0x48 M:/embedded/IDE/STM32CubeIDE_1.19.0/STM32CubeIDE/plugins/com.st.stm32cube.ide.mcu.externaltools.gnu-tools-for-stm32.13.3.rel1.win32_1.0.0.202411081344/tools/bin/../lib/gcc/arm-none-eabi/13.3.1/../../../../arm-none-eabi/lib/thumb/v6-m/nofp\libc_nano.a(libc_a-init.o)
                0x08003e80                __libc_init_array
 *(.glue_7)
 .glue_7        0x08003ec8        0x0 linker stubs
 *(.glue_7t)
 .glue_7t       0x08003ec8        0x0 linker stubs
 *(.eh_frame)
 .eh_frame      0x08003ec8        0x0 M:/embedded/IDE/STM32CubeIDE_1.19.0/STM32CubeIDE/plugins/com.st.stm32cube.ide.mcu.externaltools.gnu-tools-for-stm32.13.3.rel1.win32_1.0.0.202411081344/tools/bin/../lib/gcc/arm-none-eabi/13.3.1/thumb/v6-m/nofp/crtbegin.o
 *(.init)
 .init          0x08003ec8        0x4 M:/embedded/IDE/STM32CubeIDE_1.19.0/STM32CubeIDE/plugins/com.st.stm32cube.ide.mcu.externaltools.gnu-tools-for-stm32.13.3.rel1.win32_1.0.0.202411081344/tools/bin/../lib/gcc/arm-none-eabi/13.3.1/thumb/v6-m/nofp/crti.o
                0x08003ec8                _init
 .init          0x08003ecc        0x8 M:/embedded/IDE/STM32CubeIDE_1.19.0/STM32CubeIDE/plugins/com.st.stm32cube.ide.mcu.externaltools.gnu-tools-for-stm32.13.3.rel1.win32_1.0.0.202411081344/tools/bin/../lib/gcc/arm-none-eabi/13.3.1/thumb/v6-m/nofp/crtn.o
 *(.fini)
 .fini          0x08003ed4        0x4 M:/embedded/IDE/STM32CubeIDE_1.19.0/STM32CubeIDE/plugins/com.st.stm32cube.ide.mcu.externaltools.gnu-tools-for-stm32.13.3.rel1.win32_1.0.0.202411081344/tools/bin/../lib/gcc/arm-none-eabi/13.3.1/thumb/v6-m/nofp/crti.o
                0x08003ed4                _fini
 .fini          0x08003ed8        0x8 M:/embedded/IDE/STM32CubeIDE_1.19.0/STM32CubeIDE/plugins/com.st.stm32cube.ide.mcu.externaltools.gnu-tools-for-stm32.13.3.rel1.win32_1.0.0.202411081344/tools/bin/../lib/gcc/arm-none-eabi/13.3.1/thumb/v6-m/nofp/crtn.o
                0x08003ee0                        . = ALIGN (0x4)
                0x08003ee0                        _etext = .

.vfp11_veneer   0x08003ee0        0x0
 .vfp11_veneer  0x08003ee0        0x0 linker stubs

.v4_bx          0x08003ee0        0x0
 .v4_bx         0x08003ee0        0x0 linker stubs

.iplt           0x08003ee0        0x0
 .iplt          0x08003ee0        0x0 M:/embedded/IDE/STM32CubeIDE_1.19.0/STM32CubeIDE/plugins/com.st.stm32cube.ide.mcu.externaltools.gnu-tools-for-stm32.13.3.rel1.win32_1.0.0.202411081344/tools/bin/../lib/gcc/arm-none-eabi/13.3.1/thumb/v6-m/nofp/crtbegin.o

.rodata         0x08003ee0      0x1f4
                0x08003ee0                        . = ALIGN (0x4)
 *(.rodata)
 .rodata        0x08003ee0        0xa ./Core/Src/main.o
 *fill*         0x08003eea        0x2 
 .rodata        0x08003eec        0xa ./Core/Src/stm32c0xx_it.o
 *fill*         0x08003ef6        0x2 
 .rodata        0x08003ef8       0x21 ./Core/Src/table.o
 *(.rodata*)
 *fill*         0x08003f19        0x3 
 .rodata.pauseEvt.6
                0x08003f1c        0x8 ./Core/Src/bsp.o
 .rodata.serveEvt.5
                0x08003f24        0x8 ./Core/Src/bsp.o
 .rodata.testEvt.4
                0x08003f2c        0x8 ./Core/Src/bsp.o
 .rodata.Q_this_module_
                0x08003f34       0x14 ./Core/Src/philo.o
 .rodata.AO_Philo
                0x08003f48       0x14 ./Core/Src/philo.o
                0x08003f48                AO_Philo
 .rodata.Philo_thinking
                0x08003f5c       0x2c ./Core/Src/philo.o
 .rodata.AHBPrescTable
                0x08003f88       0x40 ./Core/Src/system_stm32c0xx.o
                0x08003f88                AHBPrescTable
 .rodata.Q_this_module_
                0x08003fc8       0x14 ./Core/Src/table.o
 .rodata.AO_Table
                0x08003fdc        0x4 ./Core/Src/table.o
                0x08003fdc                AO_Table
 .rodata.Table_serving
                0x08003fe0       0x30 ./Core/Src/table.o
 .rodata.Table_paused
                0x08004010       0x30 ./Core/Src/table.o
 .rodata.QF_port_module_
                0x08004040        0x8 ./Middlewares/Third_Party/QuantumLeaps_RTEF_qpc/ports/arm-cm/qk/gnu/qk_port.o
                0x08004040                QF_port_module_
 .rodata.Q_this_module_
                0x08004048        0x8 ./Middlewares/Third_Party/QuantumLeaps_RTEF_qpc/src/qf/qep_hsm.o
 .rodata.l_resEvt_
                0x08004050       0x20 ./Middlewares/Third_Party/QuantumLeaps_RTEF_qpc/src/qf/qep_hsm.o
 .rodata.vtable.0
                0x08004070       0x10 ./Middlewares/Third_Party/QuantumLeaps_RTEF_qpc/src/qf/qep_hsm.o
 .rodata.Q_this_module_
                0x08004080        0x7 ./Middlewares/Third_Party/QuantumLeaps_RTEF_qpc/src/qf/qf_act.o
 *fill*         0x08004087        0x1 
 .rodata.Q_this_module_
                0x08004088        0x8 ./Middlewares/Third_Party/QuantumLeaps_RTEF_qpc/src/qf/qf_actq.o
 .rodata.Q_this_module_
                0x08004090        0x7 ./Middlewares/Third_Party/QuantumLeaps_RTEF_qpc/src/qf/qf_dyn.o
 *fill*         0x08004097        0x1 
 .rodata.Q_this_module_
                0x08004098        0x7 ./Middlewares/Third_Party/QuantumLeaps_RTEF_qpc/src/qf/qf_mem.o
 *fill*         0x0800409f        0x1 
 .rodata.Q_this_module_
                0x080040a0        0x6 ./Middlewares/Third_Party/QuantumLeaps_RTEF_qpc/src/qf/qf_ps.o
 *fill*         0x080040a6        0x2 
 .rodata.Q_this_module_
                0x080040a8        0x8 ./Middlewares/Third_Party/QuantumLeaps_RTEF_qpc/src/qf/qf_qact.o
 .rodata.vtable.0
                0x080040b0       0x10 ./Middlewares/Third_Party/QuantumLeaps_RTEF_qpc/src/qf/qf_qact.o
 .rodata.Q_this_module_
                0x080040c0        0x7 ./Middlewares/Third_Party/QuantumLeaps_RTEF_qpc/src/qf/qf_qeq.o
 *fill*         0x080040c7        0x1 
 .rodata.Q_this_module_
                0x080040c8        0x8 ./Middlewares/Third_Party/QuantumLeaps_RTEF_qpc/src/qf/qf_time.o
 .rodata.Q_this_module_
                0x080040d0        0x3 ./Middlewares/Third_Party/QuantumLeaps_RTEF_qpc/src/qk/qk.o
                0x080040d4                        . = ALIGN (0x4)
 *fill*         0x080040d3        0x1 

.ARM.extab      0x080040d4        0x0
                0x080040d4                        . = ALIGN (0x4)
 *(.ARM.extab* .gnu.linkonce.armextab.*)
                0x080040d4                        . = ALIGN (0x4)

.ARM            0x080040d4        0x0
                0x080040d4                        . = ALIGN (0x4)
                0x080040d4                        __exidx_start = .
 *(.ARM.exidx*)
                0x080040d4                        __exidx_end = .
                0x080040d4                        . = ALIGN (0x4)

.preinit_array  0x080040d4        0x0
                0x080040d4                        . = ALIGN (0x4)
                0x080040d4                        PROVIDE (__preinit_array_start = .)
 *(.preinit_array*)
                0x080040d4                        PROVIDE (__preinit_array_end = .)
                0x080040d4                        . = ALIGN (0x4)

.init_array     0x080040d4        0x4
                0x080040d4                        . = ALIGN (0x4)
                0x080040d4                        PROVIDE (__init_array_start = .)
 *(SORT_BY_NAME(.init_array.*))
 *(.init_array*)
 .init_array    0x080040d4        0x4 M:/embedded/IDE/STM32CubeIDE_1.19.0/STM32CubeIDE/plugins/com.st.stm32cube.ide.mcu.externaltools.gnu-tools-for-stm32.13.3.rel1.win32_1.0.0.202411081344/tools/bin/../lib/gcc/arm-none-eabi/13.3.1/thumb/v6-m/nofp/crtbegin.o
                0x080040d8                        PROVIDE (__init_array_end = .)
                0x080040d8                        . = ALIGN (0x4)

.fini_array     0x080040d8        0x4
                0x080040d8                        . = ALIGN (0x4)
                [!provide]                        PROVIDE (__fini_array_start = .)
 *(SORT_BY_NAME(.fini_array.*))
 *(.fini_array*)
 .fini_array    0x080040d8        0x4 M:/embedded/IDE/STM32CubeIDE_1.19.0/STM32CubeIDE/plugins/com.st.stm32cube.ide.mcu.externaltools.gnu-tools-for-stm32.13.3.rel1.win32_1.0.0.202411081344/tools/bin/../lib/gcc/arm-none-eabi/13.3.1/thumb/v6-m/nofp/crtbegin.o
                [!provide]                        PROVIDE (__fini_array_end = .)
                0x080040dc                        . = ALIGN (0x4)
                0x080040dc                        _sidata = LOADADDR (.data)

.rel.dyn        0x080040dc        0x0
 .rel.iplt      0x080040dc        0x0 M:/embedded/IDE/STM32CubeIDE_1.19.0/STM32CubeIDE/plugins/com.st.stm32cube.ide.mcu.externaltools.gnu-tools-for-stm32.13.3.rel1.win32_1.0.0.202411081344/tools/bin/../lib/gcc/arm-none-eabi/13.3.1/thumb/v6-m/nofp/crtbegin.o

.data           0x20000000        0xc load address 0x080040dc
                0x20000000                        . = ALIGN (0x4)
                0x20000000                        _sdata = .
 *(.data)
 *(.data*)
 .data.SystemCoreClock
                0x20000000        0x4 ./Core/Src/system_stm32c0xx.o
                0x20000000                SystemCoreClock
 .data.uwTickPrio
                0x20000004        0x4 ./Drivers/STM32C0xx_HAL_Driver/Src/stm32c0xx_hal.o
                0x20000004                uwTickPrio
 .data.uwTickFreq
                0x20000008        0x1 ./Drivers/STM32C0xx_HAL_Driver/Src/stm32c0xx_hal.o
                0x20000008                uwTickFreq
 *(.RamFunc)
 *(.RamFunc*)
                0x2000000c                        . = ALIGN (0x4)
 *fill*         0x20000009        0x3 
                0x2000000c                        _edata = .

.igot.plt       0x2000000c        0x0 load address 0x080040e8
 .igot.plt      0x2000000c        0x0 M:/embedded/IDE/STM32CubeIDE_1.19.0/STM32CubeIDE/plugins/com.st.stm32cube.ide.mcu.externaltools.gnu-tools-for-stm32.13.3.rel1.win32_1.0.0.202411081344/tools/bin/../lib/gcc/arm-none-eabi/13.3.1/thumb/v6-m/nofp/crtbegin.o
                0x2000000c                        . = ALIGN (0x4)

.bss            0x2000000c      0x41c load address 0x080040e8
                0x2000000c                        _sbss = .
                0x2000000c                        __bss_start__ = _sbss
 *(.bss)
 .bss           0x2000000c       0x1c M:/embedded/IDE/STM32CubeIDE_1.19.0/STM32CubeIDE/plugins/com.st.stm32cube.ide.mcu.externaltools.gnu-tools-for-stm32.13.3.rel1.win32_1.0.0.202411081344/tools/bin/../lib/gcc/arm-none-eabi/13.3.1/thumb/v6-m/nofp/crtbegin.o
 *(.bss*)
 .bss.l_rndSeed
                0x20000028        0x4 ./Core/Src/bsp.o
 .bss.buttons.7
                0x2000002c        0x8 ./Core/Src/bsp.o
 .bss.smlPoolSto.3
                0x20000034       0x78 ./Core/Src/bsp.o
 .bss.subscrSto.2
                0x200000ac       0x24 ./Core/Src/bsp.o
 .bss.philoQueueSto.1
                0x200000d0       0xc8 ./Core/Src/bsp.o
 .bss.tableQueueSto.0
                0x20000198       0x14 ./Core/Src/bsp.o
 .bss.Philo_inst
                0x200001ac      0x154 ./Core/Src/philo.o
                0x200001ac                Philo_inst
 .bss.Table_inst
                0x20000300       0x30 ./Core/Src/table.o
                0x20000300                Table_inst
 .bss.uwTick    0x20000330        0x4 ./Drivers/STM32C0xx_HAL_Driver/Src/stm32c0xx_hal.o
                0x20000330                uwTick
 .bss.QActive_subscrList_
                0x20000334        0x4 ./Middlewares/Third_Party/QuantumLeaps_RTEF_qpc/src/qf/qf_ps.o
                0x20000334                QActive_subscrList_
 .bss.QActive_maxPubSignal_
                0x20000338        0x2 ./Middlewares/Third_Party/QuantumLeaps_RTEF_qpc/src/qf/qf_ps.o
                0x20000338                QActive_maxPubSignal_
 *fill*         0x2000033a        0x2 
 .bss.QActive_registry_
                0x2000033c       0x84 ./Middlewares/Third_Party/QuantumLeaps_RTEF_qpc/src/qf/qf_qact.o
                0x2000033c                QActive_registry_
 .bss.QF_priv_  0x200003c0       0x40 ./Middlewares/Third_Party/QuantumLeaps_RTEF_qpc/src/qf/qf_qact.o
                0x200003c0                QF_priv_
 .bss.QTimeEvt_timeEvtHead_
                0x20000400       0x1c ./Middlewares/Third_Party/QuantumLeaps_RTEF_qpc/src/qf/qf_time.o
                0x20000400                QTimeEvt_timeEvtHead_
 .bss.QK_priv_  0x2000041c        0xc ./Middlewares/Third_Party/QuantumLeaps_RTEF_qpc/src/qk/qk.o
                0x2000041c                QK_priv_
 *(COMMON)
                0x20000428                        . = ALIGN (0x4)
                0x20000428                        _ebss = .
                0x20000428                        __bss_end__ = _ebss

._user_heap_stack
                0x20000428      0x600 load address 0x080040e8
                0x20000428                        . = ALIGN (0x8)
                [!provide]                        PROVIDE (end = .)
                0x20000428                        PROVIDE (_end = .)
                0x20000628                        . = (. + _Min_Heap_Size)
 *fill*         0x20000428      0x200 
                0x20000a28                        . = (. + _Min_Stack_Size)
 *fill*         0x20000628      0x400 
                0x20000a28                        . = ALIGN (0x8)

/DISCARD/
 libc.a(*)
 libm.a(*)
 libgcc.a(*)

.ARM.attributes
                0x00000000       0x28
 *(.ARM.attributes)
 .ARM.attributes
                0x00000000       0x1e M:/embedded/IDE/STM32CubeIDE_1.19.0/STM32CubeIDE/plugins/com.st.stm32cube.ide.mcu.externaltools.gnu-tools-for-stm32.13.3.rel1.win32_1.0.0.202411081344/tools/bin/../lib/gcc/arm-none-eabi/13.3.1/thumb/v6-m/nofp/crti.o
 .ARM.attributes
                0x0000001e       0x2c M:/embedded/IDE/STM32CubeIDE_1.19.0/STM32CubeIDE/plugins/com.st.stm32cube.ide.mcu.externaltools.gnu-tools-for-stm32.13.3.rel1.win32_1.0.0.202411081344/tools/bin/../lib/gcc/arm-none-eabi/13.3.1/thumb/v6-m/nofp/crtbegin.o
 .ARM.attributes
                0x0000004a       0x2c ./Core/Src/bsp.o
 .ARM.attributes
                0x00000076       0x2c ./Core/Src/main.o
 .ARM.attributes
                0x000000a2       0x2c ./Core/Src/philo.o
 .ARM.attributes
                0x000000ce       0x2c ./Core/Src/stm32c0xx_hal_msp.o
 .ARM.attributes
                0x000000fa       0x2c ./Core/Src/stm32c0xx_it.o
 .ARM.attributes
                0x00000126       0x2c ./Core/Src/system_stm32c0xx.o
 .ARM.attributes
                0x00000152       0x2c ./Core/Src/table.o
 .ARM.attributes
                0x0000017e       0x22 ./Core/Startup/startup_stm32c031c6tx.o
 .ARM.attributes
                0x000001a0       0x2c ./Drivers/STM32C0xx_HAL_Driver/Src/stm32c0xx_hal.o
 .ARM.attributes
                0x000001cc       0x2c ./Drivers/STM32C0xx_HAL_Driver/Src/stm32c0xx_hal_cortex.o
 .ARM.attributes
                0x000001f8       0x2c ./Drivers/STM32C0xx_HAL_Driver/Src/stm32c0xx_hal_gpio.o
 .ARM.attributes
                0x00000224       0x2c ./Drivers/STM32C0xx_HAL_Driver/Src/stm32c0xx_hal_rcc.o
 .ARM.attributes
                0x00000250       0x2c ./Middlewares/Third_Party/QuantumLeaps_RTEF_qpc/ports/arm-cm/qk/gnu/qk_port.o
 .ARM.attributes
                0x0000027c       0x2c ./Middlewares/Third_Party/QuantumLeaps_RTEF_qpc/src/qf/qep_hsm.o
 .ARM.attributes
                0x000002a8       0x2c ./Middlewares/Third_Party/QuantumLeaps_RTEF_qpc/src/qf/qf_act.o
 .ARM.attributes
                0x000002d4       0x2c ./Middlewares/Third_Party/QuantumLeaps_RTEF_qpc/src/qf/qf_actq.o
 .ARM.attributes
                0x00000300       0x2c ./Middlewares/Third_Party/QuantumLeaps_RTEF_qpc/src/qf/qf_dyn.o
 .ARM.attributes
                0x0000032c       0x2c ./Middlewares/Third_Party/QuantumLeaps_RTEF_qpc/src/qf/qf_mem.o
 .ARM.attributes
                0x00000358       0x2c ./Middlewares/Third_Party/QuantumLeaps_RTEF_qpc/src/qf/qf_ps.o
 .ARM.attributes
                0x00000384       0x2c ./Middlewares/Third_Party/QuantumLeaps_RTEF_qpc/src/qf/qf_qact.o
 .ARM.attributes
                0x000003b0       0x2c ./Middlewares/Third_Party/QuantumLeaps_RTEF_qpc/src/qf/qf_qeq.o
 .ARM.attributes
                0x000003dc       0x2c ./Middlewares/Third_Party/QuantumLeaps_RTEF_qpc/src/qf/qf_time.o
 .ARM.attributes
                0x00000408       0x2c ./Middlewares/Third_Party/QuantumLeaps_RTEF_qpc/src/qk/qk.o
 .ARM.attributes
                0x00000434       0x2c M:/embedded/IDE/STM32CubeIDE_1.19.0/STM32CubeIDE/plugins/com.st.stm32cube.ide.mcu.externaltools.gnu-tools-for-stm32.13.3.rel1.win32_1.0.0.202411081344/tools/bin/../lib/gcc/arm-none-eabi/13.3.1/../../../../arm-none-eabi/lib/thumb/v6-m/nofp\libc_nano.a(libc_a-memset.o)
 .ARM.attributes
                0x00000460       0x2c M:/embedded/IDE/STM32CubeIDE_1.19.0/STM32CubeIDE/plugins/com.st.stm32cube.ide.mcu.externaltools.gnu-tools-for-stm32.13.3.rel1.win32_1.0.0.202411081344/tools/bin/../lib/gcc/arm-none-eabi/13.3.1/../../../../arm-none-eabi/lib/thumb/v6-m/nofp\libc_nano.a(libc_a-init.o)
 .ARM.attributes
                0x0000048c       0x1e M:/embedded/IDE/STM32CubeIDE_1.19.0/STM32CubeIDE/plugins/com.st.stm32cube.ide.mcu.externaltools.gnu-tools-for-stm32.13.3.rel1.win32_1.0.0.202411081344/tools/bin/../lib/gcc/arm-none-eabi/13.3.1/thumb/v6-m/nofp\libgcc.a(_udivsi3.o)
 .ARM.attributes
                0x000004aa       0x1e M:/embedded/IDE/STM32CubeIDE_1.19.0/STM32CubeIDE/plugins/com.st.stm32cube.ide.mcu.externaltools.gnu-tools-for-stm32.13.3.rel1.win32_1.0.0.202411081344/tools/bin/../lib/gcc/arm-none-eabi/13.3.1/thumb/v6-m/nofp\libgcc.a(_dvmd_tls.o)
 .ARM.attributes
                0x000004c8       0x1e M:/embedded/IDE/STM32CubeIDE_1.19.0/STM32CubeIDE/plugins/com.st.stm32cube.ide.mcu.externaltools.gnu-tools-for-stm32.13.3.rel1.win32_1.0.0.202411081344/tools/bin/../lib/gcc/arm-none-eabi/13.3.1/thumb/v6-m/nofp/crtn.o
OUTPUT(qpc_tetris.elf elf32-littlearm)
LOAD linker stubs
LOAD M:/embedded/IDE/STM32CubeIDE_1.19.0/STM32CubeIDE/plugins/com.st.stm32cube.ide.mcu.externaltools.gnu-tools-for-stm32.13.3.rel1.win32_1.0.0.202411081344/tools/bin/../lib/gcc/arm-none-eabi/13.3.1/../../../../arm-none-eabi/lib/thumb/v6-m/nofp\libc.a
LOAD M:/embedded/IDE/STM32CubeIDE_1.19.0/STM32CubeIDE/plugins/com.st.stm32cube.ide.mcu.externaltools.gnu-tools-for-stm32.13.3.rel1.win32_1.0.0.202411081344/tools/bin/../lib/gcc/arm-none-eabi/13.3.1/../../../../arm-none-eabi/lib/thumb/v6-m/nofp\libm.a
LOAD M:/embedded/IDE/STM32CubeIDE_1.19.0/STM32CubeIDE/plugins/com.st.stm32cube.ide.mcu.externaltools.gnu-tools-for-stm32.13.3.rel1.win32_1.0.0.202411081344/tools/bin/../lib/gcc/arm-none-eabi/13.3.1/thumb/v6-m/nofp\libgcc.a

.debug_info     0x00000000     0xa18b
 .debug_info    0x00000000     0x1144 ./Core/Src/bsp.o
 .debug_info    0x00001144      0x81a ./Core/Src/main.o
 .debug_info    0x0000195e      0xa01 ./Core/Src/philo.o
 .debug_info    0x0000235f      0x217 ./Core/Src/stm32c0xx_hal_msp.o
 .debug_info    0x00002576      0x13e ./Core/Src/stm32c0xx_it.o
 .debug_info    0x000026b4      0x373 ./Core/Src/system_stm32c0xx.o
 .debug_info    0x00002a27      0xa20 ./Core/Src/table.o
 .debug_info    0x00003447       0x30 ./Core/Startup/startup_stm32c031c6tx.o
 .debug_info    0x00003477      0x832 ./Drivers/STM32C0xx_HAL_Driver/Src/stm32c0xx_hal.o
 .debug_info    0x00003ca9      0x87b ./Drivers/STM32C0xx_HAL_Driver/Src/stm32c0xx_hal_cortex.o
 .debug_info    0x00004524      0x5b7 ./Drivers/STM32C0xx_HAL_Driver/Src/stm32c0xx_hal_gpio.o
 .debug_info    0x00004adb      0x903 ./Drivers/STM32C0xx_HAL_Driver/Src/stm32c0xx_hal_rcc.o
 .debug_info    0x000053de      0x196 ./Middlewares/Third_Party/QuantumLeaps_RTEF_qpc/ports/arm-cm/qk/gnu/qk_port.o
 .debug_info    0x00005574      0x8e8 ./Middlewares/Third_Party/QuantumLeaps_RTEF_qpc/src/qf/qep_hsm.o
 .debug_info    0x00005e5c      0x2a2 ./Middlewares/Third_Party/QuantumLeaps_RTEF_qpc/src/qf/qf_act.o
 .debug_info    0x000060fe      0xb98 ./Middlewares/Third_Party/QuantumLeaps_RTEF_qpc/src/qf/qf_actq.o
 .debug_info    0x00006c96      0x615 ./Middlewares/Third_Party/QuantumLeaps_RTEF_qpc/src/qf/qf_dyn.o
 .debug_info    0x000072ab      0x3d8 ./Middlewares/Third_Party/QuantumLeaps_RTEF_qpc/src/qf/qf_mem.o
 .debug_info    0x00007683      0x982 ./Middlewares/Third_Party/QuantumLeaps_RTEF_qpc/src/qf/qf_ps.o
 .debug_info    0x00008005      0x96b ./Middlewares/Third_Party/QuantumLeaps_RTEF_qpc/src/qf/qf_qact.o
 .debug_info    0x00008970      0x4d4 ./Middlewares/Third_Party/QuantumLeaps_RTEF_qpc/src/qf/qf_qeq.o
 .debug_info    0x00008e44      0x97e ./Middlewares/Third_Party/QuantumLeaps_RTEF_qpc/src/qf/qf_time.o
 .debug_info    0x000097c2      0x9c9 ./Middlewares/Third_Party/QuantumLeaps_RTEF_qpc/src/qk/qk.o

.debug_abbrev   0x00000000     0x349b
 .debug_abbrev  0x00000000      0x446 ./Core/Src/bsp.o
 .debug_abbrev  0x00000446      0x23e ./Core/Src/main.o
 .debug_abbrev  0x00000684      0x2c3 ./Core/Src/philo.o
 .debug_abbrev  0x00000947       0xd6 ./Core/Src/stm32c0xx_hal_msp.o
 .debug_abbrev  0x00000a1d       0xee ./Core/Src/stm32c0xx_it.o
 .debug_abbrev  0x00000b0b      0x119 ./Core/Src/system_stm32c0xx.o
 .debug_abbrev  0x00000c24      0x30b ./Core/Src/table.o
 .debug_abbrev  0x00000f2f       0x24 ./Core/Startup/startup_stm32c031c6tx.o
 .debug_abbrev  0x00000f53      0x2cb ./Drivers/STM32C0xx_HAL_Driver/Src/stm32c0xx_hal.o
 .debug_abbrev  0x0000121e      0x2b7 ./Drivers/STM32C0xx_HAL_Driver/Src/stm32c0xx_hal_cortex.o
 .debug_abbrev  0x000014d5      0x1d6 ./Drivers/STM32C0xx_HAL_Driver/Src/stm32c0xx_hal_gpio.o
 .debug_abbrev  0x000016ab      0x28b ./Drivers/STM32C0xx_HAL_Driver/Src/stm32c0xx_hal_rcc.o
 .debug_abbrev  0x00001936       0xdf ./Middlewares/Third_Party/QuantumLeaps_RTEF_qpc/ports/arm-cm/qk/gnu/qk_port.o
 .debug_abbrev  0x00001a15      0x2d2 ./Middlewares/Third_Party/QuantumLeaps_RTEF_qpc/src/qf/qep_hsm.o
 .debug_abbrev  0x00001ce7      0x18b ./Middlewares/Third_Party/QuantumLeaps_RTEF_qpc/src/qf/qf_act.o
 .debug_abbrev  0x00001e72      0x39f ./Middlewares/Third_Party/QuantumLeaps_RTEF_qpc/src/qf/qf_actq.o
 .debug_abbrev  0x00002211      0x252 ./Middlewares/Third_Party/QuantumLeaps_RTEF_qpc/src/qf/qf_dyn.o
 .debug_abbrev  0x00002463      0x18c ./Middlewares/Third_Party/QuantumLeaps_RTEF_qpc/src/qf/qf_mem.o
 .debug_abbrev  0x000025ef      0x33f ./Middlewares/Third_Party/QuantumLeaps_RTEF_qpc/src/qf/qf_ps.o
 .debug_abbrev  0x0000292e      0x2ee ./Middlewares/Third_Party/QuantumLeaps_RTEF_qpc/src/qf/qf_qact.o
 .debug_abbrev  0x00002c1c      0x1e7 ./Middlewares/Third_Party/QuantumLeaps_RTEF_qpc/src/qf/qf_qeq.o
 .debug_abbrev  0x00002e03      0x33a ./Middlewares/Third_Party/QuantumLeaps_RTEF_qpc/src/qf/qf_time.o
 .debug_abbrev  0x0000313d      0x35e ./Middlewares/Third_Party/QuantumLeaps_RTEF_qpc/src/qk/qk.o

.debug_aranges  0x00000000      0x910
 .debug_aranges
                0x00000000       0xb8 ./Core/Src/bsp.o
 .debug_aranges
                0x000000b8       0x38 ./Core/Src/main.o
 .debug_aranges
                0x000000f0       0x50 ./Core/Src/philo.o
 .debug_aranges
                0x00000140       0x20 ./Core/Src/stm32c0xx_hal_msp.o
 .debug_aranges
                0x00000160       0x30 ./Core/Src/stm32c0xx_it.o
 .debug_aranges
                0x00000190       0x28 ./Core/Src/system_stm32c0xx.o
 .debug_aranges
                0x000001b8       0x50 ./Core/Src/table.o
 .debug_aranges
                0x00000208       0x28 ./Core/Startup/startup_stm32c031c6tx.o
 .debug_aranges
                0x00000230      0x100 ./Drivers/STM32C0xx_HAL_Driver/Src/stm32c0xx_hal.o
 .debug_aranges
                0x00000330       0xe8 ./Drivers/STM32C0xx_HAL_Driver/Src/stm32c0xx_hal_cortex.o
 .debug_aranges
                0x00000418       0x68 ./Drivers/STM32C0xx_HAL_Driver/Src/stm32c0xx_hal_gpio.o
 .debug_aranges
                0x00000480       0xa0 ./Drivers/STM32C0xx_HAL_Driver/Src/stm32c0xx_hal_rcc.o
 .debug_aranges
                0x00000520       0x60 ./Middlewares/Third_Party/QuantumLeaps_RTEF_qpc/ports/arm-cm/qk/gnu/qk_port.o
 .debug_aranges
                0x00000580       0x70 ./Middlewares/Third_Party/QuantumLeaps_RTEF_qpc/src/qf/qep_hsm.o
 .debug_aranges
                0x000005f0       0x38 ./Middlewares/Third_Party/QuantumLeaps_RTEF_qpc/src/qf/qf_act.o
 .debug_aranges
                0x00000628       0x70 ./Middlewares/Third_Party/QuantumLeaps_RTEF_qpc/src/qf/qf_actq.o
 .debug_aranges
                0x00000698       0x60 ./Middlewares/Third_Party/QuantumLeaps_RTEF_qpc/src/qf/qf_dyn.o
 .debug_aranges
                0x000006f8       0x48 ./Middlewares/Third_Party/QuantumLeaps_RTEF_qpc/src/qf/qf_mem.o
 .debug_aranges
                0x00000740       0x48 ./Middlewares/Third_Party/QuantumLeaps_RTEF_qpc/src/qf/qf_ps.o
 .debug_aranges
                0x00000788       0x68 ./Middlewares/Third_Party/QuantumLeaps_RTEF_qpc/src/qf/qf_qact.o
 .debug_aranges
                0x000007f0       0x58 ./Middlewares/Third_Party/QuantumLeaps_RTEF_qpc/src/qf/qf_qeq.o
 .debug_aranges
                0x00000848       0x68 ./Middlewares/Third_Party/QuantumLeaps_RTEF_qpc/src/qf/qf_time.o
 .debug_aranges
                0x000008b0       0x60 ./Middlewares/Third_Party/QuantumLeaps_RTEF_qpc/src/qk/qk.o

.debug_rnglists
                0x00000000      0x6a5
 .debug_rnglists
                0x00000000       0x89 ./Core/Src/bsp.o
 .debug_rnglists
                0x00000089       0x27 ./Core/Src/main.o
 .debug_rnglists
                0x000000b0       0x3a ./Core/Src/philo.o
 .debug_rnglists
                0x000000ea       0x13 ./Core/Src/stm32c0xx_hal_msp.o
 .debug_rnglists
                0x000000fd       0x1f ./Core/Src/stm32c0xx_it.o
 .debug_rnglists
                0x0000011c       0x1a ./Core/Src/system_stm32c0xx.o
 .debug_rnglists
                0x00000136       0x3a ./Core/Src/table.o
 .debug_rnglists
                0x00000170       0x19 ./Core/Startup/startup_stm32c031c6tx.o
 .debug_rnglists
                0x00000189       0xbc ./Drivers/STM32C0xx_HAL_Driver/Src/stm32c0xx_hal.o
 .debug_rnglists
                0x00000245       0xaa ./Drivers/STM32C0xx_HAL_Driver/Src/stm32c0xx_hal_cortex.o
 .debug_rnglists
                0x000002ef       0x4b ./Drivers/STM32C0xx_HAL_Driver/Src/stm32c0xx_hal_gpio.o
 .debug_rnglists
                0x0000033a       0x78 ./Drivers/STM32C0xx_HAL_Driver/Src/stm32c0xx_hal_rcc.o
 .debug_rnglists
                0x000003b2       0x43 ./Middlewares/Third_Party/QuantumLeaps_RTEF_qpc/ports/arm-cm/qk/gnu/qk_port.o
 .debug_rnglists
                0x000003f5       0x56 ./Middlewares/Third_Party/QuantumLeaps_RTEF_qpc/src/qf/qep_hsm.o
 .debug_rnglists
                0x0000044b       0x25 ./Middlewares/Third_Party/QuantumLeaps_RTEF_qpc/src/qf/qf_act.o
 .debug_rnglists
                0x00000470       0x55 ./Middlewares/Third_Party/QuantumLeaps_RTEF_qpc/src/qf/qf_actq.o
 .debug_rnglists
                0x000004c5       0x4a ./Middlewares/Third_Party/QuantumLeaps_RTEF_qpc/src/qf/qf_dyn.o
 .debug_rnglists
                0x0000050f       0x34 ./Middlewares/Third_Party/QuantumLeaps_RTEF_qpc/src/qf/qf_mem.o
 .debug_rnglists
                0x00000543       0x36 ./Middlewares/Third_Party/QuantumLeaps_RTEF_qpc/src/qf/qf_ps.o
 .debug_rnglists
                0x00000579       0x4a ./Middlewares/Third_Party/QuantumLeaps_RTEF_qpc/src/qf/qf_qact.o
 .debug_rnglists
                0x000005c3       0x40 ./Middlewares/Third_Party/QuantumLeaps_RTEF_qpc/src/qf/qf_qeq.o
 .debug_rnglists
                0x00000603       0x5c ./Middlewares/Third_Party/QuantumLeaps_RTEF_qpc/src/qf/qf_time.o
 .debug_rnglists
                0x0000065f       0x46 ./Middlewares/Third_Party/QuantumLeaps_RTEF_qpc/src/qk/qk.o

.debug_macro    0x00000000    0x12b42
 .debug_macro   0x00000000      0x232 ./Core/Src/bsp.o
 .debug_macro   0x00000232      0xaae ./Core/Src/bsp.o
 .debug_macro   0x00000ce0       0x22 ./Core/Src/bsp.o
 .debug_macro   0x00000d02       0x8e ./Core/Src/bsp.o
 .debug_macro   0x00000d90       0x51 ./Core/Src/bsp.o
 .debug_macro   0x00000de1      0x103 ./Core/Src/bsp.o
 .debug_macro   0x00000ee4       0x6a ./Core/Src/bsp.o
 .debug_macro   0x00000f4e      0x1df ./Core/Src/bsp.o
 .debug_macro   0x0000112d       0x22 ./Core/Src/bsp.o
 .debug_macro   0x0000114f       0x51 ./Core/Src/bsp.o
 .debug_macro   0x000011a0       0x72 ./Core/Src/bsp.o
 .debug_macro   0x00001212       0x10 ./Core/Src/bsp.o
 .debug_macro   0x00001222      0x1a0 ./Core/Src/bsp.o
 .debug_macro   0x000013c2       0xb6 ./Core/Src/bsp.o
 .debug_macro   0x00001478      0x112 ./Core/Src/bsp.o
 .debug_macro   0x0000158a       0x6f ./Core/Src/bsp.o
 .debug_macro   0x000015f9       0x10 ./Core/Src/bsp.o
 .debug_macro   0x00001609       0x10 ./Core/Src/bsp.o
 .debug_macro   0x00001619       0x2e ./Core/Src/bsp.o
 .debug_macro   0x00001647       0x28 ./Core/Src/bsp.o
 .debug_macro   0x0000166f       0x1c ./Core/Src/bsp.o
 .debug_macro   0x0000168b       0x22 ./Core/Src/bsp.o
 .debug_macro   0x000016ad       0xd1 ./Core/Src/bsp.o
 .debug_macro   0x0000177e      0x4da ./Core/Src/bsp.o
 .debug_macro   0x00001c58      0x11f ./Core/Src/bsp.o
 .debug_macro   0x00001d77     0x93cf ./Core/Src/bsp.o
 .debug_macro   0x0000b146       0x6d ./Core/Src/bsp.o
 .debug_macro   0x0000b1b3      0x175 ./Core/Src/bsp.o
 .debug_macro   0x0000b328       0xdd ./Core/Src/bsp.o
 .debug_macro   0x0000b405     0x3440 ./Core/Src/bsp.o
 .debug_macro   0x0000e845      0x190 ./Core/Src/bsp.o
 .debug_macro   0x0000e9d5       0x5b ./Core/Src/bsp.o
 .debug_macro   0x0000ea30      0x366 ./Core/Src/bsp.o
 .debug_macro   0x0000ed96      0xb47 ./Core/Src/bsp.o
 .debug_macro   0x0000f8dd      0x145 ./Core/Src/bsp.o
 .debug_macro   0x0000fa22      0x15f ./Core/Src/bsp.o
 .debug_macro   0x0000fb81      0x19d ./Core/Src/bsp.o
 .debug_macro   0x0000fd1e      0x264 ./Core/Src/bsp.o
 .debug_macro   0x0000ff82      0x17e ./Core/Src/bsp.o
 .debug_macro   0x00010100       0x43 ./Core/Src/bsp.o
 .debug_macro   0x00010143      0x1f1 ./Core/Src/bsp.o
 .debug_macro   0x00010334      0x1b1 ./Core/Src/bsp.o
 .debug_macro   0x000104e5      0x37c ./Core/Src/bsp.o
 .debug_macro   0x00010861       0x28 ./Core/Src/bsp.o
 .debug_macro   0x00010889       0xb3 ./Core/Src/bsp.o
 .debug_macro   0x0001093c      0x104 ./Core/Src/bsp.o
 .debug_macro   0x00010a40       0xf6 ./Core/Src/bsp.o
 .debug_macro   0x00010b36      0x3a9 ./Core/Src/bsp.o
 .debug_macro   0x00010edf      0x22c ./Core/Src/main.o
 .debug_macro   0x0001110b       0x82 ./Core/Src/main.o
 .debug_macro   0x0001118d       0xe1 ./Core/Src/philo.o
 .debug_macro   0x0001126e      0x1b7 ./Core/Src/stm32c0xx_hal_msp.o
 .debug_macro   0x00011425      0x22d ./Core/Src/stm32c0xx_it.o
 .debug_macro   0x00011652      0x1ae ./Core/Src/system_stm32c0xx.o
 .debug_macro   0x00011800       0xff ./Core/Src/table.o
 .debug_macro   0x000118ff      0x1c6 ./Drivers/STM32C0xx_HAL_Driver/Src/stm32c0xx_hal.o
 .debug_macro   0x00011ac5      0x1a8 ./Drivers/STM32C0xx_HAL_Driver/Src/stm32c0xx_hal_cortex.o
 .debug_macro   0x00011c6d      0x1dd ./Drivers/STM32C0xx_HAL_Driver/Src/stm32c0xx_hal_gpio.o
 .debug_macro   0x00011e4a      0x1d8 ./Drivers/STM32C0xx_HAL_Driver/Src/stm32c0xx_hal_rcc.o
 .debug_macro   0x00012022       0xf2 ./Middlewares/Third_Party/QuantumLeaps_RTEF_qpc/ports/arm-cm/qk/gnu/qk_port.o
 .debug_macro   0x00012114       0x58 ./Middlewares/Third_Party/QuantumLeaps_RTEF_qpc/ports/arm-cm/qk/gnu/qk_port.o
 .debug_macro   0x0001216c       0xf8 ./Middlewares/Third_Party/QuantumLeaps_RTEF_qpc/src/qf/qep_hsm.o
 .debug_macro   0x00012264       0xce ./Middlewares/Third_Party/QuantumLeaps_RTEF_qpc/src/qf/qf_act.o
 .debug_macro   0x00012332       0x1c ./Middlewares/Third_Party/QuantumLeaps_RTEF_qpc/src/qf/qf_act.o
 .debug_macro   0x0001234e      0x184 ./Middlewares/Third_Party/QuantumLeaps_RTEF_qpc/src/qf/qf_act.o
 .debug_macro   0x000124d2       0xce ./Middlewares/Third_Party/QuantumLeaps_RTEF_qpc/src/qf/qf_actq.o
 .debug_macro   0x000125a0       0xce ./Middlewares/Third_Party/QuantumLeaps_RTEF_qpc/src/qf/qf_dyn.o
 .debug_macro   0x0001266e       0xce ./Middlewares/Third_Party/QuantumLeaps_RTEF_qpc/src/qf/qf_mem.o
 .debug_macro   0x0001273c       0xce ./Middlewares/Third_Party/QuantumLeaps_RTEF_qpc/src/qf/qf_ps.o
 .debug_macro   0x0001280a       0xce ./Middlewares/Third_Party/QuantumLeaps_RTEF_qpc/src/qf/qf_qact.o
 .debug_macro   0x000128d8       0xce ./Middlewares/Third_Party/QuantumLeaps_RTEF_qpc/src/qf/qf_qeq.o
 .debug_macro   0x000129a6       0xce ./Middlewares/Third_Party/QuantumLeaps_RTEF_qpc/src/qf/qf_time.o
 .debug_macro   0x00012a74       0xce ./Middlewares/Third_Party/QuantumLeaps_RTEF_qpc/src/qk/qk.o

.debug_line     0x00000000     0xbc69
 .debug_line    0x00000000      0xbce ./Core/Src/bsp.o
 .debug_line    0x00000bce      0x8fd ./Core/Src/main.o
 .debug_line    0x000014cb      0x700 ./Core/Src/philo.o
 .debug_line    0x00001bcb      0x707 ./Core/Src/stm32c0xx_hal_msp.o
 .debug_line    0x000022d2      0x883 ./Core/Src/stm32c0xx_it.o
 .debug_line    0x00002b55      0x75e ./Core/Src/system_stm32c0xx.o
 .debug_line    0x000032b3      0x8a6 ./Core/Src/table.o
 .debug_line    0x00003b59       0x7d ./Core/Startup/startup_stm32c031c6tx.o
 .debug_line    0x00003bd6      0xa3e ./Drivers/STM32C0xx_HAL_Driver/Src/stm32c0xx_hal.o
 .debug_line    0x00004614      0xb59 ./Drivers/STM32C0xx_HAL_Driver/Src/stm32c0xx_hal_cortex.o
 .debug_line    0x0000516d      0xb56 ./Drivers/STM32C0xx_HAL_Driver/Src/stm32c0xx_hal_gpio.o
 .debug_line    0x00005cc3      0xd61 ./Drivers/STM32C0xx_HAL_Driver/Src/stm32c0xx_hal_rcc.o
 .debug_line    0x00006a24      0x5eb ./Middlewares/Third_Party/QuantumLeaps_RTEF_qpc/ports/arm-cm/qk/gnu/qk_port.o
 .debug_line    0x0000700f      0x8ee ./Middlewares/Third_Party/QuantumLeaps_RTEF_qpc/src/qf/qep_hsm.o
 .debug_line    0x000078fd      0x5ca ./Middlewares/Third_Party/QuantumLeaps_RTEF_qpc/src/qf/qf_act.o
 .debug_line    0x00007ec7      0x8f1 ./Middlewares/Third_Party/QuantumLeaps_RTEF_qpc/src/qf/qf_actq.o
 .debug_line    0x000087b8      0x7d5 ./Middlewares/Third_Party/QuantumLeaps_RTEF_qpc/src/qf/qf_dyn.o
 .debug_line    0x00008f8d      0x72f ./Middlewares/Third_Party/QuantumLeaps_RTEF_qpc/src/qf/qf_mem.o
 .debug_line    0x000096bc      0x78b ./Middlewares/Third_Party/QuantumLeaps_RTEF_qpc/src/qf/qf_ps.o
 .debug_line    0x00009e47      0x72d ./Middlewares/Third_Party/QuantumLeaps_RTEF_qpc/src/qf/qf_qact.o
 .debug_line    0x0000a574      0x75d ./Middlewares/Third_Party/QuantumLeaps_RTEF_qpc/src/qf/qf_qeq.o
 .debug_line    0x0000acd1      0x7db ./Middlewares/Third_Party/QuantumLeaps_RTEF_qpc/src/qf/qf_time.o
 .debug_line    0x0000b4ac      0x7bd ./Middlewares/Third_Party/QuantumLeaps_RTEF_qpc/src/qk/qk.o

.debug_str      0x00000000    0x6f521
 .debug_str     0x00000000    0x6f521 ./Core/Src/bsp.o
                              0x6d474 (size before relaxing)
 .debug_str     0x0006f521    0x6d382 ./Core/Src/main.o
 .debug_str     0x0006f521     0x61a2 ./Core/Src/philo.o
 .debug_str     0x0006f521    0x6ae07 ./Core/Src/stm32c0xx_hal_msp.o
 .debug_str     0x0006f521    0x6ceaa ./Core/Src/stm32c0xx_it.o
 .debug_str     0x0006f521    0x6ac41 ./Core/Src/system_stm32c0xx.o
 .debug_str     0x0006f521     0x61a1 ./Core/Src/table.o
 .debug_str     0x0006f521       0x7c ./Core/Startup/startup_stm32c031c6tx.o
 .debug_str     0x0006f521    0x6b237 ./Drivers/STM32C0xx_HAL_Driver/Src/stm32c0xx_hal.o
 .debug_str     0x0006f521    0x6b05a ./Drivers/STM32C0xx_HAL_Driver/Src/stm32c0xx_hal_cortex.o
 .debug_str     0x0006f521    0x6ae39 ./Drivers/STM32C0xx_HAL_Driver/Src/stm32c0xx_hal_gpio.o
 .debug_str     0x0006f521    0x6b22c ./Drivers/STM32C0xx_HAL_Driver/Src/stm32c0xx_hal_rcc.o
 .debug_str     0x0006f521     0x59b8 ./Middlewares/Third_Party/QuantumLeaps_RTEF_qpc/ports/arm-cm/qk/gnu/qk_port.o
 .debug_str     0x0006f521     0x5ca1 ./Middlewares/Third_Party/QuantumLeaps_RTEF_qpc/src/qf/qep_hsm.o
 .debug_str     0x0006f521     0x602e ./Middlewares/Third_Party/QuantumLeaps_RTEF_qpc/src/qf/qf_act.o
 .debug_str     0x0006f521     0x6372 ./Middlewares/Third_Party/QuantumLeaps_RTEF_qpc/src/qf/qf_actq.o
 .debug_str     0x0006f521     0x619a ./Middlewares/Third_Party/QuantumLeaps_RTEF_qpc/src/qf/qf_dyn.o
 .debug_str     0x0006f521     0x60ad ./Middlewares/Third_Party/QuantumLeaps_RTEF_qpc/src/qf/qf_mem.o
 .debug_str     0x0006f521     0x6346 ./Middlewares/Third_Party/QuantumLeaps_RTEF_qpc/src/qf/qf_ps.o
 .debug_str     0x0006f521     0x62e9 ./Middlewares/Third_Party/QuantumLeaps_RTEF_qpc/src/qf/qf_qact.o
 .debug_str     0x0006f521     0x60e4 ./Middlewares/Third_Party/QuantumLeaps_RTEF_qpc/src/qf/qf_qeq.o
 .debug_str     0x0006f521     0x6295 ./Middlewares/Third_Party/QuantumLeaps_RTEF_qpc/src/qf/qf_time.o
 .debug_str     0x0006f521     0x6372 ./Middlewares/Third_Party/QuantumLeaps_RTEF_qpc/src/qk/qk.o

.comment        0x00000000       0x43
 .comment       0x00000000       0x43 ./Core/Src/bsp.o
                                 0x44 (size before relaxing)
 .comment       0x00000043       0x44 ./Core/Src/main.o
 .comment       0x00000043       0x44 ./Core/Src/philo.o
 .comment       0x00000043       0x44 ./Core/Src/stm32c0xx_hal_msp.o
 .comment       0x00000043       0x44 ./Core/Src/stm32c0xx_it.o
 .comment       0x00000043       0x44 ./Core/Src/system_stm32c0xx.o
 .comment       0x00000043       0x44 ./Core/Src/table.o
 .comment       0x00000043       0x44 ./Drivers/STM32C0xx_HAL_Driver/Src/stm32c0xx_hal.o
 .comment       0x00000043       0x44 ./Drivers/STM32C0xx_HAL_Driver/Src/stm32c0xx_hal_cortex.o
 .comment       0x00000043       0x44 ./Drivers/STM32C0xx_HAL_Driver/Src/stm32c0xx_hal_gpio.o
 .comment       0x00000043       0x44 ./Drivers/STM32C0xx_HAL_Driver/Src/stm32c0xx_hal_rcc.o
 .comment       0x00000043       0x44 ./Middlewares/Third_Party/QuantumLeaps_RTEF_qpc/ports/arm-cm/qk/gnu/qk_port.o
 .comment       0x00000043       0x44 ./Middlewares/Third_Party/QuantumLeaps_RTEF_qpc/src/qf/qep_hsm.o
 .comment       0x00000043       0x44 ./Middlewares/Third_Party/QuantumLeaps_RTEF_qpc/src/qf/qf_act.o
 .comment       0x00000043       0x44 ./Middlewares/Third_Party/QuantumLeaps_RTEF_qpc/src/qf/qf_actq.o
 .comment       0x00000043       0x44 ./Middlewares/Third_Party/QuantumLeaps_RTEF_qpc/src/qf/qf_dyn.o
 .comment       0x00000043       0x44 ./Middlewares/Third_Party/QuantumLeaps_RTEF_qpc/src/qf/qf_mem.o
 .comment       0x00000043       0x44 ./Middlewares/Third_Party/QuantumLeaps_RTEF_qpc/src/qf/qf_ps.o
 .comment       0x00000043       0x44 ./Middlewares/Third_Party/QuantumLeaps_RTEF_qpc/src/qf/qf_qact.o
 .comment       0x00000043       0x44 ./Middlewares/Third_Party/QuantumLeaps_RTEF_qpc/src/qf/qf_qeq.o
 .comment       0x00000043       0x44 ./Middlewares/Third_Party/QuantumLeaps_RTEF_qpc/src/qf/qf_time.o
 .comment       0x00000043       0x44 ./Middlewares/Third_Party/QuantumLeaps_RTEF_qpc/src/qk/qk.o

.debug_frame    0x00000000     0x1bf8
 .debug_frame   0x00000000      0x274 ./Core/Src/bsp.o
 .debug_frame   0x00000274       0x88 ./Core/Src/main.o
 .debug_frame   0x000002fc       0xe8 ./Core/Src/philo.o
 .debug_frame   0x000003e4       0x30 ./Core/Src/stm32c0xx_hal_msp.o
 .debug_frame   0x00000414       0x64 ./Core/Src/stm32c0xx_it.o
 .debug_frame   0x00000478       0x4c ./Core/Src/system_stm32c0xx.o
 .debug_frame   0x000004c4       0xf8 ./Core/Src/table.o
 .debug_frame   0x000005bc      0x368 ./Drivers/STM32C0xx_HAL_Driver/Src/stm32c0xx_hal.o
 .debug_frame   0x00000924      0x33c ./Drivers/STM32C0xx_HAL_Driver/Src/stm32c0xx_hal_cortex.o
 .debug_frame   0x00000c60      0x150 ./Drivers/STM32C0xx_HAL_Driver/Src/stm32c0xx_hal_gpio.o
 .debug_frame   0x00000db0      0x214 ./Drivers/STM32C0xx_HAL_Driver/Src/stm32c0xx_hal_rcc.o
 .debug_frame   0x00000fc4       0xac ./Middlewares/Third_Party/QuantumLeaps_RTEF_qpc/ports/arm-cm/qk/gnu/qk_port.o
 .debug_frame   0x00001070      0x170 ./Middlewares/Third_Party/QuantumLeaps_RTEF_qpc/src/qf/qep_hsm.o
 .debug_frame   0x000011e0       0x90 ./Middlewares/Third_Party/QuantumLeaps_RTEF_qpc/src/qf/qf_act.o
 .debug_frame   0x00001270      0x170 ./Middlewares/Third_Party/QuantumLeaps_RTEF_qpc/src/qf/qf_actq.o
 .debug_frame   0x000013e0      0x130 ./Middlewares/Third_Party/QuantumLeaps_RTEF_qpc/src/qf/qf_dyn.o
 .debug_frame   0x00001510       0xd0 ./Middlewares/Third_Party/QuantumLeaps_RTEF_qpc/src/qf/qf_mem.o
 .debug_frame   0x000015e0       0xd4 ./Middlewares/Third_Party/QuantumLeaps_RTEF_qpc/src/qf/qf_ps.o
 .debug_frame   0x000016b4      0x150 ./Middlewares/Third_Party/QuantumLeaps_RTEF_qpc/src/qf/qf_qact.o
 .debug_frame   0x00001804      0x110 ./Middlewares/Third_Party/QuantumLeaps_RTEF_qpc/src/qf/qf_qeq.o
 .debug_frame   0x00001914      0x150 ./Middlewares/Third_Party/QuantumLeaps_RTEF_qpc/src/qf/qf_time.o
 .debug_frame   0x00001a64      0x128 ./Middlewares/Third_Party/QuantumLeaps_RTEF_qpc/src/qk/qk.o
 .debug_frame   0x00001b8c       0x20 M:/embedded/IDE/STM32CubeIDE_1.19.0/STM32CubeIDE/plugins/com.st.stm32cube.ide.mcu.externaltools.gnu-tools-for-stm32.13.3.rel1.win32_1.0.0.202411081344/tools/bin/../lib/gcc/arm-none-eabi/13.3.1/../../../../arm-none-eabi/lib/thumb/v6-m/nofp\libc_nano.a(libc_a-memset.o)
 .debug_frame   0x00001bac       0x2c M:/embedded/IDE/STM32CubeIDE_1.19.0/STM32CubeIDE/plugins/com.st.stm32cube.ide.mcu.externaltools.gnu-tools-for-stm32.13.3.rel1.win32_1.0.0.202411081344/tools/bin/../lib/gcc/arm-none-eabi/13.3.1/../../../../arm-none-eabi/lib/thumb/v6-m/nofp\libc_nano.a(libc_a-init.o)
 .debug_frame   0x00001bd8       0x20 M:/embedded/IDE/STM32CubeIDE_1.19.0/STM32CubeIDE/plugins/com.st.stm32cube.ide.mcu.externaltools.gnu-tools-for-stm32.13.3.rel1.win32_1.0.0.202411081344/tools/bin/../lib/gcc/arm-none-eabi/13.3.1/thumb/v6-m/nofp\libgcc.a(_udivsi3.o)

.debug_line_str
                0x00000000       0x60
 .debug_line_str
                0x00000000       0x60 ./Core/Startup/startup_stm32c031c6tx.o
